

================================================================
== Vitis HLS Report for 'mmult_hw'
================================================================
* Date:           Sat Mar 19 21:14:16 2022

* Version:        2020.2 (Build 3064766 on Wed Nov 18 09:12:47 MST 2020)
* Project:        accel
* Solution:       solution0 (Vivado IP Flow Target)
* Product family: zynq
* Target device:  xc7z020-clg484-1


================================================================
== Performance Estimates
================================================================
+ Timing: 
    * Summary: 
    +--------+----------+----------+------------+
    |  Clock |  Target  | Estimated| Uncertainty|
    +--------+----------+----------+------------+
    |ap_clk  |  10.00 ns|  8.592 ns|     1.25 ns|
    +--------+----------+----------+------------+

+ Latency: 
    * Summary: 
    +---------+---------+----------+----------+--------+--------+---------+
    |  Latency (cycles) |  Latency (absolute) |     Interval    | Pipeline|
    |   min   |   max   |    min   |    max   |   min  |   max  |   Type  |
    +---------+---------+----------+----------+--------+--------+---------+
    |   632682|   632682|  6.327 ms|  6.327 ms|  632683|  632683|     none|
    +---------+---------+----------+----------+--------+--------+---------+

    + Detail: 
        * Instance: 
        N/A

        * Loop: 
        +---------------------+---------+---------+----------+-----------+-----------+------+----------+
        |                     |  Latency (cycles) | Iteration|  Initiation Interval  | Trip |          |
        |      Loop Name      |   min   |   max   |  Latency |  achieved |   target  | Count| Pipelined|
        +---------------------+---------+---------+----------+-----------+-----------+------+----------+
        |- VITIS_LOOP_42_1    |       10|       10|         2|          1|          1|    10|       yes|
        |- LOAD_WEIGHT1       |       64|       64|         2|          2|          1|    32|       yes|
        |- LOAD_WEIGHT2       |       10|       10|         1|          1|          1|    10|       yes|
        |- LT                 |   632576|   632576|      2471|          -|          -|   256|        no|
        | + LOAD_INPUT        |       32|       32|         1|          1|          1|    32|       yes|
        | + FORWARD_COMPUTE   |     2400|     2400|        75|          -|          -|    32|        no|
        |  ++ COMPUTE_HIDDEN  |       37|       37|         7|          1|          1|    32|       yes|
        |  ++ COMPUTE_OUTPUT  |       16|       16|         8|          1|          1|    10|       yes|
        | + STORE_OUTPUT      |       33|       33|         3|          1|          1|    32|       yes|
        +---------------------+---------+---------+----------+-----------+-----------+------+----------+



================================================================
== Utilization Estimates
================================================================
* Summary: 
+-----------------+---------+-----+--------+-------+-----+
|       Name      | BRAM_18K| DSP |   FF   |  LUT  | URAM|
+-----------------+---------+-----+--------+-------+-----+
|DSP              |        -|   49|       -|      -|    -|
|Expression       |        -|    -|       0|  21823|    -|
|FIFO             |        -|    -|       -|      -|    -|
|Instance         |        0|    0|      36|   1967|    -|
|Memory           |      137|    -|    1584|    330|    -|
|Multiplexer      |        -|    -|       -|   3174|    -|
|Register         |        -|    -|    1378|    160|    -|
+-----------------+---------+-----+--------+-------+-----+
|Total            |      137|   49|    2998|  27454|    0|
+-----------------+---------+-----+--------+-------+-----+
|Available        |      280|  220|  106400|  53200|    0|
+-----------------+---------+-----+--------+-------+-----+
|Utilization (%)  |       48|   22|       2|     51|    0|
+-----------------+---------+-----+--------+-------+-----+

+ Detail: 
    * Instance: 
    +----------------------+-------------------+---------+----+----+----+-----+
    |       Instance       |       Module      | BRAM_18K| DSP| FF | LUT| URAM|
    +----------------------+-------------------+---------+----+----+----+-----+
    |CONTROL_BUS_s_axi_U   |CONTROL_BUS_s_axi  |        0|   0|  36|  40|    0|
    |mul_8s_4ns_8_1_1_U1   |mul_8s_4ns_8_1_1   |        0|   0|   0|  41|    0|
    |mul_8s_4ns_8_1_1_U2   |mul_8s_4ns_8_1_1   |        0|   0|   0|  41|    0|
    |mul_8s_4ns_8_1_1_U3   |mul_8s_4ns_8_1_1   |        0|   0|   0|  41|    0|
    |mul_8s_4ns_8_1_1_U4   |mul_8s_4ns_8_1_1   |        0|   0|   0|  41|    0|
    |mul_8s_4ns_8_1_1_U5   |mul_8s_4ns_8_1_1   |        0|   0|   0|  41|    0|
    |mul_8s_4ns_8_1_1_U6   |mul_8s_4ns_8_1_1   |        0|   0|   0|  41|    0|
    |mul_8s_4ns_8_1_1_U7   |mul_8s_4ns_8_1_1   |        0|   0|   0|  41|    0|
    |mul_8s_4ns_8_1_1_U8   |mul_8s_4ns_8_1_1   |        0|   0|   0|  41|    0|
    |mul_8s_4ns_8_1_1_U9   |mul_8s_4ns_8_1_1   |        0|   0|   0|  41|    0|
    |mul_8s_4ns_8_1_1_U10  |mul_8s_4ns_8_1_1   |        0|   0|   0|  41|    0|
    |mul_8s_4ns_8_1_1_U11  |mul_8s_4ns_8_1_1   |        0|   0|   0|  41|    0|
    |mul_8s_4ns_8_1_1_U12  |mul_8s_4ns_8_1_1   |        0|   0|   0|  41|    0|
    |mul_8s_4ns_8_1_1_U13  |mul_8s_4ns_8_1_1   |        0|   0|   0|  41|    0|
    |mul_8s_4ns_8_1_1_U14  |mul_8s_4ns_8_1_1   |        0|   0|   0|  41|    0|
    |mul_8s_4ns_8_1_1_U15  |mul_8s_4ns_8_1_1   |        0|   0|   0|  41|    0|
    |mul_8s_4ns_8_1_1_U16  |mul_8s_4ns_8_1_1   |        0|   0|   0|  41|    0|
    |mul_8s_4ns_8_1_1_U17  |mul_8s_4ns_8_1_1   |        0|   0|   0|  41|    0|
    |mul_8s_4ns_8_1_1_U18  |mul_8s_4ns_8_1_1   |        0|   0|   0|  41|    0|
    |mul_8s_4ns_8_1_1_U19  |mul_8s_4ns_8_1_1   |        0|   0|   0|  41|    0|
    |mul_8s_4ns_8_1_1_U20  |mul_8s_4ns_8_1_1   |        0|   0|   0|  41|    0|
    |mul_8s_4ns_8_1_1_U21  |mul_8s_4ns_8_1_1   |        0|   0|   0|  41|    0|
    |mul_8s_4ns_8_1_1_U22  |mul_8s_4ns_8_1_1   |        0|   0|   0|  41|    0|
    |mul_8s_4ns_8_1_1_U23  |mul_8s_4ns_8_1_1   |        0|   0|   0|  41|    0|
    |mul_8s_4ns_8_1_1_U24  |mul_8s_4ns_8_1_1   |        0|   0|   0|  41|    0|
    |mul_8s_4ns_8_1_1_U25  |mul_8s_4ns_8_1_1   |        0|   0|   0|  41|    0|
    |mul_8s_4ns_8_1_1_U26  |mul_8s_4ns_8_1_1   |        0|   0|   0|  41|    0|
    |mul_8s_4ns_8_1_1_U27  |mul_8s_4ns_8_1_1   |        0|   0|   0|  41|    0|
    |mul_8s_4ns_8_1_1_U28  |mul_8s_4ns_8_1_1   |        0|   0|   0|  41|    0|
    |mul_8s_4ns_8_1_1_U29  |mul_8s_4ns_8_1_1   |        0|   0|   0|  41|    0|
    |mul_8s_4ns_8_1_1_U30  |mul_8s_4ns_8_1_1   |        0|   0|   0|  41|    0|
    |mul_8s_4ns_8_1_1_U31  |mul_8s_4ns_8_1_1   |        0|   0|   0|  41|    0|
    |mul_8s_4ns_8_1_1_U32  |mul_8s_4ns_8_1_1   |        0|   0|   0|  41|    0|
    |mul_8s_8s_8_1_1_U33   |mul_8s_8s_8_1_1    |        0|   0|   0|  41|    0|
    |mul_8s_8s_8_1_1_U34   |mul_8s_8s_8_1_1    |        0|   0|   0|  41|    0|
    |mul_8s_8s_8_1_1_U35   |mul_8s_8s_8_1_1    |        0|   0|   0|  41|    0|
    |mul_8s_8s_8_1_1_U36   |mul_8s_8s_8_1_1    |        0|   0|   0|  41|    0|
    |mul_8s_8s_8_1_1_U37   |mul_8s_8s_8_1_1    |        0|   0|   0|  41|    0|
    |mul_8s_8s_8_1_1_U38   |mul_8s_8s_8_1_1    |        0|   0|   0|  41|    0|
    |mul_8s_8s_8_1_1_U39   |mul_8s_8s_8_1_1    |        0|   0|   0|  41|    0|
    |mul_8s_8s_8_1_1_U40   |mul_8s_8s_8_1_1    |        0|   0|   0|  41|    0|
    |mul_8s_8s_8_1_1_U41   |mul_8s_8s_8_1_1    |        0|   0|   0|  41|    0|
    |mul_8s_8s_8_1_1_U42   |mul_8s_8s_8_1_1    |        0|   0|   0|  41|    0|
    |mul_8s_8s_8_1_1_U43   |mul_8s_8s_8_1_1    |        0|   0|   0|  41|    0|
    |mul_8s_8s_8_1_1_U44   |mul_8s_8s_8_1_1    |        0|   0|   0|  41|    0|
    |mul_8s_8s_8_1_1_U45   |mul_8s_8s_8_1_1    |        0|   0|   0|  41|    0|
    |mul_8s_8s_8_1_1_U46   |mul_8s_8s_8_1_1    |        0|   0|   0|  41|    0|
    |mul_8s_8s_8_1_1_U47   |mul_8s_8s_8_1_1    |        0|   0|   0|  41|    0|
    +----------------------+-------------------+---------+----+----+----+-----+
    |Total                 |                   |        0|   0|  36|1967|    0|
    +----------------------+-------------------+---------+----+----+----+-----+

    * DSP: 
    +---------------------------------+-----------------------------+--------------+
    |             Instance            |            Module           |  Expression  |
    +---------------------------------+-----------------------------+--------------+
    |mac_muladd_8s_4ns_8ns_8_4_1_U48  |mac_muladd_8s_4ns_8ns_8_4_1  |  i0 + i1 * i2|
    |mac_muladd_8s_4ns_8ns_8_4_1_U49  |mac_muladd_8s_4ns_8ns_8_4_1  |  i0 + i1 * i2|
    |mac_muladd_8s_4ns_8ns_8_4_1_U50  |mac_muladd_8s_4ns_8ns_8_4_1  |  i0 + i1 * i2|
    |mac_muladd_8s_4ns_8ns_8_4_1_U51  |mac_muladd_8s_4ns_8ns_8_4_1  |  i0 + i1 * i2|
    |mac_muladd_8s_4ns_8ns_8_4_1_U52  |mac_muladd_8s_4ns_8ns_8_4_1  |  i0 + i1 * i2|
    |mac_muladd_8s_4ns_8ns_8_4_1_U53  |mac_muladd_8s_4ns_8ns_8_4_1  |  i0 + i1 * i2|
    |mac_muladd_8s_4ns_8ns_8_4_1_U54  |mac_muladd_8s_4ns_8ns_8_4_1  |  i0 + i1 * i2|
    |mac_muladd_8s_4ns_8ns_8_4_1_U55  |mac_muladd_8s_4ns_8ns_8_4_1  |  i0 + i1 * i2|
    |mac_muladd_8s_4ns_8ns_8_4_1_U56  |mac_muladd_8s_4ns_8ns_8_4_1  |  i0 + i1 * i2|
    |mac_muladd_8s_4ns_8ns_8_4_1_U57  |mac_muladd_8s_4ns_8ns_8_4_1  |  i0 + i1 * i2|
    |mac_muladd_8s_4ns_8ns_8_4_1_U58  |mac_muladd_8s_4ns_8ns_8_4_1  |  i0 + i1 * i2|
    |mac_muladd_8s_4ns_8ns_8_4_1_U59  |mac_muladd_8s_4ns_8ns_8_4_1  |  i0 + i1 * i2|
    |mac_muladd_8s_4ns_8ns_8_4_1_U60  |mac_muladd_8s_4ns_8ns_8_4_1  |  i0 + i1 * i2|
    |mac_muladd_8s_4ns_8ns_8_4_1_U61  |mac_muladd_8s_4ns_8ns_8_4_1  |  i0 + i1 * i2|
    |mac_muladd_8s_4ns_8ns_8_4_1_U62  |mac_muladd_8s_4ns_8ns_8_4_1  |  i0 + i1 * i2|
    |mac_muladd_8s_4ns_8ns_8_4_1_U63  |mac_muladd_8s_4ns_8ns_8_4_1  |  i0 + i1 * i2|
    |mac_muladd_8s_4ns_8ns_8_4_1_U64  |mac_muladd_8s_4ns_8ns_8_4_1  |  i0 + i1 * i2|
    |mac_muladd_8s_4ns_8ns_8_4_1_U65  |mac_muladd_8s_4ns_8ns_8_4_1  |  i0 + i1 * i2|
    |mac_muladd_8s_4ns_8ns_8_4_1_U66  |mac_muladd_8s_4ns_8ns_8_4_1  |  i0 + i1 * i2|
    |mac_muladd_8s_4ns_8ns_8_4_1_U67  |mac_muladd_8s_4ns_8ns_8_4_1  |  i0 + i1 * i2|
    |mac_muladd_8s_4ns_8ns_8_4_1_U68  |mac_muladd_8s_4ns_8ns_8_4_1  |  i0 + i1 * i2|
    |mac_muladd_8s_4ns_8ns_8_4_1_U69  |mac_muladd_8s_4ns_8ns_8_4_1  |  i0 + i1 * i2|
    |mac_muladd_8s_4ns_8ns_8_4_1_U70  |mac_muladd_8s_4ns_8ns_8_4_1  |  i0 + i1 * i2|
    |mac_muladd_8s_4ns_8ns_8_4_1_U71  |mac_muladd_8s_4ns_8ns_8_4_1  |  i0 + i1 * i2|
    |mac_muladd_8s_4ns_8ns_8_4_1_U72  |mac_muladd_8s_4ns_8ns_8_4_1  |  i0 + i1 * i2|
    |mac_muladd_8s_4ns_8ns_8_4_1_U73  |mac_muladd_8s_4ns_8ns_8_4_1  |  i0 + i1 * i2|
    |mac_muladd_8s_4ns_8ns_8_4_1_U74  |mac_muladd_8s_4ns_8ns_8_4_1  |  i0 + i1 * i2|
    |mac_muladd_8s_4ns_8ns_8_4_1_U75  |mac_muladd_8s_4ns_8ns_8_4_1  |  i0 + i1 * i2|
    |mac_muladd_8s_4ns_8ns_8_4_1_U76  |mac_muladd_8s_4ns_8ns_8_4_1  |  i0 + i1 * i2|
    |mac_muladd_8s_4ns_8ns_8_4_1_U77  |mac_muladd_8s_4ns_8ns_8_4_1  |  i0 + i1 * i2|
    |mac_muladd_8s_4ns_8ns_8_4_1_U78  |mac_muladd_8s_4ns_8ns_8_4_1  |  i0 + i1 * i2|
    |mac_muladd_8s_4ns_8ns_8_4_1_U79  |mac_muladd_8s_4ns_8ns_8_4_1  |  i0 + i1 * i2|
    |mac_muladd_8s_8s_8ns_8_4_1_U80   |mac_muladd_8s_8s_8ns_8_4_1   |  i0 + i1 * i2|
    |mac_muladd_8s_8s_8ns_8_4_1_U81   |mac_muladd_8s_8s_8ns_8_4_1   |  i0 + i1 * i2|
    |mac_muladd_8s_8s_8ns_8_4_1_U82   |mac_muladd_8s_8s_8ns_8_4_1   |  i0 + i1 * i2|
    |mac_muladd_8s_8s_8ns_8_4_1_U83   |mac_muladd_8s_8s_8ns_8_4_1   |  i0 + i1 * i2|
    |mac_muladd_8s_8s_8ns_8_4_1_U85   |mac_muladd_8s_8s_8ns_8_4_1   |  i0 + i1 * i2|
    |mac_muladd_8s_8s_8ns_8_4_1_U86   |mac_muladd_8s_8s_8ns_8_4_1   |  i0 + i1 * i2|
    |mac_muladd_8s_8s_8ns_8_4_1_U87   |mac_muladd_8s_8s_8ns_8_4_1   |  i0 + i1 * i2|
    |mac_muladd_8s_8s_8ns_8_4_1_U88   |mac_muladd_8s_8s_8ns_8_4_1   |  i0 + i1 * i2|
    |mac_muladd_8s_8s_8ns_8_4_1_U89   |mac_muladd_8s_8s_8ns_8_4_1   |  i0 + i1 * i2|
    |mac_muladd_8s_8s_8ns_8_4_1_U90   |mac_muladd_8s_8s_8ns_8_4_1   |  i0 + i1 * i2|
    |mac_muladd_8s_8s_8ns_8_4_1_U91   |mac_muladd_8s_8s_8ns_8_4_1   |  i0 + i1 * i2|
    |mac_muladd_8s_8s_8ns_8_4_1_U92   |mac_muladd_8s_8s_8ns_8_4_1   |  i0 + i1 * i2|
    |mac_muladd_8s_8s_8ns_8_4_1_U93   |mac_muladd_8s_8s_8ns_8_4_1   |  i0 + i1 * i2|
    |mac_muladd_8s_8s_8ns_8_4_1_U94   |mac_muladd_8s_8s_8ns_8_4_1   |  i0 + i1 * i2|
    |mac_muladd_8s_8s_8ns_8_4_1_U95   |mac_muladd_8s_8s_8ns_8_4_1   |  i0 + i1 * i2|
    |mac_muladd_8s_8s_8ns_8_4_1_U96   |mac_muladd_8s_8s_8ns_8_4_1   |  i0 + i1 * i2|
    |mac_muladd_8s_8s_8s_8_4_1_U84    |mac_muladd_8s_8s_8s_8_4_1    |  i0 + i1 * i2|
    +---------------------------------+-----------------------------+--------------+

    * Memory: 
    +----------------+-------------+---------+----+----+-----+------+-----+------+-------------+
    |     Memory     |    Module   | BRAM_18K| FF | LUT| URAM| Words| Bits| Banks| W*Bits*Banks|
    +----------------+-------------+---------+----+----+-----+------+-----+------+-------------+
    |hidden_V_U      |hidden_V     |        0|  16|   4|    0|    32|    8|     1|          256|
    |input_V_0_U     |input_V_0    |        2|   0|   0|    0|  8192|    4|     1|        32768|
    |input_V_1_U     |input_V_0    |        2|   0|   0|    0|  8192|    4|     1|        32768|
    |input_V_2_U     |input_V_0    |        2|   0|   0|    0|  8192|    4|     1|        32768|
    |input_V_3_U     |input_V_0    |        2|   0|   0|    0|  8192|    4|     1|        32768|
    |input_V_4_U     |input_V_0    |        2|   0|   0|    0|  8192|    4|     1|        32768|
    |input_V_5_U     |input_V_0    |        2|   0|   0|    0|  8192|    4|     1|        32768|
    |input_V_6_U     |input_V_0    |        2|   0|   0|    0|  8192|    4|     1|        32768|
    |input_V_7_U     |input_V_0    |        2|   0|   0|    0|  8192|    4|     1|        32768|
    |input_V_8_U     |input_V_0    |        2|   0|   0|    0|  8192|    4|     1|        32768|
    |input_V_9_U     |input_V_0    |        2|   0|   0|    0|  8192|    4|     1|        32768|
    |input_V_10_U    |input_V_0    |        2|   0|   0|    0|  8192|    4|     1|        32768|
    |input_V_11_U    |input_V_0    |        2|   0|   0|    0|  8192|    4|     1|        32768|
    |input_V_12_U    |input_V_0    |        2|   0|   0|    0|  8192|    4|     1|        32768|
    |input_V_13_U    |input_V_0    |        2|   0|   0|    0|  8192|    4|     1|        32768|
    |input_V_14_U    |input_V_0    |        2|   0|   0|    0|  8192|    4|     1|        32768|
    |input_V_15_U    |input_V_0    |        2|   0|   0|    0|  8192|    4|     1|        32768|
    |input_V_16_U    |input_V_0    |        2|   0|   0|    0|  8192|    4|     1|        32768|
    |input_V_17_U    |input_V_0    |        2|   0|   0|    0|  8192|    4|     1|        32768|
    |input_V_18_U    |input_V_0    |        2|   0|   0|    0|  8192|    4|     1|        32768|
    |input_V_19_U    |input_V_0    |        2|   0|   0|    0|  8192|    4|     1|        32768|
    |input_V_20_U    |input_V_0    |        2|   0|   0|    0|  8192|    4|     1|        32768|
    |input_V_21_U    |input_V_0    |        2|   0|   0|    0|  8192|    4|     1|        32768|
    |input_V_22_U    |input_V_0    |        2|   0|   0|    0|  8192|    4|     1|        32768|
    |input_V_23_U    |input_V_0    |        2|   0|   0|    0|  8192|    4|     1|        32768|
    |input_V_24_U    |input_V_0    |        2|   0|   0|    0|  8192|    4|     1|        32768|
    |input_V_25_U    |input_V_0    |        2|   0|   0|    0|  8192|    4|     1|        32768|
    |input_V_26_U    |input_V_0    |        2|   0|   0|    0|  8192|    4|     1|        32768|
    |input_V_27_U    |input_V_0    |        2|   0|   0|    0|  8192|    4|     1|        32768|
    |input_V_28_U    |input_V_0    |        2|   0|   0|    0|  8192|    4|     1|        32768|
    |input_V_29_U    |input_V_0    |        2|   0|   0|    0|  8192|    4|     1|        32768|
    |input_V_30_U    |input_V_0    |        2|   0|   0|    0|  8192|    4|     1|        32768|
    |input_V_31_U    |input_V_0    |        2|   0|   0|    0|  8192|    4|     1|        32768|
    |input_V_32_U    |input_V_0    |        2|   0|   0|    0|  8192|    4|     1|        32768|
    |input_V_33_U    |input_V_0    |        2|   0|   0|    0|  8192|    4|     1|        32768|
    |input_V_34_U    |input_V_0    |        2|   0|   0|    0|  8192|    4|     1|        32768|
    |input_V_35_U    |input_V_0    |        2|   0|   0|    0|  8192|    4|     1|        32768|
    |input_V_36_U    |input_V_0    |        2|   0|   0|    0|  8192|    4|     1|        32768|
    |input_V_37_U    |input_V_0    |        2|   0|   0|    0|  8192|    4|     1|        32768|
    |input_V_38_U    |input_V_0    |        2|   0|   0|    0|  8192|    4|     1|        32768|
    |input_V_39_U    |input_V_0    |        2|   0|   0|    0|  8192|    4|     1|        32768|
    |input_V_40_U    |input_V_0    |        2|   0|   0|    0|  8192|    4|     1|        32768|
    |input_V_41_U    |input_V_0    |        2|   0|   0|    0|  8192|    4|     1|        32768|
    |input_V_42_U    |input_V_0    |        2|   0|   0|    0|  8192|    4|     1|        32768|
    |input_V_43_U    |input_V_0    |        2|   0|   0|    0|  8192|    4|     1|        32768|
    |input_V_44_U    |input_V_0    |        2|   0|   0|    0|  8192|    4|     1|        32768|
    |input_V_45_U    |input_V_0    |        2|   0|   0|    0|  8192|    4|     1|        32768|
    |input_V_46_U    |input_V_0    |        2|   0|   0|    0|  8192|    4|     1|        32768|
    |input_V_47_U    |input_V_0    |        2|   0|   0|    0|  8192|    4|     1|        32768|
    |input_V_48_U    |input_V_0    |        2|   0|   0|    0|  8192|    4|     1|        32768|
    |input_V_49_U    |input_V_0    |        2|   0|   0|    0|  8192|    4|     1|        32768|
    |input_V_50_U    |input_V_0    |        2|   0|   0|    0|  8192|    4|     1|        32768|
    |input_V_51_U    |input_V_0    |        2|   0|   0|    0|  8192|    4|     1|        32768|
    |input_V_52_U    |input_V_0    |        2|   0|   0|    0|  8192|    4|     1|        32768|
    |input_V_53_U    |input_V_0    |        2|   0|   0|    0|  8192|    4|     1|        32768|
    |input_V_54_U    |input_V_0    |        2|   0|   0|    0|  8192|    4|     1|        32768|
    |input_V_55_U    |input_V_0    |        2|   0|   0|    0|  8192|    4|     1|        32768|
    |input_V_56_U    |input_V_0    |        2|   0|   0|    0|  8192|    4|     1|        32768|
    |input_V_57_U    |input_V_0    |        2|   0|   0|    0|  8192|    4|     1|        32768|
    |input_V_58_U    |input_V_0    |        2|   0|   0|    0|  8192|    4|     1|        32768|
    |input_V_59_U    |input_V_0    |        2|   0|   0|    0|  8192|    4|     1|        32768|
    |input_V_60_U    |input_V_0    |        2|   0|   0|    0|  8192|    4|     1|        32768|
    |input_V_61_U    |input_V_0    |        2|   0|   0|    0|  8192|    4|     1|        32768|
    |input_V_62_U    |input_V_0    |        2|   0|   0|    0|  8192|    4|     1|        32768|
    |input_V_63_U    |input_V_0    |        2|   0|   0|    0|  8192|    4|     1|        32768|
    |out_buf_V_U     |out_buf_V    |        9|   0|   0|    0|   320|    8|     1|         2560|
    |packet_U        |packet       |        0|  16|   4|    0|    32|    8|     1|          256|
    |weight1_V_0_U   |weight1_V_0  |        0|  16|   4|    0|    32|    8|     1|          256|
    |weight1_V_1_U   |weight1_V_0  |        0|  16|   4|    0|    32|    8|     1|          256|
    |weight1_V_2_U   |weight1_V_0  |        0|  16|   4|    0|    32|    8|     1|          256|
    |weight1_V_3_U   |weight1_V_0  |        0|  16|   4|    0|    32|    8|     1|          256|
    |weight1_V_4_U   |weight1_V_0  |        0|  16|   4|    0|    32|    8|     1|          256|
    |weight1_V_5_U   |weight1_V_0  |        0|  16|   4|    0|    32|    8|     1|          256|
    |weight1_V_6_U   |weight1_V_0  |        0|  16|   4|    0|    32|    8|     1|          256|
    |weight1_V_7_U   |weight1_V_0  |        0|  16|   4|    0|    32|    8|     1|          256|
    |weight1_V_8_U   |weight1_V_0  |        0|  16|   4|    0|    32|    8|     1|          256|
    |weight1_V_9_U   |weight1_V_0  |        0|  16|   4|    0|    32|    8|     1|          256|
    |weight1_V_10_U  |weight1_V_0  |        0|  16|   4|    0|    32|    8|     1|          256|
    |weight1_V_11_U  |weight1_V_0  |        0|  16|   4|    0|    32|    8|     1|          256|
    |weight1_V_12_U  |weight1_V_0  |        0|  16|   4|    0|    32|    8|     1|          256|
    |weight1_V_13_U  |weight1_V_0  |        0|  16|   4|    0|    32|    8|     1|          256|
    |weight1_V_14_U  |weight1_V_0  |        0|  16|   4|    0|    32|    8|     1|          256|
    |weight1_V_15_U  |weight1_V_0  |        0|  16|   4|    0|    32|    8|     1|          256|
    |weight1_V_16_U  |weight1_V_0  |        0|  16|   4|    0|    32|    8|     1|          256|
    |weight1_V_17_U  |weight1_V_0  |        0|  16|   4|    0|    32|    8|     1|          256|
    |weight1_V_18_U  |weight1_V_0  |        0|  16|   4|    0|    32|    8|     1|          256|
    |weight1_V_19_U  |weight1_V_0  |        0|  16|   4|    0|    32|    8|     1|          256|
    |weight1_V_20_U  |weight1_V_0  |        0|  16|   4|    0|    32|    8|     1|          256|
    |weight1_V_21_U  |weight1_V_0  |        0|  16|   4|    0|    32|    8|     1|          256|
    |weight1_V_22_U  |weight1_V_0  |        0|  16|   4|    0|    32|    8|     1|          256|
    |weight1_V_23_U  |weight1_V_0  |        0|  16|   4|    0|    32|    8|     1|          256|
    |weight1_V_24_U  |weight1_V_0  |        0|  16|   4|    0|    32|    8|     1|          256|
    |weight1_V_25_U  |weight1_V_0  |        0|  16|   4|    0|    32|    8|     1|          256|
    |weight1_V_26_U  |weight1_V_0  |        0|  16|   4|    0|    32|    8|     1|          256|
    |weight1_V_27_U  |weight1_V_0  |        0|  16|   4|    0|    32|    8|     1|          256|
    |weight1_V_28_U  |weight1_V_0  |        0|  16|   4|    0|    32|    8|     1|          256|
    |weight1_V_29_U  |weight1_V_0  |        0|  16|   4|    0|    32|    8|     1|          256|
    |weight1_V_30_U  |weight1_V_0  |        0|  16|   4|    0|    32|    8|     1|          256|
    |weight1_V_31_U  |weight1_V_0  |        0|  16|   4|    0|    32|    8|     1|          256|
    |weight1_V_32_U  |weight1_V_0  |        0|  16|   4|    0|    32|    8|     1|          256|
    |weight1_V_33_U  |weight1_V_0  |        0|  16|   4|    0|    32|    8|     1|          256|
    |weight1_V_34_U  |weight1_V_0  |        0|  16|   4|    0|    32|    8|     1|          256|
    |weight1_V_35_U  |weight1_V_0  |        0|  16|   4|    0|    32|    8|     1|          256|
    |weight1_V_36_U  |weight1_V_0  |        0|  16|   4|    0|    32|    8|     1|          256|
    |weight1_V_37_U  |weight1_V_0  |        0|  16|   4|    0|    32|    8|     1|          256|
    |weight1_V_38_U  |weight1_V_0  |        0|  16|   4|    0|    32|    8|     1|          256|
    |weight1_V_39_U  |weight1_V_0  |        0|  16|   4|    0|    32|    8|     1|          256|
    |weight1_V_40_U  |weight1_V_0  |        0|  16|   4|    0|    32|    8|     1|          256|
    |weight1_V_41_U  |weight1_V_0  |        0|  16|   4|    0|    32|    8|     1|          256|
    |weight1_V_42_U  |weight1_V_0  |        0|  16|   4|    0|    32|    8|     1|          256|
    |weight1_V_43_U  |weight1_V_0  |        0|  16|   4|    0|    32|    8|     1|          256|
    |weight1_V_44_U  |weight1_V_0  |        0|  16|   4|    0|    32|    8|     1|          256|
    |weight1_V_45_U  |weight1_V_0  |        0|  16|   4|    0|    32|    8|     1|          256|
    |weight1_V_46_U  |weight1_V_0  |        0|  16|   4|    0|    32|    8|     1|          256|
    |weight1_V_47_U  |weight1_V_0  |        0|  16|   4|    0|    32|    8|     1|          256|
    |weight1_V_48_U  |weight1_V_0  |        0|  16|   4|    0|    32|    8|     1|          256|
    |weight1_V_49_U  |weight1_V_0  |        0|  16|   4|    0|    32|    8|     1|          256|
    |weight1_V_50_U  |weight1_V_0  |        0|  16|   4|    0|    32|    8|     1|          256|
    |weight1_V_51_U  |weight1_V_0  |        0|  16|   4|    0|    32|    8|     1|          256|
    |weight1_V_52_U  |weight1_V_0  |        0|  16|   4|    0|    32|    8|     1|          256|
    |weight1_V_53_U  |weight1_V_0  |        0|  16|   4|    0|    32|    8|     1|          256|
    |weight1_V_54_U  |weight1_V_0  |        0|  16|   4|    0|    32|    8|     1|          256|
    |weight1_V_55_U  |weight1_V_0  |        0|  16|   4|    0|    32|    8|     1|          256|
    |weight1_V_56_U  |weight1_V_0  |        0|  16|   4|    0|    32|    8|     1|          256|
    |weight1_V_57_U  |weight1_V_0  |        0|  16|   4|    0|    32|    8|     1|          256|
    |weight1_V_58_U  |weight1_V_0  |        0|  16|   4|    0|    32|    8|     1|          256|
    |weight1_V_59_U  |weight1_V_0  |        0|  16|   4|    0|    32|    8|     1|          256|
    |weight1_V_60_U  |weight1_V_0  |        0|  16|   4|    0|    32|    8|     1|          256|
    |weight1_V_61_U  |weight1_V_0  |        0|  16|   4|    0|    32|    8|     1|          256|
    |weight1_V_62_U  |weight1_V_0  |        0|  16|   4|    0|    32|    8|     1|          256|
    |weight1_V_63_U  |weight1_V_0  |        0|  16|   4|    0|    32|    8|     1|          256|
    |weight2_V_0_U   |weight2_V_0  |        0|  16|   2|    0|    10|    8|     1|           80|
    |weight2_V_1_U   |weight2_V_0  |        0|  16|   2|    0|    10|    8|     1|           80|
    |weight2_V_2_U   |weight2_V_0  |        0|  16|   2|    0|    10|    8|     1|           80|
    |weight2_V_3_U   |weight2_V_0  |        0|  16|   2|    0|    10|    8|     1|           80|
    |weight2_V_4_U   |weight2_V_0  |        0|  16|   2|    0|    10|    8|     1|           80|
    |weight2_V_5_U   |weight2_V_0  |        0|  16|   2|    0|    10|    8|     1|           80|
    |weight2_V_6_U   |weight2_V_0  |        0|  16|   2|    0|    10|    8|     1|           80|
    |weight2_V_7_U   |weight2_V_0  |        0|  16|   2|    0|    10|    8|     1|           80|
    |weight2_V_8_U   |weight2_V_0  |        0|  16|   2|    0|    10|    8|     1|           80|
    |weight2_V_9_U   |weight2_V_0  |        0|  16|   2|    0|    10|    8|     1|           80|
    |weight2_V_10_U  |weight2_V_0  |        0|  16|   2|    0|    10|    8|     1|           80|
    |weight2_V_11_U  |weight2_V_0  |        0|  16|   2|    0|    10|    8|     1|           80|
    |weight2_V_12_U  |weight2_V_0  |        0|  16|   2|    0|    10|    8|     1|           80|
    |weight2_V_13_U  |weight2_V_0  |        0|  16|   2|    0|    10|    8|     1|           80|
    |weight2_V_14_U  |weight2_V_0  |        0|  16|   2|    0|    10|    8|     1|           80|
    |weight2_V_15_U  |weight2_V_0  |        0|  16|   2|    0|    10|    8|     1|           80|
    |weight2_V_16_U  |weight2_V_0  |        0|  16|   2|    0|    10|    8|     1|           80|
    |weight2_V_17_U  |weight2_V_0  |        0|  16|   2|    0|    10|    8|     1|           80|
    |weight2_V_18_U  |weight2_V_0  |        0|  16|   2|    0|    10|    8|     1|           80|
    |weight2_V_19_U  |weight2_V_0  |        0|  16|   2|    0|    10|    8|     1|           80|
    |weight2_V_20_U  |weight2_V_0  |        0|  16|   2|    0|    10|    8|     1|           80|
    |weight2_V_21_U  |weight2_V_0  |        0|  16|   2|    0|    10|    8|     1|           80|
    |weight2_V_22_U  |weight2_V_0  |        0|  16|   2|    0|    10|    8|     1|           80|
    |weight2_V_23_U  |weight2_V_0  |        0|  16|   2|    0|    10|    8|     1|           80|
    |weight2_V_24_U  |weight2_V_0  |        0|  16|   2|    0|    10|    8|     1|           80|
    |weight2_V_25_U  |weight2_V_0  |        0|  16|   2|    0|    10|    8|     1|           80|
    |weight2_V_26_U  |weight2_V_0  |        0|  16|   2|    0|    10|    8|     1|           80|
    |weight2_V_27_U  |weight2_V_0  |        0|  16|   2|    0|    10|    8|     1|           80|
    |weight2_V_28_U  |weight2_V_0  |        0|  16|   2|    0|    10|    8|     1|           80|
    |weight2_V_29_U  |weight2_V_0  |        0|  16|   2|    0|    10|    8|     1|           80|
    |weight2_V_30_U  |weight2_V_0  |        0|  16|   2|    0|    10|    8|     1|           80|
    |weight2_V_31_U  |weight2_V_0  |        0|  16|   2|    0|    10|    8|     1|           80|
    |offset_V_U      |weight2_V_0  |        0|  16|   2|    0|    10|    8|     1|           80|
    +----------------+-------------+---------+----+----+-----+------+-----+------+-------------+
    |Total           |             |      137|1584| 330|    0|527050| 1056|   164|      2119248|
    +----------------+-------------+---------+----+----+-----+------+-----+------+-------------+

    * FIFO: 
    N/A

    * Expression: 
    +----------------------------+----------+----+---+-----+------------+------------+
    |        Variable Name       | Operation| DSP| FF| LUT | Bitwidth P0| Bitwidth P1|
    +----------------------------+----------+----+---+-----+------------+------------+
    |add_ln100_fu_10759_p2       |         +|   0|  0|   14|           6|           1|
    |add_ln112_fu_11124_p2       |         +|   0|  0|   13|           4|           1|
    |add_ln115_1_fu_11145_p2     |         +|   0|  0|   14|           9|           9|
    |add_ln115_fu_10497_p2       |         +|   0|  0|   14|           9|           9|
    |add_ln125_fu_11300_p2       |         +|   0|  0|   14|           6|           1|
    |add_ln131_fu_11446_p2       |         +|   0|  0|   14|          13|          13|
    |add_ln42_fu_5773_p2         |         +|   0|  0|   13|           4|           1|
    |add_ln49_fu_5790_p2         |         +|   0|  0|   14|           6|           1|
    |add_ln534_1_fu_11354_p2     |         +|   0|  0|   14|           9|           2|
    |add_ln534_2_fu_11365_p2     |         +|   0|  0|   14|           9|           2|
    |add_ln534_3_fu_11376_p2     |         +|   0|  0|   14|           9|           3|
    |add_ln534_4_fu_11387_p2     |         +|   0|  0|   14|           9|           3|
    |add_ln534_5_fu_11398_p2     |         +|   0|  0|   14|           9|           3|
    |add_ln534_6_fu_11409_p2     |         +|   0|  0|   14|           9|           3|
    |add_ln534_7_fu_11420_p2     |         +|   0|  0|   14|           9|           4|
    |add_ln534_8_fu_11431_p2     |         +|   0|  0|   14|           9|           4|
    |add_ln534_fu_11332_p2       |         +|   0|  0|   14|           9|           9|
    |add_ln67_fu_7596_p2         |         +|   0|  0|   13|           4|           1|
    |add_ln691_12_fu_10963_p2    |         +|   0|  0|   15|           8|           8|
    |add_ln691_13_fu_10967_p2    |         +|   0|  0|    8|           8|           8|
    |add_ln691_14_fu_11051_p2    |         +|   0|  0|    8|           8|           8|
    |add_ln691_17_fu_11056_p2    |         +|   0|  0|   15|           8|           8|
    |add_ln691_20_fu_11060_p2    |         +|   0|  0|   15|           8|           8|
    |add_ln691_21_fu_11064_p2    |         +|   0|  0|    8|           8|           8|
    |add_ln691_24_fu_10973_p2    |         +|   0|  0|    8|           8|           8|
    |add_ln691_27_fu_10977_p2    |         +|   0|  0|   15|           8|           8|
    |add_ln691_28_fu_10981_p2    |         +|   0|  0|    8|           8|           8|
    |add_ln691_29_fu_11070_p2    |         +|   0|  0|    8|           8|           8|
    |add_ln691_2_fu_11037_p2     |         +|   0|  0|   15|           8|           8|
    |add_ln691_30_fu_11094_p2    |         +|   0|  0|    8|           8|           8|
    |add_ln691_34_fu_10987_p2    |         +|   0|  0|    8|           8|           8|
    |add_ln691_37_fu_10991_p2    |         +|   0|  0|   15|           8|           8|
    |add_ln691_38_fu_10995_p2    |         +|   0|  0|    8|           8|           8|
    |add_ln691_41_fu_11001_p2    |         +|   0|  0|    8|           8|           8|
    |add_ln691_44_fu_11005_p2    |         +|   0|  0|   15|           8|           8|
    |add_ln691_45_fu_11009_p2    |         +|   0|  0|    8|           8|           8|
    |add_ln691_46_fu_11075_p2    |         +|   0|  0|    8|           8|           8|
    |add_ln691_49_fu_11015_p2    |         +|   0|  0|   15|           8|           8|
    |add_ln691_52_fu_11019_p2    |         +|   0|  0|   15|           8|           8|
    |add_ln691_53_fu_11079_p2    |         +|   0|  0|    8|           8|           8|
    |add_ln691_56_fu_11023_p2    |         +|   0|  0|    8|           8|           8|
    |add_ln691_59_fu_11027_p2    |         +|   0|  0|   15|           8|           8|
    |add_ln691_5_fu_11041_p2     |         +|   0|  0|   15|           8|           8|
    |add_ln691_60_fu_11031_p2    |         +|   0|  0|    8|           8|           8|
    |add_ln691_61_fu_11083_p2    |         +|   0|  0|    8|           8|           8|
    |add_ln691_62_fu_11088_p2    |         +|   0|  0|    8|           8|           8|
    |add_ln691_63_fu_11098_p2    |         +|   0|  0|    8|           8|           8|
    |add_ln691_66_fu_11239_p2    |         +|   0|  0|    8|           8|           8|
    |add_ln691_69_fu_11243_p2    |         +|   0|  0|   15|           8|           8|
    |add_ln691_6_fu_11045_p2     |         +|   0|  0|    8|           8|           8|
    |add_ln691_70_fu_11247_p2    |         +|   0|  0|    8|           8|           8|
    |add_ln691_73_fu_11253_p2    |         +|   0|  0|    8|           8|           8|
    |add_ln691_76_fu_11257_p2    |         +|   0|  0|   15|           8|           8|
    |add_ln691_77_fu_11261_p2    |         +|   0|  0|    8|           8|           8|
    |add_ln691_78_fu_11290_p2    |         +|   0|  0|    8|           8|           8|
    |add_ln691_81_fu_11267_p2    |         +|   0|  0|   15|           8|           8|
    |add_ln691_84_fu_11271_p2    |         +|   0|  0|   15|           8|           8|
    |add_ln691_85_fu_11275_p2    |         +|   0|  0|    8|           8|           8|
    |add_ln691_88_fu_11225_p2    |         +|   0|  0|    8|           8|           8|
    |add_ln691_92_fu_11229_p2    |         +|   0|  0|   15|           8|           8|
    |add_ln691_93_fu_11233_p2    |         +|   0|  0|    8|           8|           8|
    |add_ln691_94_fu_11281_p2    |         +|   0|  0|    8|           8|           8|
    |add_ln691_9_fu_10959_p2     |         +|   0|  0|    8|           8|           8|
    |add_ln79_fu_11652_p2        |         +|   0|  0|   17|          14|           6|
    |add_ln83_fu_8531_p2         |         +|   0|  0|   14|           6|           1|
    |add_ln96_fu_10393_p2        |         +|   0|  0|   14|           6|           1|
    |out_buf_V_d0                |         +|   0|  0|    8|           8|           8|
    |and_ln69_fu_11117_p2        |       and|   0|  0|    8|           8|           8|
    |ap_block_state20            |       and|   0|  0|    2|           1|           1|
    |ap_block_state23            |       and|   0|  0|    2|           1|           1|
    |ap_block_state26            |       and|   0|  0|    2|           1|           1|
    |ap_block_state64_io         |       and|   0|  0|    2|           1|           1|
    |ap_block_state65_io         |       and|   0|  0|    2|           1|           1|
    |icmp_ln100_fu_10765_p2      |      icmp|   0|  0|   10|           6|           7|
    |icmp_ln112_fu_11130_p2      |      icmp|   0|  0|    9|           4|           4|
    |icmp_ln125_fu_11306_p2      |      icmp|   0|  0|   10|           6|           7|
    |icmp_ln131_fu_11451_p2      |      icmp|   0|  0|   12|          13|           2|
    |icmp_ln42_fu_5779_p2        |      icmp|   0|  0|    9|           4|           4|
    |icmp_ln49_fu_5796_p2        |      icmp|   0|  0|   10|           6|           7|
    |icmp_ln67_fu_7602_p2        |      icmp|   0|  0|    9|           4|           4|
    |icmp_ln83_fu_8537_p2        |      icmp|   0|  0|   10|           6|           7|
    |icmp_ln886_fu_11103_p2      |      icmp|   0|  0|   11|           8|           1|
    |icmp_ln96_fu_10399_p2       |      icmp|   0|  0|   10|           6|           7|
    |ap_block_pp6_stage0_01001   |        or|   0|  0|    2|           1|           1|
    |ap_block_pp6_stage0_11001   |        or|   0|  0|    2|           1|           1|
    |ap_block_state1             |        or|   0|  0|    2|           1|           1|
    |or_ln146_100_fu_9548_p2     |        or|   0|  0|   64|          64|          64|
    |or_ln146_101_fu_9576_p2     |        or|   0|  0|   56|          56|          56|
    |or_ln146_102_fu_9604_p2     |        or|   0|  0|   48|          48|          48|
    |or_ln146_103_fu_9632_p2     |        or|   0|  0|   40|          40|          40|
    |or_ln146_104_fu_9660_p2     |        or|   0|  0|   32|          32|          32|
    |or_ln146_105_fu_7987_p2     |        or|   0|  0|  184|         184|         184|
    |or_ln146_106_fu_8007_p2     |        or|   0|  0|  168|         168|         168|
    |or_ln146_107_fu_8027_p2     |        or|   0|  0|  152|         152|         152|
    |or_ln146_108_fu_8047_p2     |        or|   0|  0|  136|         136|         136|
    |or_ln146_109_fu_8067_p2     |        or|   0|  0|  120|         120|         120|
    |or_ln146_10_fu_6275_p2      |        or|   0|  0|  112|         112|         112|
    |or_ln146_110_fu_8087_p2     |        or|   0|  0|  104|         104|         104|
    |or_ln146_111_fu_8107_p2     |        or|   0|  0|   88|          88|          88|
    |or_ln146_112_fu_8127_p2     |        or|   0|  0|   72|          72|          72|
    |or_ln146_113_fu_8147_p2     |        or|   0|  0|   56|          56|          56|
    |or_ln146_114_fu_8167_p2     |        or|   0|  0|   40|          40|          40|
    |or_ln146_116_fu_8882_p2     |        or|   0|  0|  252|         252|         252|
    |or_ln146_117_fu_8910_p2     |        or|   0|  0|  244|         244|         244|
    |or_ln146_118_fu_8938_p2     |        or|   0|  0|  236|         236|         236|
    |or_ln146_119_fu_8966_p2     |        or|   0|  0|  228|         228|         228|
    |or_ln146_11_fu_6295_p2      |        or|   0|  0|   96|          96|          96|
    |or_ln146_120_fu_8994_p2     |        or|   0|  0|  220|         220|         220|
    |or_ln146_121_fu_9022_p2     |        or|   0|  0|  212|         212|         212|
    |or_ln146_122_fu_9050_p2     |        or|   0|  0|  204|         204|         204|
    |or_ln146_123_fu_9078_p2     |        or|   0|  0|  196|         196|         196|
    |or_ln146_124_fu_9106_p2     |        or|   0|  0|  188|         188|         188|
    |or_ln146_125_fu_9134_p2     |        or|   0|  0|  180|         180|         180|
    |or_ln146_126_fu_9162_p2     |        or|   0|  0|  172|         172|         172|
    |or_ln146_127_fu_9190_p2     |        or|   0|  0|  164|         164|         164|
    |or_ln146_128_fu_9218_p2     |        or|   0|  0|  156|         156|         156|
    |or_ln146_129_fu_9246_p2     |        or|   0|  0|  148|         148|         148|
    |or_ln146_12_fu_6315_p2      |        or|   0|  0|   80|          80|          80|
    |or_ln146_130_fu_9274_p2     |        or|   0|  0|  140|         140|         140|
    |or_ln146_131_fu_9302_p2     |        or|   0|  0|  132|         132|         132|
    |or_ln146_132_fu_9330_p2     |        or|   0|  0|  124|         124|         124|
    |or_ln146_133_fu_9358_p2     |        or|   0|  0|  116|         116|         116|
    |or_ln146_134_fu_9386_p2     |        or|   0|  0|  108|         108|         108|
    |or_ln146_135_fu_9414_p2     |        or|   0|  0|  100|         100|         100|
    |or_ln146_136_fu_9442_p2     |        or|   0|  0|   92|          92|          92|
    |or_ln146_137_fu_9470_p2     |        or|   0|  0|   84|          84|          84|
    |or_ln146_138_fu_9498_p2     |        or|   0|  0|   76|          76|          76|
    |or_ln146_139_fu_9526_p2     |        or|   0|  0|   68|          68|          68|
    |or_ln146_13_fu_6335_p2      |        or|   0|  0|   64|          64|          64|
    |or_ln146_140_fu_9554_p2     |        or|   0|  0|   60|          60|          60|
    |or_ln146_141_fu_9582_p2     |        or|   0|  0|   52|          52|          52|
    |or_ln146_142_fu_9610_p2     |        or|   0|  0|   44|          44|          44|
    |or_ln146_143_fu_9638_p2     |        or|   0|  0|   36|          36|          36|
    |or_ln146_144_fu_9666_p2     |        or|   0|  0|   28|          28|          28|
    |or_ln146_14_fu_6355_p2      |        or|   0|  0|   48|          48|          48|
    |or_ln146_15_fu_6375_p2      |        or|   0|  0|   32|          32|          32|
    |or_ln146_16_fu_6974_p2      |        or|   0|  0|  256|         256|         256|
    |or_ln146_17_fu_6994_p2      |        or|   0|  0|  240|         240|         240|
    |or_ln146_18_fu_7014_p2      |        or|   0|  0|  224|         224|         224|
    |or_ln146_19_fu_7034_p2      |        or|   0|  0|  208|         208|         208|
    |or_ln146_1_fu_6095_p2       |        or|   0|  0|  256|         256|         256|
    |or_ln146_20_fu_7054_p2      |        or|   0|  0|  192|         192|         192|
    |or_ln146_21_fu_7074_p2      |        or|   0|  0|  176|         176|         176|
    |or_ln146_22_fu_7094_p2      |        or|   0|  0|  160|         160|         160|
    |or_ln146_23_fu_7114_p2      |        or|   0|  0|  144|         144|         144|
    |or_ln146_24_fu_7134_p2      |        or|   0|  0|  128|         128|         128|
    |or_ln146_25_fu_7154_p2      |        or|   0|  0|  112|         112|         112|
    |or_ln146_26_fu_7174_p2      |        or|   0|  0|   96|          96|          96|
    |or_ln146_27_fu_7194_p2      |        or|   0|  0|   80|          80|          80|
    |or_ln146_28_fu_7214_p2      |        or|   0|  0|   64|          64|          64|
    |or_ln146_29_fu_7234_p2      |        or|   0|  0|   48|          48|          48|
    |or_ln146_2_fu_6115_p2       |        or|   0|  0|  240|         240|         240|
    |or_ln146_30_fu_7254_p2      |        or|   0|  0|   32|          32|          32|
    |or_ln146_31_fu_7921_p2      |        or|   0|  0|  240|         240|         240|
    |or_ln146_32_fu_7941_p2      |        or|   0|  0|  224|         224|         224|
    |or_ln146_33_fu_7961_p2      |        or|   0|  0|  208|         208|         208|
    |or_ln146_34_fu_7981_p2      |        or|   0|  0|  192|         192|         192|
    |or_ln146_35_fu_8001_p2      |        or|   0|  0|  176|         176|         176|
    |or_ln146_36_fu_8021_p2      |        or|   0|  0|  160|         160|         160|
    |or_ln146_37_fu_8041_p2      |        or|   0|  0|  144|         144|         144|
    |or_ln146_38_fu_8061_p2      |        or|   0|  0|  128|         128|         128|
    |or_ln146_39_fu_8081_p2      |        or|   0|  0|  112|         112|         112|
    |or_ln146_3_fu_6135_p2       |        or|   0|  0|  224|         224|         224|
    |or_ln146_40_fu_8101_p2      |        or|   0|  0|   96|          96|          96|
    |or_ln146_41_fu_8121_p2      |        or|   0|  0|   80|          80|          80|
    |or_ln146_42_fu_8141_p2      |        or|   0|  0|   64|          64|          64|
    |or_ln146_43_fu_8161_p2      |        or|   0|  0|   48|          48|          48|
    |or_ln146_44_fu_6101_p2      |        or|   0|  0|  248|         248|         248|
    |or_ln146_45_fu_6121_p2      |        or|   0|  0|  232|         232|         232|
    |or_ln146_46_fu_6141_p2      |        or|   0|  0|  216|         216|         216|
    |or_ln146_47_fu_6161_p2      |        or|   0|  0|  200|         200|         200|
    |or_ln146_48_fu_6181_p2      |        or|   0|  0|  184|         184|         184|
    |or_ln146_49_fu_6201_p2      |        or|   0|  0|  168|         168|         168|
    |or_ln146_4_fu_6155_p2       |        or|   0|  0|  208|         208|         208|
    |or_ln146_50_fu_6221_p2      |        or|   0|  0|  152|         152|         152|
    |or_ln146_51_fu_6241_p2      |        or|   0|  0|  136|         136|         136|
    |or_ln146_52_fu_6261_p2      |        or|   0|  0|  120|         120|         120|
    |or_ln146_53_fu_6281_p2      |        or|   0|  0|  104|         104|         104|
    |or_ln146_54_fu_6301_p2      |        or|   0|  0|   88|          88|          88|
    |or_ln146_55_fu_6321_p2      |        or|   0|  0|   72|          72|          72|
    |or_ln146_56_fu_6341_p2      |        or|   0|  0|   56|          56|          56|
    |or_ln146_57_fu_6361_p2      |        or|   0|  0|   40|          40|          40|
    |or_ln146_58_fu_6980_p2      |        or|   0|  0|  248|         248|         248|
    |or_ln146_59_fu_7000_p2      |        or|   0|  0|  232|         232|         232|
    |or_ln146_5_fu_6175_p2       |        or|   0|  0|  192|         192|         192|
    |or_ln146_60_fu_7020_p2      |        or|   0|  0|  216|         216|         216|
    |or_ln146_61_fu_7040_p2      |        or|   0|  0|  200|         200|         200|
    |or_ln146_62_fu_7060_p2      |        or|   0|  0|  184|         184|         184|
    |or_ln146_63_fu_7080_p2      |        or|   0|  0|  168|         168|         168|
    |or_ln146_64_fu_7100_p2      |        or|   0|  0|  152|         152|         152|
    |or_ln146_65_fu_7120_p2      |        or|   0|  0|  136|         136|         136|
    |or_ln146_66_fu_7140_p2      |        or|   0|  0|  120|         120|         120|
    |or_ln146_67_fu_7160_p2      |        or|   0|  0|  104|         104|         104|
    |or_ln146_68_fu_7180_p2      |        or|   0|  0|   88|          88|          88|
    |or_ln146_69_fu_7200_p2      |        or|   0|  0|   72|          72|          72|
    |or_ln146_6_fu_6195_p2       |        or|   0|  0|  176|         176|         176|
    |or_ln146_70_fu_7220_p2      |        or|   0|  0|   56|          56|          56|
    |or_ln146_71_fu_7240_p2      |        or|   0|  0|   40|          40|          40|
    |or_ln146_72_fu_7907_p2      |        or|   0|  0|  248|         248|         248|
    |or_ln146_73_fu_7927_p2      |        or|   0|  0|  232|         232|         232|
    |or_ln146_74_fu_7947_p2      |        or|   0|  0|  216|         216|         216|
    |or_ln146_75_fu_7967_p2      |        or|   0|  0|  200|         200|         200|
    |or_ln146_76_fu_8876_p2      |        or|   0|  0|  256|         256|         256|
    |or_ln146_77_fu_8904_p2      |        or|   0|  0|  248|         248|         248|
    |or_ln146_78_fu_8932_p2      |        or|   0|  0|  240|         240|         240|
    |or_ln146_79_fu_8960_p2      |        or|   0|  0|  232|         232|         232|
    |or_ln146_7_fu_6215_p2       |        or|   0|  0|  160|         160|         160|
    |or_ln146_80_fu_8988_p2      |        or|   0|  0|  224|         224|         224|
    |or_ln146_81_fu_9016_p2      |        or|   0|  0|  216|         216|         216|
    |or_ln146_82_fu_9044_p2      |        or|   0|  0|  208|         208|         208|
    |or_ln146_83_fu_9072_p2      |        or|   0|  0|  200|         200|         200|
    |or_ln146_84_fu_9100_p2      |        or|   0|  0|  192|         192|         192|
    |or_ln146_85_fu_9128_p2      |        or|   0|  0|  184|         184|         184|
    |or_ln146_86_fu_9156_p2      |        or|   0|  0|  176|         176|         176|
    |or_ln146_87_fu_9184_p2      |        or|   0|  0|  168|         168|         168|
    |or_ln146_88_fu_9212_p2      |        or|   0|  0|  160|         160|         160|
    |or_ln146_89_fu_9240_p2      |        or|   0|  0|  152|         152|         152|
    |or_ln146_8_fu_6235_p2       |        or|   0|  0|  144|         144|         144|
    |or_ln146_90_fu_9268_p2      |        or|   0|  0|  144|         144|         144|
    |or_ln146_91_fu_9296_p2      |        or|   0|  0|  136|         136|         136|
    |or_ln146_92_fu_9324_p2      |        or|   0|  0|  128|         128|         128|
    |or_ln146_93_fu_9352_p2      |        or|   0|  0|  120|         120|         120|
    |or_ln146_94_fu_9380_p2      |        or|   0|  0|  112|         112|         112|
    |or_ln146_95_fu_9408_p2      |        or|   0|  0|  104|         104|         104|
    |or_ln146_96_fu_9436_p2      |        or|   0|  0|   96|          96|          96|
    |or_ln146_97_fu_9464_p2      |        or|   0|  0|   88|          88|          88|
    |or_ln146_98_fu_9492_p2      |        or|   0|  0|   80|          80|          80|
    |or_ln146_99_fu_9520_p2      |        or|   0|  0|   72|          72|          72|
    |or_ln146_9_fu_6255_p2       |        or|   0|  0|  128|         128|         128|
    |or_ln146_fu_7901_p2         |        or|   0|  0|  256|         256|         256|
    |or_ln534_fu_11343_p2        |        or|   0|  0|    9|           1|           9|
    |or_ln60_1_fu_7260_p2        |        or|   0|  0|   24|          24|          24|
    |or_ln60_fu_6381_p2          |        or|   0|  0|   24|          24|          24|
    |or_ln70_fu_8187_p2          |        or|   0|  0|   24|          24|          24|
    |or_ln87_fu_9694_p2          |        or|   0|  0|   20|          20|          20|
    |packet_3_fu_8181_p2         |        or|   0|  0|   32|          32|          32|
    |packet_4_fu_9688_p2         |        or|   0|  0|   24|          24|          24|
    |select_ln162_1_fu_11485_p3  |    select|   0|  0|    2|           1|           2|
    |select_ln162_2_fu_11501_p3  |    select|   0|  0|    2|           1|           2|
    |select_ln162_3_fu_11517_p3  |    select|   0|  0|    2|           1|           2|
    |select_ln162_4_fu_11533_p3  |    select|   0|  0|    2|           1|           2|
    |select_ln162_5_fu_11549_p3  |    select|   0|  0|    2|           1|           2|
    |select_ln162_6_fu_11565_p3  |    select|   0|  0|    2|           1|           2|
    |select_ln162_7_fu_11581_p3  |    select|   0|  0|    2|           1|           2|
    |select_ln162_8_fu_11597_p3  |    select|   0|  0|    2|           1|           2|
    |select_ln162_fu_11469_p3    |    select|   0|  0|    2|           1|           2|
    |select_ln69_fu_11109_p3     |    select|   0|  0|    2|           1|           2|
    |ap_enable_pp0               |       xor|   0|  0|    2|           1|           2|
    |ap_enable_pp4               |       xor|   0|  0|    2|           1|           2|
    |ap_enable_pp5               |       xor|   0|  0|    2|           1|           2|
    |ap_enable_pp6               |       xor|   0|  0|    2|           1|           2|
    |ap_enable_reg_pp0_iter1     |       xor|   0|  0|    2|           2|           1|
    |ap_enable_reg_pp4_iter1     |       xor|   0|  0|    2|           2|           1|
    |ap_enable_reg_pp5_iter1     |       xor|   0|  0|    2|           2|           1|
    |ap_enable_reg_pp6_iter1     |       xor|   0|  0|    2|           2|           1|
    +----------------------------+----------+----+---+-----+------------+------------+
    |Total                       |          |   0|  0|21823|       21518|       21433|
    +----------------------------+----------+----+---+-----+------------+------------+

    * Multiplexer: 
    +-------------------------+-----+-----------+-----+-----------+
    |           Name          | LUT | Input Size| Bits| Total Bits|
    +-------------------------+-----+-----------+-----+-----------+
    |ap_NS_fsm                |  221|         51|    1|         51|
    |ap_enable_reg_pp0_iter1  |   14|          3|    1|          3|
    |ap_enable_reg_pp4_iter1  |    9|          2|    1|          2|
    |ap_enable_reg_pp4_iter6  |    9|          2|    1|          2|
    |ap_enable_reg_pp5_iter1  |    9|          2|    1|          2|
    |ap_enable_reg_pp5_iter7  |    9|          2|    1|          2|
    |ap_enable_reg_pp6_iter1  |    9|          2|    1|          2|
    |ap_enable_reg_pp6_iter2  |    9|          2|    1|          2|
    |hidden_V_address0        |   93|         19|    5|         95|
    |hidden_V_address1        |   81|         17|    5|         85|
    |hidden_V_d0              |   14|          3|    8|         24|
    |i_1_reg_5350             |    9|          2|    6|         12|
    |i_2_reg_5361             |    9|          2|    4|          8|
    |i_3_reg_5384             |    9|          2|    6|         12|
    |i_4_reg_5395             |    9|          2|    6|         12|
    |i_5_reg_5429             |    9|          2|    6|         12|
    |i_reg_5339               |    9|          2|    4|          8|
    |in_stream_TDATA_blk_n    |    9|          2|    1|          2|
    |input_V_0_address0       |   14|          3|   13|         39|
    |input_V_10_address0      |   14|          3|   13|         39|
    |input_V_11_address0      |   14|          3|   13|         39|
    |input_V_12_address0      |   14|          3|   13|         39|
    |input_V_13_address0      |   14|          3|   13|         39|
    |input_V_14_address0      |   14|          3|   13|         39|
    |input_V_15_address0      |   14|          3|   13|         39|
    |input_V_16_address0      |   14|          3|   13|         39|
    |input_V_17_address0      |   14|          3|   13|         39|
    |input_V_18_address0      |   14|          3|   13|         39|
    |input_V_19_address0      |   14|          3|   13|         39|
    |input_V_1_address0       |   14|          3|   13|         39|
    |input_V_20_address0      |   14|          3|   13|         39|
    |input_V_21_address0      |   14|          3|   13|         39|
    |input_V_22_address0      |   14|          3|   13|         39|
    |input_V_23_address0      |   14|          3|   13|         39|
    |input_V_24_address0      |   14|          3|   13|         39|
    |input_V_25_address0      |   14|          3|   13|         39|
    |input_V_26_address0      |   14|          3|   13|         39|
    |input_V_27_address0      |   14|          3|   13|         39|
    |input_V_28_address0      |   14|          3|   13|         39|
    |input_V_29_address0      |   14|          3|   13|         39|
    |input_V_2_address0       |   14|          3|   13|         39|
    |input_V_30_address0      |   14|          3|   13|         39|
    |input_V_31_address0      |   14|          3|   13|         39|
    |input_V_32_address0      |   14|          3|   13|         39|
    |input_V_33_address0      |   14|          3|   13|         39|
    |input_V_34_address0      |   14|          3|   13|         39|
    |input_V_35_address0      |   14|          3|   13|         39|
    |input_V_36_address0      |   14|          3|   13|         39|
    |input_V_37_address0      |   14|          3|   13|         39|
    |input_V_38_address0      |   14|          3|   13|         39|
    |input_V_39_address0      |   14|          3|   13|         39|
    |input_V_3_address0       |   14|          3|   13|         39|
    |input_V_40_address0      |   14|          3|   13|         39|
    |input_V_41_address0      |   14|          3|   13|         39|
    |input_V_42_address0      |   14|          3|   13|         39|
    |input_V_43_address0      |   14|          3|   13|         39|
    |input_V_44_address0      |   14|          3|   13|         39|
    |input_V_45_address0      |   14|          3|   13|         39|
    |input_V_46_address0      |   14|          3|   13|         39|
    |input_V_47_address0      |   14|          3|   13|         39|
    |input_V_48_address0      |   14|          3|   13|         39|
    |input_V_49_address0      |   14|          3|   13|         39|
    |input_V_4_address0       |   14|          3|   13|         39|
    |input_V_50_address0      |   14|          3|   13|         39|
    |input_V_51_address0      |   14|          3|   13|         39|
    |input_V_52_address0      |   14|          3|   13|         39|
    |input_V_53_address0      |   14|          3|   13|         39|
    |input_V_54_address0      |   14|          3|   13|         39|
    |input_V_55_address0      |   14|          3|   13|         39|
    |input_V_56_address0      |   14|          3|   13|         39|
    |input_V_57_address0      |   14|          3|   13|         39|
    |input_V_58_address0      |   14|          3|   13|         39|
    |input_V_59_address0      |   14|          3|   13|         39|
    |input_V_5_address0       |   14|          3|   13|         39|
    |input_V_60_address0      |   14|          3|   13|         39|
    |input_V_61_address0      |   14|          3|   13|         39|
    |input_V_62_address0      |   14|          3|   13|         39|
    |input_V_63_address0      |   14|          3|   13|         39|
    |input_V_6_address0       |   14|          3|   13|         39|
    |input_V_7_address0       |   14|          3|   13|         39|
    |input_V_8_address0       |   14|          3|   13|         39|
    |input_V_9_address0       |   14|          3|   13|         39|
    |j_1_reg_5418             |    9|          2|    4|          8|
    |j_reg_5407               |    9|          2|    6|         12|
    |offset_V_address0        |   14|          3|    4|         12|
    |out_buf_V_address0       |   14|          3|    9|         27|
    |out_stream_TDATA_blk_n   |    9|          2|    1|          2|
    |packet_address0          |   87|         18|    5|         90|
    |packet_address1          |   81|         17|    5|         85|
    |packet_d0                |   81|         17|    8|        136|
    |packet_d1                |   81|         17|    8|        136|
    |t_reg_5372               |    9|          2|   14|         28|
    |weight1_V_0_address0     |   14|          3|    5|         15|
    |weight1_V_10_address0    |   14|          3|    5|         15|
    |weight1_V_11_address0    |   14|          3|    5|         15|
    |weight1_V_12_address0    |   14|          3|    5|         15|
    |weight1_V_13_address0    |   14|          3|    5|         15|
    |weight1_V_14_address0    |   14|          3|    5|         15|
    |weight1_V_15_address0    |   14|          3|    5|         15|
    |weight1_V_16_address0    |   14|          3|    5|         15|
    |weight1_V_17_address0    |   14|          3|    5|         15|
    |weight1_V_18_address0    |   14|          3|    5|         15|
    |weight1_V_19_address0    |   14|          3|    5|         15|
    |weight1_V_1_address0     |   14|          3|    5|         15|
    |weight1_V_20_address0    |   14|          3|    5|         15|
    |weight1_V_21_address0    |   14|          3|    5|         15|
    |weight1_V_22_address0    |   14|          3|    5|         15|
    |weight1_V_23_address0    |   14|          3|    5|         15|
    |weight1_V_24_address0    |   14|          3|    5|         15|
    |weight1_V_25_address0    |   14|          3|    5|         15|
    |weight1_V_26_address0    |   14|          3|    5|         15|
    |weight1_V_27_address0    |   14|          3|    5|         15|
    |weight1_V_28_address0    |   14|          3|    5|         15|
    |weight1_V_29_address0    |   14|          3|    5|         15|
    |weight1_V_2_address0     |   14|          3|    5|         15|
    |weight1_V_30_address0    |   14|          3|    5|         15|
    |weight1_V_31_address0    |   14|          3|    5|         15|
    |weight1_V_32_address0    |   14|          3|    5|         15|
    |weight1_V_33_address0    |   14|          3|    5|         15|
    |weight1_V_34_address0    |   14|          3|    5|         15|
    |weight1_V_35_address0    |   14|          3|    5|         15|
    |weight1_V_36_address0    |   14|          3|    5|         15|
    |weight1_V_37_address0    |   14|          3|    5|         15|
    |weight1_V_38_address0    |   14|          3|    5|         15|
    |weight1_V_39_address0    |   14|          3|    5|         15|
    |weight1_V_3_address0     |   14|          3|    5|         15|
    |weight1_V_40_address0    |   14|          3|    5|         15|
    |weight1_V_41_address0    |   14|          3|    5|         15|
    |weight1_V_42_address0    |   14|          3|    5|         15|
    |weight1_V_43_address0    |   14|          3|    5|         15|
    |weight1_V_44_address0    |   14|          3|    5|         15|
    |weight1_V_45_address0    |   14|          3|    5|         15|
    |weight1_V_46_address0    |   14|          3|    5|         15|
    |weight1_V_47_address0    |   14|          3|    5|         15|
    |weight1_V_48_address0    |   14|          3|    5|         15|
    |weight1_V_49_address0    |   14|          3|    5|         15|
    |weight1_V_4_address0     |   14|          3|    5|         15|
    |weight1_V_50_address0    |   14|          3|    5|         15|
    |weight1_V_51_address0    |   14|          3|    5|         15|
    |weight1_V_52_address0    |   14|          3|    5|         15|
    |weight1_V_53_address0    |   14|          3|    5|         15|
    |weight1_V_54_address0    |   14|          3|    5|         15|
    |weight1_V_55_address0    |   14|          3|    5|         15|
    |weight1_V_56_address0    |   14|          3|    5|         15|
    |weight1_V_57_address0    |   14|          3|    5|         15|
    |weight1_V_58_address0    |   14|          3|    5|         15|
    |weight1_V_59_address0    |   14|          3|    5|         15|
    |weight1_V_5_address0     |   14|          3|    5|         15|
    |weight1_V_60_address0    |   14|          3|    5|         15|
    |weight1_V_61_address0    |   14|          3|    5|         15|
    |weight1_V_62_address0    |   14|          3|    5|         15|
    |weight1_V_63_address0    |   14|          3|    5|         15|
    |weight1_V_6_address0     |   14|          3|    5|         15|
    |weight1_V_7_address0     |   14|          3|    5|         15|
    |weight1_V_8_address0     |   14|          3|    5|         15|
    |weight1_V_9_address0     |   14|          3|    5|         15|
    |weight2_V_0_address0     |   14|          3|    4|         12|
    |weight2_V_10_address0    |   14|          3|    4|         12|
    |weight2_V_11_address0    |   14|          3|    4|         12|
    |weight2_V_12_address0    |   14|          3|    4|         12|
    |weight2_V_13_address0    |   14|          3|    4|         12|
    |weight2_V_14_address0    |   14|          3|    4|         12|
    |weight2_V_15_address0    |   14|          3|    4|         12|
    |weight2_V_16_address0    |   14|          3|    4|         12|
    |weight2_V_17_address0    |   14|          3|    4|         12|
    |weight2_V_18_address0    |   14|          3|    4|         12|
    |weight2_V_19_address0    |   14|          3|    4|         12|
    |weight2_V_1_address0     |   14|          3|    4|         12|
    |weight2_V_20_address0    |   14|          3|    4|         12|
    |weight2_V_21_address0    |   14|          3|    4|         12|
    |weight2_V_22_address0    |   14|          3|    4|         12|
    |weight2_V_23_address0    |   14|          3|    4|         12|
    |weight2_V_24_address0    |   14|          3|    4|         12|
    |weight2_V_25_address0    |   14|          3|    4|         12|
    |weight2_V_26_address0    |   14|          3|    4|         12|
    |weight2_V_27_address0    |   14|          3|    4|         12|
    |weight2_V_28_address0    |   14|          3|    4|         12|
    |weight2_V_29_address0    |   14|          3|    4|         12|
    |weight2_V_2_address0     |   14|          3|    4|         12|
    |weight2_V_30_address0    |   14|          3|    4|         12|
    |weight2_V_31_address0    |   14|          3|    4|         12|
    |weight2_V_3_address0     |   14|          3|    4|         12|
    |weight2_V_4_address0     |   14|          3|    4|         12|
    |weight2_V_5_address0     |   14|          3|    4|         12|
    |weight2_V_6_address0     |   14|          3|    4|         12|
    |weight2_V_7_address0     |   14|          3|    4|         12|
    |weight2_V_8_address0     |   14|          3|    4|         12|
    |weight2_V_9_address0     |   14|          3|    4|         12|
    +-------------------------+-----+-----------+-----+-----------+
    |Total                    | 3174|        682| 1403|       4712|
    +-------------------------+-----+-----------+-----+-----------+

    * Register: 
    +------------------------------------+----+----+-----+-----------+
    |                Name                | FF | LUT| Bits| Const Bits|
    +------------------------------------+----+----+-----+-----------+
    |add_ln115_1_reg_14051               |   9|   0|    9|          0|
    |add_ln115_reg_12777                 |   8|   0|    9|          1|
    |add_ln49_reg_12218                  |   6|   0|    6|          0|
    |add_ln691_13_reg_13796              |   8|   0|    8|          0|
    |add_ln691_14_reg_13831              |   8|   0|    8|          0|
    |add_ln691_28_reg_13801              |   8|   0|    8|          0|
    |add_ln691_29_reg_13836              |   8|   0|    8|          0|
    |add_ln691_38_reg_13806              |   8|   0|    8|          0|
    |add_ln691_45_reg_13811              |   8|   0|    8|          0|
    |add_ln691_49_reg_13816              |   8|   0|    8|          0|
    |add_ln691_52_reg_13821              |   8|   0|    8|          0|
    |add_ln691_60_reg_13826              |   8|   0|    8|          0|
    |add_ln691_62_reg_13841              |   8|   0|    8|          0|
    |add_ln691_70_reg_14396              |   8|   0|    8|          0|
    |add_ln691_77_reg_14401              |   8|   0|    8|          0|
    |add_ln691_93_reg_14391              |   8|   0|    8|          0|
    |add_ln691_94_reg_14406              |   8|   0|    8|          0|
    |add_ln96_reg_12443                  |   6|   0|    6|          0|
    |ap_CS_fsm                           |  50|   0|   50|          0|
    |ap_enable_reg_pp0_iter0             |   1|   0|    1|          0|
    |ap_enable_reg_pp0_iter1             |   1|   0|    1|          0|
    |ap_enable_reg_pp4_iter0             |   1|   0|    1|          0|
    |ap_enable_reg_pp4_iter1             |   1|   0|    1|          0|
    |ap_enable_reg_pp4_iter2             |   1|   0|    1|          0|
    |ap_enable_reg_pp4_iter3             |   1|   0|    1|          0|
    |ap_enable_reg_pp4_iter4             |   1|   0|    1|          0|
    |ap_enable_reg_pp4_iter5             |   1|   0|    1|          0|
    |ap_enable_reg_pp4_iter6             |   1|   0|    1|          0|
    |ap_enable_reg_pp5_iter0             |   1|   0|    1|          0|
    |ap_enable_reg_pp5_iter1             |   1|   0|    1|          0|
    |ap_enable_reg_pp5_iter2             |   1|   0|    1|          0|
    |ap_enable_reg_pp5_iter3             |   1|   0|    1|          0|
    |ap_enable_reg_pp5_iter4             |   1|   0|    1|          0|
    |ap_enable_reg_pp5_iter5             |   1|   0|    1|          0|
    |ap_enable_reg_pp5_iter6             |   1|   0|    1|          0|
    |ap_enable_reg_pp5_iter7             |   1|   0|    1|          0|
    |ap_enable_reg_pp6_iter0             |   1|   0|    1|          0|
    |ap_enable_reg_pp6_iter1             |   1|   0|    1|          0|
    |ap_enable_reg_pp6_iter2             |   1|   0|    1|          0|
    |hidden_V_load_10_reg_13896          |   8|   0|    8|          0|
    |hidden_V_load_11_reg_13901          |   8|   0|    8|          0|
    |hidden_V_load_12_reg_13906          |   8|   0|    8|          0|
    |hidden_V_load_13_reg_13911          |   8|   0|    8|          0|
    |hidden_V_load_14_reg_13916          |   8|   0|    8|          0|
    |hidden_V_load_15_reg_13921          |   8|   0|    8|          0|
    |hidden_V_load_16_reg_13926          |   8|   0|    8|          0|
    |hidden_V_load_17_reg_13931          |   8|   0|    8|          0|
    |hidden_V_load_18_reg_13936          |   8|   0|    8|          0|
    |hidden_V_load_19_reg_13941          |   8|   0|    8|          0|
    |hidden_V_load_1_reg_13851           |   8|   0|    8|          0|
    |hidden_V_load_20_reg_13946          |   8|   0|    8|          0|
    |hidden_V_load_21_reg_13951          |   8|   0|    8|          0|
    |hidden_V_load_22_reg_13956          |   8|   0|    8|          0|
    |hidden_V_load_23_reg_13961          |   8|   0|    8|          0|
    |hidden_V_load_24_reg_13966          |   8|   0|    8|          0|
    |hidden_V_load_25_reg_13971          |   8|   0|    8|          0|
    |hidden_V_load_26_reg_13976          |   8|   0|    8|          0|
    |hidden_V_load_27_reg_13981          |   8|   0|    8|          0|
    |hidden_V_load_28_reg_13986          |   8|   0|    8|          0|
    |hidden_V_load_29_reg_13991          |   8|   0|    8|          0|
    |hidden_V_load_2_reg_13856           |   8|   0|    8|          0|
    |hidden_V_load_30_reg_13996          |   8|   0|    8|          0|
    |hidden_V_load_31_reg_14001          |   8|   0|    8|          0|
    |hidden_V_load_3_reg_13861           |   8|   0|    8|          0|
    |hidden_V_load_4_reg_13866           |   8|   0|    8|          0|
    |hidden_V_load_5_reg_13871           |   8|   0|    8|          0|
    |hidden_V_load_6_reg_13876           |   8|   0|    8|          0|
    |hidden_V_load_7_reg_13881           |   8|   0|    8|          0|
    |hidden_V_load_8_reg_13886           |   8|   0|    8|          0|
    |hidden_V_load_9_reg_13891           |   8|   0|    8|          0|
    |hidden_V_load_reg_13846             |   8|   0|    8|          0|
    |i_1_reg_5350                        |   6|   0|    6|          0|
    |i_2_reg_5361                        |   4|   0|    4|          0|
    |i_3_reg_5384                        |   6|   0|    6|          0|
    |i_4_reg_5395                        |   6|   0|    6|          0|
    |i_5_reg_5429                        |   6|   0|    6|          0|
    |i_reg_5339                          |   4|   0|    4|          0|
    |icmp_ln100_reg_13107                |   1|   0|    1|          0|
    |icmp_ln112_reg_14011                |   1|   0|    1|          0|
    |icmp_ln125_reg_14416                |   1|   0|    1|          0|
    |icmp_ln125_reg_14416_pp6_iter1_reg  |   1|   0|    1|          0|
    |icmp_ln131_reg_14470                |   1|   0|    1|          0|
    |icmp_ln42_reg_12204                 |   1|   0|    1|          0|
    |j_1_reg_5418                        |   4|   0|    4|          0|
    |j_reg_5407                          |   6|   0|    6|          0|
    |t_reg_5372                          |  14|   0|   14|          0|
    |trunc_ln131_reg_12772               |  13|   0|   13|          0|
    |trunc_ln146_10_reg_12094            |   8|   0|    8|          0|
    |trunc_ln146_11_reg_12099            |   8|   0|    8|          0|
    |trunc_ln146_12_reg_12104            |   8|   0|    8|          0|
    |trunc_ln146_13_reg_12109            |   8|   0|    8|          0|
    |trunc_ln146_14_reg_12114            |   8|   0|    8|          0|
    |trunc_ln146_15_reg_12119            |   8|   0|    8|          0|
    |trunc_ln146_16_reg_12124            |   8|   0|    8|          0|
    |trunc_ln146_17_reg_12129            |   8|   0|    8|          0|
    |trunc_ln146_18_reg_12134            |   8|   0|    8|          0|
    |trunc_ln146_19_reg_12139            |   8|   0|    8|          0|
    |trunc_ln146_20_reg_12144            |   8|   0|    8|          0|
    |trunc_ln146_21_reg_12149            |   8|   0|    8|          0|
    |trunc_ln146_22_reg_12154            |   8|   0|    8|          0|
    |trunc_ln146_23_reg_12159            |   8|   0|    8|          0|
    |trunc_ln146_24_reg_12164            |   8|   0|    8|          0|
    |trunc_ln146_25_reg_12169            |   8|   0|    8|          0|
    |trunc_ln146_26_reg_12174            |   8|   0|    8|          0|
    |trunc_ln146_27_reg_12179            |   8|   0|    8|          0|
    |trunc_ln146_28_reg_12184            |   8|   0|    8|          0|
    |trunc_ln146_29_reg_12189            |   8|   0|    8|          0|
    |trunc_ln146_2_reg_12049             |   8|   0|    8|          0|
    |trunc_ln146_30_reg_12194            |   8|   0|    8|          0|
    |trunc_ln146_3_reg_12054             |   8|   0|    8|          0|
    |trunc_ln146_4_reg_12059             |   8|   0|    8|          0|
    |trunc_ln146_5_reg_12064             |   8|   0|    8|          0|
    |trunc_ln146_6_reg_12069             |   8|   0|    8|          0|
    |trunc_ln146_7_reg_12074             |   8|   0|    8|          0|
    |trunc_ln146_8_reg_12079             |   8|   0|    8|          0|
    |trunc_ln146_9_reg_12084             |   8|   0|    8|          0|
    |trunc_ln146_s_reg_12089             |   8|   0|    8|          0|
    |zext_ln100_reg_13111                |   6|   0|   64|         58|
    |zext_ln112_reg_14015                |   4|   0|   64|         60|
    |zext_ln42_reg_12208                 |   4|   0|   64|         60|
    |zext_ln49_reg_12226                 |   6|   0|   64|         58|
    |zext_ln691_10_reg_12832             |   4|   0|    8|          4|
    |zext_ln691_11_reg_12837             |   4|   0|    8|          4|
    |zext_ln691_12_reg_12842             |   4|   0|    8|          4|
    |zext_ln691_13_reg_12847             |   4|   0|    8|          4|
    |zext_ln691_14_reg_12852             |   4|   0|    8|          4|
    |zext_ln691_15_reg_12857             |   4|   0|    8|          4|
    |zext_ln691_16_reg_12862             |   4|   0|    8|          4|
    |zext_ln691_17_reg_12867             |   4|   0|    8|          4|
    |zext_ln691_18_reg_12872             |   4|   0|    8|          4|
    |zext_ln691_19_reg_12877             |   4|   0|    8|          4|
    |zext_ln691_1_reg_12787              |   4|   0|    8|          4|
    |zext_ln691_20_reg_12882             |   4|   0|    8|          4|
    |zext_ln691_21_reg_12887             |   4|   0|    8|          4|
    |zext_ln691_22_reg_12892             |   4|   0|    8|          4|
    |zext_ln691_23_reg_12897             |   4|   0|    8|          4|
    |zext_ln691_24_reg_12902             |   4|   0|    8|          4|
    |zext_ln691_25_reg_12907             |   4|   0|    8|          4|
    |zext_ln691_26_reg_12912             |   4|   0|    8|          4|
    |zext_ln691_27_reg_12917             |   4|   0|    8|          4|
    |zext_ln691_28_reg_12922             |   4|   0|    8|          4|
    |zext_ln691_29_reg_12927             |   4|   0|    8|          4|
    |zext_ln691_2_reg_12792              |   4|   0|    8|          4|
    |zext_ln691_30_reg_12932             |   4|   0|    8|          4|
    |zext_ln691_31_reg_12937             |   4|   0|    8|          4|
    |zext_ln691_32_reg_12942             |   4|   0|    8|          4|
    |zext_ln691_33_reg_12947             |   4|   0|    8|          4|
    |zext_ln691_34_reg_12952             |   4|   0|    8|          4|
    |zext_ln691_35_reg_12957             |   4|   0|    8|          4|
    |zext_ln691_36_reg_12962             |   4|   0|    8|          4|
    |zext_ln691_37_reg_12967             |   4|   0|    8|          4|
    |zext_ln691_38_reg_12972             |   4|   0|    8|          4|
    |zext_ln691_39_reg_12977             |   4|   0|    8|          4|
    |zext_ln691_3_reg_12797              |   4|   0|    8|          4|
    |zext_ln691_40_reg_12982             |   4|   0|    8|          4|
    |zext_ln691_41_reg_12987             |   4|   0|    8|          4|
    |zext_ln691_42_reg_12992             |   4|   0|    8|          4|
    |zext_ln691_43_reg_12997             |   4|   0|    8|          4|
    |zext_ln691_44_reg_13002             |   4|   0|    8|          4|
    |zext_ln691_45_reg_13007             |   4|   0|    8|          4|
    |zext_ln691_46_reg_13012             |   4|   0|    8|          4|
    |zext_ln691_47_reg_13017             |   4|   0|    8|          4|
    |zext_ln691_48_reg_13022             |   4|   0|    8|          4|
    |zext_ln691_49_reg_13027             |   4|   0|    8|          4|
    |zext_ln691_4_reg_12802              |   4|   0|    8|          4|
    |zext_ln691_50_reg_13032             |   4|   0|    8|          4|
    |zext_ln691_51_reg_13037             |   4|   0|    8|          4|
    |zext_ln691_52_reg_13042             |   4|   0|    8|          4|
    |zext_ln691_53_reg_13047             |   4|   0|    8|          4|
    |zext_ln691_54_reg_13052             |   4|   0|    8|          4|
    |zext_ln691_55_reg_13057             |   4|   0|    8|          4|
    |zext_ln691_56_reg_13062             |   4|   0|    8|          4|
    |zext_ln691_57_reg_13067             |   4|   0|    8|          4|
    |zext_ln691_58_reg_13072             |   4|   0|    8|          4|
    |zext_ln691_59_reg_13077             |   4|   0|    8|          4|
    |zext_ln691_5_reg_12807              |   4|   0|    8|          4|
    |zext_ln691_60_reg_13082             |   4|   0|    8|          4|
    |zext_ln691_61_reg_13087             |   4|   0|    8|          4|
    |zext_ln691_62_reg_13092             |   4|   0|    8|          4|
    |zext_ln691_63_reg_13097             |   4|   0|    8|          4|
    |zext_ln691_6_reg_12812              |   4|   0|    8|          4|
    |zext_ln691_7_reg_12817              |   4|   0|    8|          4|
    |zext_ln691_8_reg_12822              |   4|   0|    8|          4|
    |zext_ln691_9_reg_12827              |   4|   0|    8|          4|
    |zext_ln691_reg_12782                |   4|   0|    8|          4|
    |add_ln115_1_reg_14051               |  64|  32|    9|          0|
    |icmp_ln100_reg_13107                |  64|  32|    1|          0|
    |icmp_ln112_reg_14011                |  64|  32|    1|          0|
    |zext_ln100_reg_13111                |  64|  32|   64|         58|
    |zext_ln112_reg_14015                |  64|  32|   64|         60|
    +------------------------------------+----+----+-----+-----------+
    |Total                               |1378| 160| 1690|        611|
    +------------------------------------+----+----+-----+-----------+



================================================================
== Interface
================================================================
* Summary: 
+---------------------------+-----+-----+------------+---------------------+--------------+
|         RTL Ports         | Dir | Bits|  Protocol  |    Source Object    |    C Type    |
+---------------------------+-----+-----+------------+---------------------+--------------+
|s_axi_CONTROL_BUS_AWVALID  |   in|    1|       s_axi|          CONTROL_BUS|   return void|
|s_axi_CONTROL_BUS_AWREADY  |  out|    1|       s_axi|          CONTROL_BUS|   return void|
|s_axi_CONTROL_BUS_AWADDR   |   in|    4|       s_axi|          CONTROL_BUS|   return void|
|s_axi_CONTROL_BUS_WVALID   |   in|    1|       s_axi|          CONTROL_BUS|   return void|
|s_axi_CONTROL_BUS_WREADY   |  out|    1|       s_axi|          CONTROL_BUS|   return void|
|s_axi_CONTROL_BUS_WDATA    |   in|   32|       s_axi|          CONTROL_BUS|   return void|
|s_axi_CONTROL_BUS_WSTRB    |   in|    4|       s_axi|          CONTROL_BUS|   return void|
|s_axi_CONTROL_BUS_ARVALID  |   in|    1|       s_axi|          CONTROL_BUS|   return void|
|s_axi_CONTROL_BUS_ARREADY  |  out|    1|       s_axi|          CONTROL_BUS|   return void|
|s_axi_CONTROL_BUS_ARADDR   |   in|    4|       s_axi|          CONTROL_BUS|   return void|
|s_axi_CONTROL_BUS_RVALID   |  out|    1|       s_axi|          CONTROL_BUS|   return void|
|s_axi_CONTROL_BUS_RREADY   |   in|    1|       s_axi|          CONTROL_BUS|   return void|
|s_axi_CONTROL_BUS_RDATA    |  out|   32|       s_axi|          CONTROL_BUS|   return void|
|s_axi_CONTROL_BUS_RRESP    |  out|    2|       s_axi|          CONTROL_BUS|   return void|
|s_axi_CONTROL_BUS_BVALID   |  out|    1|       s_axi|          CONTROL_BUS|   return void|
|s_axi_CONTROL_BUS_BREADY   |   in|    1|       s_axi|          CONTROL_BUS|   return void|
|s_axi_CONTROL_BUS_BRESP    |  out|    2|       s_axi|          CONTROL_BUS|   return void|
|ap_clk                     |   in|    1|  ap_ctrl_hs|             mmult_hw|  return value|
|ap_rst_n                   |   in|    1|  ap_ctrl_hs|             mmult_hw|  return value|
|interrupt                  |  out|    1|  ap_ctrl_hs|             mmult_hw|  return value|
|in_stream_TDATA            |   in|  512|        axis|   in_stream_V_data_V|       pointer|
|in_stream_TVALID           |   in|    1|        axis|   in_stream_V_dest_V|       pointer|
|in_stream_TREADY           |  out|    1|        axis|   in_stream_V_dest_V|       pointer|
|in_stream_TDEST            |   in|    5|        axis|   in_stream_V_dest_V|       pointer|
|in_stream_TKEEP            |   in|   64|        axis|   in_stream_V_keep_V|       pointer|
|in_stream_TSTRB            |   in|   64|        axis|   in_stream_V_strb_V|       pointer|
|in_stream_TUSER            |   in|    4|        axis|   in_stream_V_user_V|       pointer|
|in_stream_TLAST            |   in|    1|        axis|   in_stream_V_last_V|       pointer|
|in_stream_TID              |   in|    5|        axis|     in_stream_V_id_V|       pointer|
|out_stream_TDATA           |  out|  512|        axis|  out_stream_V_data_V|       pointer|
|out_stream_TVALID          |  out|    1|        axis|  out_stream_V_dest_V|       pointer|
|out_stream_TREADY          |   in|    1|        axis|  out_stream_V_dest_V|       pointer|
|out_stream_TDEST           |  out|    5|        axis|  out_stream_V_dest_V|       pointer|
|out_stream_TKEEP           |  out|   64|        axis|  out_stream_V_keep_V|       pointer|
|out_stream_TSTRB           |  out|   64|        axis|  out_stream_V_strb_V|       pointer|
|out_stream_TUSER           |  out|    4|        axis|  out_stream_V_user_V|       pointer|
|out_stream_TLAST           |  out|    1|        axis|  out_stream_V_last_V|       pointer|
|out_stream_TID             |  out|    5|        axis|    out_stream_V_id_V|       pointer|
+---------------------------+-----+-----+------------+---------------------+--------------+

