

================================================================
== Vitis HLS Report for 'mmult_hw'
================================================================
* Date:           Sat Mar  5 23:18:42 2022

* Version:        2020.2 (Build 3064766 on Wed Nov 18 09:12:47 MST 2020)
* Project:        accel
* Solution:       solution0 (Vivado IP Flow Target)
* Product family: zynq
* Target device:  xc7z020-clg484-1


================================================================
== Performance Estimates
================================================================
+ Timing: 
    * Summary: 
    +--------+----------+----------+------------+
    |  Clock |  Target  | Estimated| Uncertainty|
    +--------+----------+----------+------------+
    |ap_clk  |  10.00 ns|  8.352 ns|     2.70 ns|
    +--------+----------+----------+------------+

+ Latency: 
    * Summary: 
    +---------+---------+-----------+-----------+------+------+---------+
    |  Latency (cycles) |   Latency (absolute)  |   Interval  | Pipeline|
    |   min   |   max   |    min    |    max    |  min |  max |   Type  |
    +---------+---------+-----------+-----------+------+------+---------+
    |     8605|     8605|  86.050 us|  86.050 us|  8606|  8606|     none|
    +---------+---------+-----------+-----------+------+------+---------+

    + Detail: 
        * Instance: 
        N/A

        * Loop: 
        +--------------+---------+---------+----------+-----------+-----------+------+----------+
        |              |  Latency (cycles) | Iteration|  Initiation Interval  | Trip |          |
        |   Loop Name  |   min   |   max   |  Latency |  achieved |   target  | Count| Pipelined|
        +--------------+---------+---------+----------+-----------+-----------+------+----------+
        |- LOAD_OFF_1  |        5|        5|         1|          -|          -|     5|        no|
        |- LOAD_W_1    |     2580|     2580|       258|          -|          -|    10|        no|
        | + LOAD_W_2   |      256|      256|         2|          -|          -|   128|        no|
        |- LOAD_I_1    |     2064|     2064|       258|          -|          -|     8|        no|
        | + LOAD_I_2   |      256|      256|         2|          -|          -|   128|        no|
        |- L1_L2       |     3814|     3814|      1287|         32|          1|    80|       yes|
        |- STORE_O_1   |      136|      136|        17|          -|          -|     8|        no|
        | + STORE_O_2  |       15|       15|         3|          -|          -|     5|        no|
        +--------------+---------+---------+----------+-----------+-----------+------+----------+



================================================================
== Utilization Estimates
================================================================
* Summary: 
+-----------------+---------+-----+--------+-------+-----+
|       Name      | BRAM_18K| DSP |   FF   |  LUT  | URAM|
+-----------------+---------+-----+--------+-------+-----+
|DSP              |        -|    -|       -|      -|    -|
|Expression       |        -|    -|       0|   2210|    -|
|FIFO             |        -|    -|       -|      -|    -|
|Instance         |        0|   40|    2820|   5728|    -|
|Memory           |       18|    -|      64|      5|    0|
|Multiplexer      |        -|    -|       -|   4903|    -|
|Register         |        -|    -|   28290|   7808|    -|
+-----------------+---------+-----+--------+-------+-----+
|Total            |       18|   40|   31174|  20654|    0|
+-----------------+---------+-----+--------+-------+-----+
|Available        |      280|  220|  106400|  53200|    0|
+-----------------+---------+-----+--------+-------+-----+
|Utilization (%)  |        6|   18|      29|     38|    0|
+-----------------+---------+-----+--------+-------+-----+

+ Detail: 
    * Instance: 
    +-----------------------------------+--------------------------------+---------+----+-----+-----+-----+
    |              Instance             |             Module             | BRAM_18K| DSP|  FF | LUT | URAM|
    +-----------------------------------+--------------------------------+---------+----+-----+-----+-----+
    |CONTROL_BUS_s_axi_U                |CONTROL_BUS_s_axi               |        0|   0|   36|   40|    0|
    |fadd_32ns_32ns_32_5_full_dsp_1_U1  |fadd_32ns_32ns_32_5_full_dsp_1  |        0|   2|  205|  390|    0|
    |fadd_32ns_32ns_32_5_full_dsp_1_U2  |fadd_32ns_32ns_32_5_full_dsp_1  |        0|   2|  205|  390|    0|
    |fadd_32ns_32ns_32_5_full_dsp_1_U3  |fadd_32ns_32ns_32_5_full_dsp_1  |        0|   2|  205|  390|    0|
    |fadd_32ns_32ns_32_5_full_dsp_1_U4  |fadd_32ns_32ns_32_5_full_dsp_1  |        0|   2|  205|  390|    0|
    |fadd_32ns_32ns_32_5_full_dsp_1_U5  |fadd_32ns_32ns_32_5_full_dsp_1  |        0|   2|  205|  390|    0|
    |fadd_32ns_32ns_32_5_full_dsp_1_U6  |fadd_32ns_32ns_32_5_full_dsp_1  |        0|   2|  205|  390|    0|
    |fadd_32ns_32ns_32_5_full_dsp_1_U7  |fadd_32ns_32ns_32_5_full_dsp_1  |        0|   2|  205|  390|    0|
    |fadd_32ns_32ns_32_5_full_dsp_1_U8  |fadd_32ns_32ns_32_5_full_dsp_1  |        0|   2|  205|  390|    0|
    |fmul_32ns_32ns_32_4_max_dsp_1_U9   |fmul_32ns_32ns_32_4_max_dsp_1   |        0|   3|  143|  321|    0|
    |fmul_32ns_32ns_32_4_max_dsp_1_U10  |fmul_32ns_32ns_32_4_max_dsp_1   |        0|   3|  143|  321|    0|
    |fmul_32ns_32ns_32_4_max_dsp_1_U11  |fmul_32ns_32ns_32_4_max_dsp_1   |        0|   3|  143|  321|    0|
    |fmul_32ns_32ns_32_4_max_dsp_1_U12  |fmul_32ns_32ns_32_4_max_dsp_1   |        0|   3|  143|  321|    0|
    |fmul_32ns_32ns_32_4_max_dsp_1_U13  |fmul_32ns_32ns_32_4_max_dsp_1   |        0|   3|  143|  321|    0|
    |fmul_32ns_32ns_32_4_max_dsp_1_U14  |fmul_32ns_32ns_32_4_max_dsp_1   |        0|   3|  143|  321|    0|
    |fmul_32ns_32ns_32_4_max_dsp_1_U15  |fmul_32ns_32ns_32_4_max_dsp_1   |        0|   3|  143|  321|    0|
    |fmul_32ns_32ns_32_4_max_dsp_1_U16  |fmul_32ns_32ns_32_4_max_dsp_1   |        0|   3|  143|  321|    0|
    +-----------------------------------+--------------------------------+---------+----+-----+-----+-----+
    |Total                              |                                |        0|  40| 2820| 5728|    0|
    +-----------------------------------+--------------------------------+---------+----+-----+-----+-----+

    * DSP: 
    N/A

    * Memory: 
    +----------------+--------------+---------+----+----+-----+------+-----+------+-------------+
    |     Memory     |    Module    | BRAM_18K| FF | LUT| URAM| Words| Bits| Banks| W*Bits*Banks|
    +----------------+--------------+---------+----+----+-----+------+-----+------+-------------+
    |in_buf_0_U      |in_buf_0      |        2|   0|   0|    0|   512|   32|     1|        16384|
    |in_buf_1_U      |in_buf_0      |        2|   0|   0|    0|   512|   32|     1|        16384|
    |in_buf_2_U      |in_buf_0      |        2|   0|   0|    0|   512|   32|     1|        16384|
    |in_buf_3_U      |in_buf_0      |        2|   0|   0|    0|   512|   32|     1|        16384|
    |offset_buf_U    |offset_buf    |        0|  64|   5|    0|    10|   32|     1|          320|
    |out_buf_U       |out_buf       |        2|   0|   0|    0|    80|   32|     1|         2560|
    |weight_buf_0_U  |weight_buf_0  |        2|   0|   0|    0|   640|   32|     1|        20480|
    |weight_buf_1_U  |weight_buf_0  |        2|   0|   0|    0|   640|   32|     1|        20480|
    |weight_buf_2_U  |weight_buf_0  |        2|   0|   0|    0|   640|   32|     1|        20480|
    |weight_buf_3_U  |weight_buf_0  |        2|   0|   0|    0|   640|   32|     1|        20480|
    +----------------+--------------+---------+----+----+-----+------+-----+------+-------------+
    |Total           |              |       18|  64|   5|    0|  4698|  320|    10|       150336|
    +----------------+--------------+---------+----+----+-----+------+-----+------+-------------+

    * FIFO: 
    N/A

    * Expression: 
    +----------------------------+----------+----+---+----+------------+------------+
    |        Variable Name       | Operation| DSP| FF| LUT| Bitwidth P0| Bitwidth P1|
    +----------------------------+----------+----+---+----+------------+------------+
    |add_ln100_1_fu_9447_p2      |         +|   0|  0|  14|           7|           7|
    |add_ln100_fu_9425_p2        |         +|   0|  0|  14|           7|           7|
    |add_ln101_fu_9479_p2        |         +|   0|  0|  14|           7|           7|
    |add_ln102_fu_9489_p2        |         +|   0|  0|  14|           6|           1|
    |add_ln47_fu_5160_p2         |         +|   0|  0|  13|           4|           2|
    |add_ln48_fu_5154_p2         |         +|   0|  0|  11|           3|           1|
    |add_ln55_1_fu_5294_p2       |         +|   0|  0|  12|          11|           8|
    |add_ln55_2_fu_5288_p2       |         +|   0|  0|  12|          11|           8|
    |add_ln55_fu_5202_p2         |         +|   0|  0|  13|           4|           1|
    |add_ln57_fu_5300_p2         |         +|   0|  0|  14|           9|           2|
    |add_ln59_fu_5214_p2         |         +|   0|  0|  12|          11|           1|
    |add_ln67_1_fu_5404_p2       |         +|   0|  0|  12|          12|           8|
    |add_ln67_2_fu_5398_p2       |         +|   0|  0|  12|          12|           8|
    |add_ln67_fu_5312_p2         |         +|   0|  0|  13|           4|           1|
    |add_ln69_fu_5410_p2         |         +|   0|  0|  14|           9|           2|
    |add_ln71_fu_5324_p2         |         +|   0|  0|  12|          12|           1|
    |add_ln79_1_fu_5416_p2       |         +|   0|  0|  14|           7|           1|
    |add_ln79_fu_5440_p2         |         +|   0|  0|  13|           4|           1|
    |add_ln82_fu_9363_p2         |         +|   0|  0|  13|           4|           1|
    |add_ln90_1_fu_9395_p2       |         +|   0|  0|   7|           7|           7|
    |add_ln90_fu_9386_p2         |         +|   0|  0|   7|           7|           7|
    |add_ln96_1_fu_9501_p2       |         +|   0|  0|  14|           6|           3|
    |add_ln96_2_fu_9495_p2       |         +|   0|  0|  14|           6|           3|
    |add_ln96_fu_9437_p2         |         +|   0|  0|  13|           4|           1|
    |add_ln98_fu_9463_p2         |         +|   0|  0|  13|           4|           2|
    |ap_block_state2             |       and|   0|  0|   2|           1|           1|
    |ap_block_state4             |       and|   0|  0|   2|           1|           1|
    |ap_block_state7             |       and|   0|  0|   2|           1|           1|
    |icmp_ln47_fu_5148_p2        |      icmp|   0|  0|   8|           3|           3|
    |icmp_ln55_fu_5196_p2        |      icmp|   0|  0|   9|           4|           4|
    |icmp_ln57_fu_5208_p2        |      icmp|   0|  0|  11|          11|          11|
    |icmp_ln67_fu_5306_p2        |      icmp|   0|  0|   9|           4|           5|
    |icmp_ln69_fu_5318_p2        |      icmp|   0|  0|  12|          12|          12|
    |icmp_ln79_fu_5434_p2        |      icmp|   0|  0|  10|           7|           7|
    |icmp_ln82_fu_5446_p2        |      icmp|   0|  0|   9|           4|           4|
    |icmp_ln96_fu_9431_p2        |      icmp|   0|  0|   9|           4|           5|
    |icmp_ln98_fu_9457_p2        |      icmp|   0|  0|  10|           6|           6|
    |or_ln101_fu_9469_p2         |        or|   0|  0|   4|           4|           1|
    |or_ln50_fu_5185_p2          |        or|   0|  0|   4|           4|           1|
    |or_ln61_fu_5266_p2          |        or|   0|  0|   6|           6|           1|
    |or_ln73_fu_5376_p2          |        or|   0|  0|   6|           6|           1|
    |or_ln79_10_fu_6351_p2       |        or|   0|  0|   9|           9|           4|
    |or_ln79_11_fu_6425_p2       |        or|   0|  0|   9|           9|           4|
    |or_ln79_12_fu_6465_p2       |        or|   0|  0|   9|           9|           4|
    |or_ln79_13_fu_6539_p2       |        or|   0|  0|   9|           9|           4|
    |or_ln79_14_fu_6579_p2       |        or|   0|  0|   9|           9|           4|
    |or_ln79_15_fu_6653_p2       |        or|   0|  0|   9|           9|           5|
    |or_ln79_16_fu_6693_p2       |        or|   0|  0|   9|           9|           5|
    |or_ln79_17_fu_6767_p2       |        or|   0|  0|   9|           9|           5|
    |or_ln79_18_fu_6807_p2       |        or|   0|  0|   9|           9|           5|
    |or_ln79_19_fu_6881_p2       |        or|   0|  0|   9|           9|           5|
    |or_ln79_1_fu_5855_p2        |        or|   0|  0|   9|           9|           2|
    |or_ln79_20_fu_6921_p2       |        or|   0|  0|   9|           9|           5|
    |or_ln79_21_fu_6995_p2       |        or|   0|  0|   9|           9|           5|
    |or_ln79_22_fu_7035_p2       |        or|   0|  0|   9|           9|           5|
    |or_ln79_23_fu_7109_p2       |        or|   0|  0|   9|           9|           5|
    |or_ln79_24_fu_7149_p2       |        or|   0|  0|   9|           9|           5|
    |or_ln79_25_fu_7223_p2       |        or|   0|  0|   9|           9|           5|
    |or_ln79_26_fu_7263_p2       |        or|   0|  0|   9|           9|           5|
    |or_ln79_27_fu_7337_p2       |        or|   0|  0|   9|           9|           5|
    |or_ln79_28_fu_7377_p2       |        or|   0|  0|   9|           9|           5|
    |or_ln79_29_fu_7451_p2       |        or|   0|  0|   9|           9|           5|
    |or_ln79_2_fu_5895_p2        |        or|   0|  0|   9|           9|           2|
    |or_ln79_30_fu_7491_p2       |        or|   0|  0|   9|           9|           5|
    |or_ln79_31_fu_7565_p2       |        or|   0|  0|   9|           9|           6|
    |or_ln79_32_fu_7605_p2       |        or|   0|  0|   9|           9|           6|
    |or_ln79_33_fu_7679_p2       |        or|   0|  0|   9|           9|           6|
    |or_ln79_34_fu_7719_p2       |        or|   0|  0|   9|           9|           6|
    |or_ln79_35_fu_7793_p2       |        or|   0|  0|   9|           9|           6|
    |or_ln79_36_fu_7833_p2       |        or|   0|  0|   9|           9|           6|
    |or_ln79_37_fu_7907_p2       |        or|   0|  0|   9|           9|           6|
    |or_ln79_38_fu_7947_p2       |        or|   0|  0|   9|           9|           6|
    |or_ln79_39_fu_8021_p2       |        or|   0|  0|   9|           9|           6|
    |or_ln79_3_fu_5969_p2        |        or|   0|  0|   9|           9|           3|
    |or_ln79_40_fu_8061_p2       |        or|   0|  0|   9|           9|           6|
    |or_ln79_41_fu_8135_p2       |        or|   0|  0|   9|           9|           6|
    |or_ln79_42_fu_8175_p2       |        or|   0|  0|   9|           9|           6|
    |or_ln79_43_fu_8249_p2       |        or|   0|  0|   9|           9|           6|
    |or_ln79_44_fu_8289_p2       |        or|   0|  0|   9|           9|           6|
    |or_ln79_45_fu_8363_p2       |        or|   0|  0|   9|           9|           6|
    |or_ln79_46_fu_8403_p2       |        or|   0|  0|   9|           9|           6|
    |or_ln79_47_fu_8477_p2       |        or|   0|  0|   9|           9|           6|
    |or_ln79_48_fu_8517_p2       |        or|   0|  0|   9|           9|           6|
    |or_ln79_49_fu_8591_p2       |        or|   0|  0|   9|           9|           6|
    |or_ln79_4_fu_6009_p2        |        or|   0|  0|   9|           9|           3|
    |or_ln79_50_fu_8631_p2       |        or|   0|  0|   9|           9|           6|
    |or_ln79_51_fu_8705_p2       |        or|   0|  0|   9|           9|           6|
    |or_ln79_52_fu_8745_p2       |        or|   0|  0|   9|           9|           6|
    |or_ln79_53_fu_8819_p2       |        or|   0|  0|   9|           9|           6|
    |or_ln79_54_fu_8859_p2       |        or|   0|  0|   9|           9|           6|
    |or_ln79_55_fu_8933_p2       |        or|   0|  0|   9|           9|           6|
    |or_ln79_56_fu_8973_p2       |        or|   0|  0|   9|           9|           6|
    |or_ln79_57_fu_9047_p2       |        or|   0|  0|   9|           9|           6|
    |or_ln79_58_fu_9087_p2       |        or|   0|  0|   9|           9|           6|
    |or_ln79_59_fu_9161_p2       |        or|   0|  0|   9|           9|           6|
    |or_ln79_5_fu_6083_p2        |        or|   0|  0|   9|           9|           3|
    |or_ln79_60_fu_9201_p2       |        or|   0|  0|   9|           9|           6|
    |or_ln79_61_fu_9275_p2       |        or|   0|  0|   9|           9|           6|
    |or_ln79_62_fu_9315_p2       |        or|   0|  0|   9|           9|           6|
    |or_ln79_6_fu_6123_p2        |        or|   0|  0|   9|           9|           3|
    |or_ln79_7_fu_6197_p2        |        or|   0|  0|   9|           9|           4|
    |or_ln79_8_fu_6237_p2        |        or|   0|  0|   9|           9|           4|
    |or_ln79_9_fu_6311_p2        |        or|   0|  0|   9|           9|           4|
    |or_ln79_fu_5528_p2          |        or|   0|  0|   9|           9|           1|
    |or_ln88_10_fu_6382_p2       |        or|   0|  0|  10|          10|           4|
    |or_ln88_11_fu_6479_p2       |        or|   0|  0|  10|          10|           4|
    |or_ln88_12_fu_6496_p2       |        or|   0|  0|  10|          10|           4|
    |or_ln88_13_fu_6593_p2       |        or|   0|  0|  10|          10|           4|
    |or_ln88_14_fu_6610_p2       |        or|   0|  0|  10|          10|           4|
    |or_ln88_15_fu_6707_p2       |        or|   0|  0|  10|          10|           5|
    |or_ln88_16_fu_6724_p2       |        or|   0|  0|  10|          10|           5|
    |or_ln88_17_fu_6821_p2       |        or|   0|  0|  10|          10|           5|
    |or_ln88_18_fu_6838_p2       |        or|   0|  0|  10|          10|           5|
    |or_ln88_19_fu_6935_p2       |        or|   0|  0|  10|          10|           5|
    |or_ln88_1_fu_5909_p2        |        or|   0|  0|  10|          10|           2|
    |or_ln88_20_fu_6952_p2       |        or|   0|  0|  10|          10|           5|
    |or_ln88_21_fu_7049_p2       |        or|   0|  0|  10|          10|           5|
    |or_ln88_22_fu_7066_p2       |        or|   0|  0|  10|          10|           5|
    |or_ln88_23_fu_7163_p2       |        or|   0|  0|  10|          10|           5|
    |or_ln88_24_fu_7180_p2       |        or|   0|  0|  10|          10|           5|
    |or_ln88_25_fu_7277_p2       |        or|   0|  0|  10|          10|           5|
    |or_ln88_26_fu_7294_p2       |        or|   0|  0|  10|          10|           5|
    |or_ln88_27_fu_7391_p2       |        or|   0|  0|  10|          10|           5|
    |or_ln88_28_fu_7408_p2       |        or|   0|  0|  10|          10|           5|
    |or_ln88_29_fu_7505_p2       |        or|   0|  0|  10|          10|           5|
    |or_ln88_2_fu_5926_p2        |        or|   0|  0|  10|          10|           2|
    |or_ln88_30_fu_7522_p2       |        or|   0|  0|  10|          10|           5|
    |or_ln88_31_fu_7619_p2       |        or|   0|  0|  10|          10|           6|
    |or_ln88_32_fu_7636_p2       |        or|   0|  0|  10|          10|           6|
    |or_ln88_33_fu_7733_p2       |        or|   0|  0|  10|          10|           6|
    |or_ln88_34_fu_7750_p2       |        or|   0|  0|  10|          10|           6|
    |or_ln88_35_fu_7847_p2       |        or|   0|  0|  10|          10|           6|
    |or_ln88_36_fu_7864_p2       |        or|   0|  0|  10|          10|           6|
    |or_ln88_37_fu_7961_p2       |        or|   0|  0|  10|          10|           6|
    |or_ln88_38_fu_7978_p2       |        or|   0|  0|  10|          10|           6|
    |or_ln88_39_fu_8075_p2       |        or|   0|  0|  10|          10|           6|
    |or_ln88_3_fu_6023_p2        |        or|   0|  0|  10|          10|           3|
    |or_ln88_40_fu_8092_p2       |        or|   0|  0|  10|          10|           6|
    |or_ln88_41_fu_8189_p2       |        or|   0|  0|  10|          10|           6|
    |or_ln88_42_fu_8206_p2       |        or|   0|  0|  10|          10|           6|
    |or_ln88_43_fu_8303_p2       |        or|   0|  0|  10|          10|           6|
    |or_ln88_44_fu_8320_p2       |        or|   0|  0|  10|          10|           6|
    |or_ln88_45_fu_8417_p2       |        or|   0|  0|  10|          10|           6|
    |or_ln88_46_fu_8434_p2       |        or|   0|  0|  10|          10|           6|
    |or_ln88_47_fu_8531_p2       |        or|   0|  0|  10|          10|           6|
    |or_ln88_48_fu_8548_p2       |        or|   0|  0|  10|          10|           6|
    |or_ln88_49_fu_8645_p2       |        or|   0|  0|  10|          10|           6|
    |or_ln88_4_fu_6040_p2        |        or|   0|  0|  10|          10|           3|
    |or_ln88_50_fu_8662_p2       |        or|   0|  0|  10|          10|           6|
    |or_ln88_51_fu_8759_p2       |        or|   0|  0|  10|          10|           6|
    |or_ln88_52_fu_8776_p2       |        or|   0|  0|  10|          10|           6|
    |or_ln88_53_fu_8873_p2       |        or|   0|  0|  10|          10|           6|
    |or_ln88_54_fu_8890_p2       |        or|   0|  0|  10|          10|           6|
    |or_ln88_55_fu_8987_p2       |        or|   0|  0|  10|          10|           6|
    |or_ln88_56_fu_9004_p2       |        or|   0|  0|  10|          10|           6|
    |or_ln88_57_fu_9101_p2       |        or|   0|  0|  10|          10|           6|
    |or_ln88_58_fu_9118_p2       |        or|   0|  0|  10|          10|           6|
    |or_ln88_59_fu_9215_p2       |        or|   0|  0|  10|          10|           6|
    |or_ln88_5_fu_6137_p2        |        or|   0|  0|  10|          10|           3|
    |or_ln88_60_fu_9232_p2       |        or|   0|  0|  10|          10|           6|
    |or_ln88_61_fu_9329_p2       |        or|   0|  0|  10|          10|           6|
    |or_ln88_62_fu_9346_p2       |        or|   0|  0|  10|          10|           6|
    |or_ln88_6_fu_6154_p2        |        or|   0|  0|  10|          10|           3|
    |or_ln88_7_fu_6251_p2        |        or|   0|  0|  10|          10|           4|
    |or_ln88_8_fu_6268_p2        |        or|   0|  0|  10|          10|           4|
    |or_ln88_9_fu_6365_p2        |        or|   0|  0|  10|          10|           4|
    |or_ln88_fu_5811_p2          |        or|   0|  0|  10|          10|           1|
    |select_ln79_100_fu_7672_p3  |    select|   0|  0|   9|           1|           9|
    |select_ln79_101_fu_7712_p3  |    select|   0|  0|   9|           1|           9|
    |select_ln79_102_fu_7786_p3  |    select|   0|  0|   9|           1|           9|
    |select_ln79_103_fu_7826_p3  |    select|   0|  0|   9|           1|           9|
    |select_ln79_104_fu_7900_p3  |    select|   0|  0|   9|           1|           9|
    |select_ln79_105_fu_7940_p3  |    select|   0|  0|   9|           1|           9|
    |select_ln79_106_fu_8014_p3  |    select|   0|  0|   9|           1|           9|
    |select_ln79_107_fu_8054_p3  |    select|   0|  0|   9|           1|           9|
    |select_ln79_108_fu_8128_p3  |    select|   0|  0|   9|           1|           9|
    |select_ln79_109_fu_8168_p3  |    select|   0|  0|   9|           1|           9|
    |select_ln79_110_fu_8242_p3  |    select|   0|  0|   9|           1|           9|
    |select_ln79_111_fu_8282_p3  |    select|   0|  0|   9|           1|           9|
    |select_ln79_112_fu_8356_p3  |    select|   0|  0|   9|           1|           9|
    |select_ln79_113_fu_8396_p3  |    select|   0|  0|   9|           1|           9|
    |select_ln79_114_fu_8470_p3  |    select|   0|  0|   9|           1|           9|
    |select_ln79_115_fu_8510_p3  |    select|   0|  0|   9|           1|           9|
    |select_ln79_116_fu_8584_p3  |    select|   0|  0|   9|           1|           9|
    |select_ln79_117_fu_8624_p3  |    select|   0|  0|   9|           1|           9|
    |select_ln79_118_fu_8698_p3  |    select|   0|  0|   9|           1|           9|
    |select_ln79_119_fu_8738_p3  |    select|   0|  0|   9|           1|           9|
    |select_ln79_120_fu_8812_p3  |    select|   0|  0|   9|           1|           9|
    |select_ln79_121_fu_8852_p3  |    select|   0|  0|   9|           1|           9|
    |select_ln79_122_fu_8926_p3  |    select|   0|  0|   9|           1|           9|
    |select_ln79_123_fu_8966_p3  |    select|   0|  0|   9|           1|           9|
    |select_ln79_124_fu_9040_p3  |    select|   0|  0|   9|           1|           9|
    |select_ln79_125_fu_9080_p3  |    select|   0|  0|   9|           1|           9|
    |select_ln79_126_fu_9154_p3  |    select|   0|  0|   9|           1|           9|
    |select_ln79_127_fu_9194_p3  |    select|   0|  0|   9|           1|           9|
    |select_ln79_128_fu_9268_p3  |    select|   0|  0|   9|           1|           9|
    |select_ln79_129_fu_9308_p3  |    select|   0|  0|   9|           1|           9|
    |select_ln79_1_fu_5472_p3    |    select|   0|  0|   4|           1|           4|
    |select_ln79_66_fu_5480_p3   |    select|   0|  0|   9|           1|           9|
    |select_ln79_67_fu_5520_p3   |    select|   0|  0|   9|           1|           9|
    |select_ln79_68_fu_5848_p3   |    select|   0|  0|   9|           1|           9|
    |select_ln79_69_fu_5888_p3   |    select|   0|  0|   9|           1|           9|
    |select_ln79_70_fu_5962_p3   |    select|   0|  0|   9|           1|           9|
    |select_ln79_71_fu_6002_p3   |    select|   0|  0|   9|           1|           9|
    |select_ln79_72_fu_6076_p3   |    select|   0|  0|   9|           1|           9|
    |select_ln79_73_fu_6116_p3   |    select|   0|  0|   9|           1|           9|
    |select_ln79_74_fu_6190_p3   |    select|   0|  0|   9|           1|           9|
    |select_ln79_75_fu_6230_p3   |    select|   0|  0|   9|           1|           9|
    |select_ln79_76_fu_6304_p3   |    select|   0|  0|   9|           1|           9|
    |select_ln79_77_fu_6344_p3   |    select|   0|  0|   9|           1|           9|
    |select_ln79_78_fu_6418_p3   |    select|   0|  0|   9|           1|           9|
    |select_ln79_79_fu_6458_p3   |    select|   0|  0|   9|           1|           9|
    |select_ln79_80_fu_6532_p3   |    select|   0|  0|   9|           1|           9|
    |select_ln79_81_fu_6572_p3   |    select|   0|  0|   9|           1|           9|
    |select_ln79_82_fu_6646_p3   |    select|   0|  0|   9|           1|           9|
    |select_ln79_83_fu_6686_p3   |    select|   0|  0|   9|           1|           9|
    |select_ln79_84_fu_6760_p3   |    select|   0|  0|   9|           1|           9|
    |select_ln79_85_fu_6800_p3   |    select|   0|  0|   9|           1|           9|
    |select_ln79_86_fu_6874_p3   |    select|   0|  0|   9|           1|           9|
    |select_ln79_87_fu_6914_p3   |    select|   0|  0|   9|           1|           9|
    |select_ln79_88_fu_6988_p3   |    select|   0|  0|   9|           1|           9|
    |select_ln79_89_fu_7028_p3   |    select|   0|  0|   9|           1|           9|
    |select_ln79_90_fu_7102_p3   |    select|   0|  0|   9|           1|           9|
    |select_ln79_91_fu_7142_p3   |    select|   0|  0|   9|           1|           9|
    |select_ln79_92_fu_7216_p3   |    select|   0|  0|   9|           1|           9|
    |select_ln79_93_fu_7256_p3   |    select|   0|  0|   9|           1|           9|
    |select_ln79_94_fu_7330_p3   |    select|   0|  0|   9|           1|           9|
    |select_ln79_95_fu_7370_p3   |    select|   0|  0|   9|           1|           9|
    |select_ln79_96_fu_7444_p3   |    select|   0|  0|   9|           1|           9|
    |select_ln79_97_fu_7484_p3   |    select|   0|  0|   9|           1|           9|
    |select_ln79_98_fu_7558_p3   |    select|   0|  0|   9|           1|           9|
    |select_ln79_99_fu_7598_p3   |    select|   0|  0|   9|           1|           9|
    |select_ln79_fu_5452_p3      |    select|   0|  0|   4|           1|           1|
    |ap_enable_pp0               |       xor|   0|  0|   2|           1|           2|
    +----------------------------+----------+----+---+----+------------+------------+
    |Total                       |          |   0|  0|2210|        1520|        1380|
    +----------------------------+----------+----+---+----+------------+------------+

    * Multiplexer: 
    +------------------------------------------+-----+-----------+-----+-----------+
    |                   Name                   | LUT | Input Size| Bits| Total Bits|
    +------------------------------------------+-----+-----------+-----+-----------+
    |ap_NS_fsm                                 |  201|         46|    1|         46|
    |ap_enable_reg_pp0_iter40                  |    9|          2|    1|          2|
    |ap_phi_mux_i_3_phi_fu_4436_p4             |    9|          2|    4|          8|
    |ap_phi_mux_indvar_flatten_phi_fu_4425_p4  |    9|          2|    7|         14|
    |ap_phi_mux_j_2_phi_fu_4448_p4             |    9|          2|    4|          8|
    |grp_fu_4511_p0                            |   42|          8|   32|        256|
    |grp_fu_4511_p1                            |  147|         33|   32|       1056|
    |grp_fu_4515_p0                            |   42|          8|   32|        256|
    |grp_fu_4515_p1                            |  147|         33|   32|       1056|
    |grp_fu_4519_p0                            |   42|          8|   32|        256|
    |grp_fu_4519_p1                            |  147|         33|   32|       1056|
    |grp_fu_4523_p0                            |   42|          8|   32|        256|
    |grp_fu_4523_p1                            |  147|         33|   32|       1056|
    |grp_fu_4527_p0                            |   42|          8|   32|        256|
    |grp_fu_4527_p1                            |  147|         33|   32|       1056|
    |grp_fu_4531_p0                            |   42|          8|   32|        256|
    |grp_fu_4531_p1                            |  147|         33|   32|       1056|
    |grp_fu_4535_p0                            |   42|          8|   32|        256|
    |grp_fu_4535_p1                            |  147|         33|   32|       1056|
    |grp_fu_4539_p0                            |   42|          8|   32|        256|
    |grp_fu_4539_p1                            |  147|         33|   32|       1056|
    |grp_fu_4543_p0                            |   25|          5|   32|        160|
    |grp_fu_4543_p1                            |   25|          5|   32|        160|
    |grp_fu_4547_p0                            |   25|          5|   32|        160|
    |grp_fu_4547_p1                            |   25|          5|   32|        160|
    |grp_fu_4551_p0                            |   25|          5|   32|        160|
    |grp_fu_4551_p1                            |   25|          5|   32|        160|
    |grp_fu_4555_p0                            |   25|          5|   32|        160|
    |grp_fu_4555_p1                            |   25|          5|   32|        160|
    |grp_fu_4559_p0                            |   25|          5|   32|        160|
    |grp_fu_4559_p1                            |   25|          5|   32|        160|
    |grp_fu_4563_p0                            |   25|          5|   32|        160|
    |grp_fu_4563_p1                            |   25|          5|   32|        160|
    |grp_fu_4567_p0                            |   25|          5|   32|        160|
    |grp_fu_4567_p1                            |   25|          5|   32|        160|
    |grp_fu_4571_p0                            |   25|          5|   32|        160|
    |grp_fu_4571_p1                            |   25|          5|   32|        160|
    |i_1_reg_4329                              |    9|          2|    4|          8|
    |i_2_reg_4387                              |    9|          2|    4|          8|
    |i_3_reg_4432                              |    9|          2|    4|          8|
    |i_4_reg_4467                              |    9|          2|    4|          8|
    |i_reg_4283                                |    9|          2|    4|          8|
    |in_buf_0_address0                         |  147|         33|    9|        297|
    |in_buf_0_address1                         |  155|         35|    9|        315|
    |in_buf_0_d1                               |   14|          3|   32|         96|
    |in_buf_1_address0                         |  147|         33|    9|        297|
    |in_buf_1_address1                         |  155|         35|    9|        315|
    |in_buf_1_d1                               |   14|          3|   32|         96|
    |in_buf_2_address0                         |  147|         33|    9|        297|
    |in_buf_2_address1                         |  155|         35|    9|        315|
    |in_buf_2_d1                               |   14|          3|   32|         96|
    |in_buf_3_address0                         |  147|         33|    9|        297|
    |in_buf_3_address1                         |  155|         35|    9|        315|
    |in_buf_3_d1                               |   14|          3|   32|         96|
    |in_stream_TDATA_blk_n                     |    9|          2|    1|          2|
    |indvar_flatten_reg_4421                   |    9|          2|    7|         14|
    |indvars_iv153_reg_4478                    |    9|          2|    6|         12|
    |indvars_iv197_reg_4375                    |    9|          2|   12|         24|
    |indvars_iv203_reg_4317                    |    9|          2|   11|         22|
    |is_idx_1_reg_4305                         |    9|          2|   11|         22|
    |is_idx_2_reg_4363                         |    9|          2|   12|         24|
    |is_idx_3_reg_4353                         |    9|          2|   11|         22|
    |is_idx_4_reg_4411                         |    9|          2|   12|         24|
    |is_idx_reg_4294                           |    9|          2|    3|          6|
    |j_1_reg_4399                              |    9|          2|    9|         18|
    |j_2_reg_4444                              |    9|          2|    4|          8|
    |j_3_reg_4500                              |    9|          2|    4|          8|
    |j_reg_4341                                |    9|          2|    9|         18|
    |offset_buf_address0                       |   14|          3|    4|         12|
    |os_idx_1_reg_4490                         |    9|          2|    6|         12|
    |os_idx_reg_4455                           |    9|          2|    6|         12|
    |out_buf_address0                          |   14|          3|    7|         21|
    |out_stream_TDATA_blk_n                    |    9|          2|    1|          2|
    |weight_buf_0_address0                     |  147|         33|   10|        330|
    |weight_buf_0_address1                     |  155|         35|   10|        350|
    |weight_buf_0_d1                           |   14|          3|   32|         96|
    |weight_buf_1_address0                     |  147|         33|   10|        330|
    |weight_buf_1_address1                     |  155|         35|   10|        350|
    |weight_buf_1_d1                           |   14|          3|   32|         96|
    |weight_buf_2_address0                     |  147|         33|   10|        330|
    |weight_buf_2_address1                     |  155|         35|   10|        350|
    |weight_buf_2_d1                           |   14|          3|   32|         96|
    |weight_buf_3_address0                     |  147|         33|   10|        330|
    |weight_buf_3_address1                     |  155|         35|   10|        350|
    |weight_buf_3_d1                           |   14|          3|   32|         96|
    +------------------------------------------+-----+-----------+-----+-----------+
    |Total                                     | 4903|       1080| 1605|      19393|
    +------------------------------------------+-----+-----------+-----+-----------+

    * Register: 
    +--------------------------------------+-----+----+-----+-----------+
    |                 Name                 |  FF | LUT| Bits| Const Bits|
    +--------------------------------------+-----+----+-----+-----------+
    |add_ln100_reg_14003                   |    6|   0|    7|          1|
    |add_ln102_reg_14035                   |    6|   0|    6|          0|
    |add_ln55_reg_9550                     |    4|   0|    4|          0|
    |add_ln59_reg_9558                     |   11|   0|   11|          0|
    |add_ln67_reg_9614                     |    4|   0|    4|          0|
    |add_ln71_reg_9622                     |   12|   0|   12|          0|
    |add_ln79_1_reg_9674                   |    7|   0|    7|          0|
    |add_ln82_reg_13788                    |    4|   0|    4|          0|
    |add_ln90_1_reg_13993                  |    7|   0|    7|          0|
    |add_ln96_reg_14012                    |    4|   0|    4|          0|
    |add_ln98_reg_14025                    |    4|   0|    4|          0|
    |ap_CS_fsm                             |   45|   0|   45|          0|
    |ap_enable_reg_pp0_iter0               |    1|   0|    1|          0|
    |ap_enable_reg_pp0_iter1               |    1|   0|    1|          0|
    |ap_enable_reg_pp0_iter10              |    1|   0|    1|          0|
    |ap_enable_reg_pp0_iter11              |    1|   0|    1|          0|
    |ap_enable_reg_pp0_iter12              |    1|   0|    1|          0|
    |ap_enable_reg_pp0_iter13              |    1|   0|    1|          0|
    |ap_enable_reg_pp0_iter14              |    1|   0|    1|          0|
    |ap_enable_reg_pp0_iter15              |    1|   0|    1|          0|
    |ap_enable_reg_pp0_iter16              |    1|   0|    1|          0|
    |ap_enable_reg_pp0_iter17              |    1|   0|    1|          0|
    |ap_enable_reg_pp0_iter18              |    1|   0|    1|          0|
    |ap_enable_reg_pp0_iter19              |    1|   0|    1|          0|
    |ap_enable_reg_pp0_iter2               |    1|   0|    1|          0|
    |ap_enable_reg_pp0_iter20              |    1|   0|    1|          0|
    |ap_enable_reg_pp0_iter21              |    1|   0|    1|          0|
    |ap_enable_reg_pp0_iter22              |    1|   0|    1|          0|
    |ap_enable_reg_pp0_iter23              |    1|   0|    1|          0|
    |ap_enable_reg_pp0_iter24              |    1|   0|    1|          0|
    |ap_enable_reg_pp0_iter25              |    1|   0|    1|          0|
    |ap_enable_reg_pp0_iter26              |    1|   0|    1|          0|
    |ap_enable_reg_pp0_iter27              |    1|   0|    1|          0|
    |ap_enable_reg_pp0_iter28              |    1|   0|    1|          0|
    |ap_enable_reg_pp0_iter29              |    1|   0|    1|          0|
    |ap_enable_reg_pp0_iter3               |    1|   0|    1|          0|
    |ap_enable_reg_pp0_iter30              |    1|   0|    1|          0|
    |ap_enable_reg_pp0_iter31              |    1|   0|    1|          0|
    |ap_enable_reg_pp0_iter32              |    1|   0|    1|          0|
    |ap_enable_reg_pp0_iter33              |    1|   0|    1|          0|
    |ap_enable_reg_pp0_iter34              |    1|   0|    1|          0|
    |ap_enable_reg_pp0_iter35              |    1|   0|    1|          0|
    |ap_enable_reg_pp0_iter36              |    1|   0|    1|          0|
    |ap_enable_reg_pp0_iter37              |    1|   0|    1|          0|
    |ap_enable_reg_pp0_iter38              |    1|   0|    1|          0|
    |ap_enable_reg_pp0_iter39              |    1|   0|    1|          0|
    |ap_enable_reg_pp0_iter4               |    1|   0|    1|          0|
    |ap_enable_reg_pp0_iter40              |    1|   0|    1|          0|
    |ap_enable_reg_pp0_iter5               |    1|   0|    1|          0|
    |ap_enable_reg_pp0_iter6               |    1|   0|    1|          0|
    |ap_enable_reg_pp0_iter7               |    1|   0|    1|          0|
    |ap_enable_reg_pp0_iter8               |    1|   0|    1|          0|
    |ap_enable_reg_pp0_iter9               |    1|   0|    1|          0|
    |bitcast_ln61_reg_9567                 |   32|   0|   32|          0|
    |bitcast_ln73_reg_9631                 |   32|   0|   32|          0|
    |i_1_reg_4329                          |    4|   0|    4|          0|
    |i_2_reg_4387                          |    4|   0|    4|          0|
    |i_3_reg_4432                          |    4|   0|    4|          0|
    |i_4_reg_4467                          |    4|   0|    4|          0|
    |i_reg_4283                            |    4|   0|    4|          0|
    |icmp_ln79_reg_9679                    |    1|   0|    1|          0|
    |icmp_ln82_reg_9683                    |    1|   0|    1|          0|
    |in_buf_0_addr_65_reg_9639             |    8|   0|    9|          1|
    |in_buf_1_addr_65_reg_9644             |    8|   0|    9|          1|
    |in_buf_2_addr_65_reg_9649             |    8|   0|    9|          1|
    |in_buf_3_addr_65_reg_9654             |    8|   0|    9|          1|
    |indvar_flatten_reg_4421               |    7|   0|    7|          0|
    |indvars_iv153_reg_4478                |    6|   0|    6|          0|
    |indvars_iv197_reg_4375                |   12|   0|   12|          0|
    |indvars_iv203_reg_4317                |   11|   0|   11|          0|
    |is_idx_1_reg_4305                     |   11|   0|   11|          0|
    |is_idx_2_reg_4363                     |   12|   0|   12|          0|
    |is_idx_3_reg_4353                     |   11|   0|   11|          0|
    |is_idx_4_reg_4411                     |   12|   0|   12|          0|
    |is_idx_reg_4294                       |    3|   0|    3|          0|
    |j_1_reg_4399                          |    9|   0|    9|          0|
    |j_2_reg_4444                          |    4|   0|    4|          0|
    |j_3_reg_4500                          |    4|   0|    4|          0|
    |j_reg_4341                            |    9|   0|    9|          0|
    |mul_100_reg_12803                     |   32|   0|   32|          0|
    |mul_101_reg_12918                     |   32|   0|   32|          0|
    |mul_102_reg_12923                     |   32|   0|   32|          0|
    |mul_103_reg_13038                     |   32|   0|   32|          0|
    |mul_104_reg_13043                     |   32|   0|   32|          0|
    |mul_105_reg_13158                     |   32|   0|   32|          0|
    |mul_106_reg_13163                     |   32|   0|   32|          0|
    |mul_107_reg_13278                     |   32|   0|   32|          0|
    |mul_108_reg_13283                     |   32|   0|   32|          0|
    |mul_109_reg_13398                     |   32|   0|   32|          0|
    |mul_10_reg_11233                      |   32|   0|   32|          0|
    |mul_10_reg_11233_pp0_iter1_reg        |   32|   0|   32|          0|
    |mul_110_reg_13403                     |   32|   0|   32|          0|
    |mul_111_reg_13518                     |   32|   0|   32|          0|
    |mul_112_reg_13523                     |   32|   0|   32|          0|
    |mul_113_reg_13638                     |   32|   0|   32|          0|
    |mul_114_reg_13643                     |   32|   0|   32|          0|
    |mul_115_reg_13758                     |   32|   0|   32|          0|
    |mul_116_reg_13763                     |   32|   0|   32|          0|
    |mul_117_reg_13803                     |   32|   0|   32|          0|
    |mul_118_reg_13808                     |   32|   0|   32|          0|
    |mul_119_reg_13843                     |   32|   0|   32|          0|
    |mul_11_reg_11348                      |   32|   0|   32|          0|
    |mul_11_reg_11348_pp0_iter1_reg        |   32|   0|   32|          0|
    |mul_120_reg_13848                     |   32|   0|   32|          0|
    |mul_121_reg_13883                     |   32|   0|   32|          0|
    |mul_122_reg_13888                     |   32|   0|   32|          0|
    |mul_123_reg_13923                     |   32|   0|   32|          0|
    |mul_124_reg_13928                     |   32|   0|   32|          0|
    |mul_125_reg_13963                     |   32|   0|   32|          0|
    |mul_126_reg_13968                     |   32|   0|   32|          0|
    |mul_127_reg_10648                     |   32|   0|   32|          0|
    |mul_128_reg_10653                     |   32|   0|   32|          0|
    |mul_129_reg_10768                     |   32|   0|   32|          0|
    |mul_12_reg_11353                      |   32|   0|   32|          0|
    |mul_12_reg_11353_pp0_iter1_reg        |   32|   0|   32|          0|
    |mul_130_reg_10773                     |   32|   0|   32|          0|
    |mul_131_reg_10888                     |   32|   0|   32|          0|
    |mul_132_reg_10893                     |   32|   0|   32|          0|
    |mul_133_reg_11008                     |   32|   0|   32|          0|
    |mul_134_reg_11013                     |   32|   0|   32|          0|
    |mul_135_reg_11128                     |   32|   0|   32|          0|
    |mul_136_reg_11133                     |   32|   0|   32|          0|
    |mul_137_reg_11248                     |   32|   0|   32|          0|
    |mul_138_reg_11253                     |   32|   0|   32|          0|
    |mul_139_reg_11368                     |   32|   0|   32|          0|
    |mul_13_reg_11468                      |   32|   0|   32|          0|
    |mul_140_reg_11373                     |   32|   0|   32|          0|
    |mul_141_reg_11488                     |   32|   0|   32|          0|
    |mul_142_reg_11493                     |   32|   0|   32|          0|
    |mul_143_reg_11608                     |   32|   0|   32|          0|
    |mul_144_reg_11613                     |   32|   0|   32|          0|
    |mul_145_reg_11728                     |   32|   0|   32|          0|
    |mul_146_reg_11733                     |   32|   0|   32|          0|
    |mul_147_reg_11848                     |   32|   0|   32|          0|
    |mul_148_reg_11853                     |   32|   0|   32|          0|
    |mul_149_reg_11968                     |   32|   0|   32|          0|
    |mul_14_reg_11473                      |   32|   0|   32|          0|
    |mul_150_reg_11973                     |   32|   0|   32|          0|
    |mul_151_reg_12088                     |   32|   0|   32|          0|
    |mul_152_reg_12093                     |   32|   0|   32|          0|
    |mul_153_reg_12208                     |   32|   0|   32|          0|
    |mul_154_reg_12213                     |   32|   0|   32|          0|
    |mul_155_reg_12328                     |   32|   0|   32|          0|
    |mul_156_reg_12333                     |   32|   0|   32|          0|
    |mul_157_reg_12448                     |   32|   0|   32|          0|
    |mul_158_reg_12453                     |   32|   0|   32|          0|
    |mul_159_reg_12568                     |   32|   0|   32|          0|
    |mul_15_reg_11588                      |   32|   0|   32|          0|
    |mul_160_reg_12573                     |   32|   0|   32|          0|
    |mul_161_reg_12688                     |   32|   0|   32|          0|
    |mul_162_reg_12693                     |   32|   0|   32|          0|
    |mul_163_reg_12808                     |   32|   0|   32|          0|
    |mul_164_reg_12813                     |   32|   0|   32|          0|
    |mul_165_reg_12928                     |   32|   0|   32|          0|
    |mul_166_reg_12933                     |   32|   0|   32|          0|
    |mul_167_reg_13048                     |   32|   0|   32|          0|
    |mul_168_reg_13053                     |   32|   0|   32|          0|
    |mul_169_reg_13168                     |   32|   0|   32|          0|
    |mul_16_reg_11593                      |   32|   0|   32|          0|
    |mul_170_reg_13173                     |   32|   0|   32|          0|
    |mul_171_reg_13288                     |   32|   0|   32|          0|
    |mul_172_reg_13293                     |   32|   0|   32|          0|
    |mul_173_reg_13408                     |   32|   0|   32|          0|
    |mul_174_reg_13413                     |   32|   0|   32|          0|
    |mul_175_reg_13528                     |   32|   0|   32|          0|
    |mul_176_reg_13533                     |   32|   0|   32|          0|
    |mul_177_reg_13648                     |   32|   0|   32|          0|
    |mul_178_reg_13653                     |   32|   0|   32|          0|
    |mul_179_reg_13768                     |   32|   0|   32|          0|
    |mul_17_reg_11708                      |   32|   0|   32|          0|
    |mul_180_reg_13773                     |   32|   0|   32|          0|
    |mul_181_reg_13813                     |   32|   0|   32|          0|
    |mul_182_reg_13818                     |   32|   0|   32|          0|
    |mul_183_reg_13853                     |   32|   0|   32|          0|
    |mul_184_reg_13858                     |   32|   0|   32|          0|
    |mul_185_reg_13893                     |   32|   0|   32|          0|
    |mul_186_reg_13898                     |   32|   0|   32|          0|
    |mul_187_reg_13933                     |   32|   0|   32|          0|
    |mul_188_reg_13938                     |   32|   0|   32|          0|
    |mul_189_reg_13973                     |   32|   0|   32|          0|
    |mul_18_reg_11713                      |   32|   0|   32|          0|
    |mul_190_reg_13978                     |   32|   0|   32|          0|
    |mul_191_reg_10658                     |   32|   0|   32|          0|
    |mul_192_reg_10663                     |   32|   0|   32|          0|
    |mul_193_reg_10778                     |   32|   0|   32|          0|
    |mul_194_reg_10783                     |   32|   0|   32|          0|
    |mul_195_reg_10898                     |   32|   0|   32|          0|
    |mul_196_reg_10903                     |   32|   0|   32|          0|
    |mul_197_reg_11018                     |   32|   0|   32|          0|
    |mul_198_reg_11023                     |   32|   0|   32|          0|
    |mul_199_reg_11138                     |   32|   0|   32|          0|
    |mul_19_reg_11828                      |   32|   0|   32|          0|
    |mul_1_reg_10633                       |   32|   0|   32|          0|
    |mul_200_reg_11143                     |   32|   0|   32|          0|
    |mul_201_reg_11258                     |   32|   0|   32|          0|
    |mul_202_reg_11263                     |   32|   0|   32|          0|
    |mul_203_reg_11378                     |   32|   0|   32|          0|
    |mul_204_reg_11383                     |   32|   0|   32|          0|
    |mul_205_reg_11498                     |   32|   0|   32|          0|
    |mul_206_reg_11503                     |   32|   0|   32|          0|
    |mul_207_reg_11618                     |   32|   0|   32|          0|
    |mul_208_reg_11623                     |   32|   0|   32|          0|
    |mul_209_reg_11738                     |   32|   0|   32|          0|
    |mul_20_reg_11833                      |   32|   0|   32|          0|
    |mul_210_reg_11743                     |   32|   0|   32|          0|
    |mul_211_reg_11858                     |   32|   0|   32|          0|
    |mul_212_reg_11863                     |   32|   0|   32|          0|
    |mul_213_reg_11978                     |   32|   0|   32|          0|
    |mul_214_reg_11983                     |   32|   0|   32|          0|
    |mul_215_reg_12098                     |   32|   0|   32|          0|
    |mul_216_reg_12103                     |   32|   0|   32|          0|
    |mul_217_reg_12218                     |   32|   0|   32|          0|
    |mul_218_reg_12223                     |   32|   0|   32|          0|
    |mul_219_reg_12338                     |   32|   0|   32|          0|
    |mul_21_reg_11948                      |   32|   0|   32|          0|
    |mul_220_reg_12343                     |   32|   0|   32|          0|
    |mul_221_reg_12458                     |   32|   0|   32|          0|
    |mul_222_reg_12463                     |   32|   0|   32|          0|
    |mul_223_reg_12578                     |   32|   0|   32|          0|
    |mul_224_reg_12583                     |   32|   0|   32|          0|
    |mul_225_reg_12698                     |   32|   0|   32|          0|
    |mul_226_reg_12703                     |   32|   0|   32|          0|
    |mul_227_reg_12818                     |   32|   0|   32|          0|
    |mul_228_reg_12823                     |   32|   0|   32|          0|
    |mul_229_reg_12938                     |   32|   0|   32|          0|
    |mul_22_reg_11953                      |   32|   0|   32|          0|
    |mul_230_reg_12943                     |   32|   0|   32|          0|
    |mul_231_reg_13058                     |   32|   0|   32|          0|
    |mul_232_reg_13063                     |   32|   0|   32|          0|
    |mul_233_reg_13178                     |   32|   0|   32|          0|
    |mul_234_reg_13183                     |   32|   0|   32|          0|
    |mul_235_reg_13298                     |   32|   0|   32|          0|
    |mul_236_reg_13303                     |   32|   0|   32|          0|
    |mul_237_reg_13418                     |   32|   0|   32|          0|
    |mul_238_reg_13423                     |   32|   0|   32|          0|
    |mul_239_reg_13538                     |   32|   0|   32|          0|
    |mul_23_reg_12068                      |   32|   0|   32|          0|
    |mul_240_reg_13543                     |   32|   0|   32|          0|
    |mul_241_reg_13658                     |   32|   0|   32|          0|
    |mul_242_reg_13663                     |   32|   0|   32|          0|
    |mul_243_reg_13778                     |   32|   0|   32|          0|
    |mul_244_reg_13783                     |   32|   0|   32|          0|
    |mul_245_reg_13823                     |   32|   0|   32|          0|
    |mul_246_reg_13828                     |   32|   0|   32|          0|
    |mul_247_reg_13863                     |   32|   0|   32|          0|
    |mul_248_reg_13868                     |   32|   0|   32|          0|
    |mul_249_reg_13903                     |   32|   0|   32|          0|
    |mul_24_reg_12073                      |   32|   0|   32|          0|
    |mul_250_reg_13908                     |   32|   0|   32|          0|
    |mul_251_reg_13943                     |   32|   0|   32|          0|
    |mul_252_reg_13948                     |   32|   0|   32|          0|
    |mul_253_reg_13983                     |   32|   0|   32|          0|
    |mul_254_reg_13988                     |   32|   0|   32|          0|
    |mul_25_reg_12188                      |   32|   0|   32|          0|
    |mul_26_reg_12193                      |   32|   0|   32|          0|
    |mul_27_reg_12308                      |   32|   0|   32|          0|
    |mul_28_reg_12313                      |   32|   0|   32|          0|
    |mul_29_reg_12428                      |   32|   0|   32|          0|
    |mul_2_reg_10748                       |   32|   0|   32|          0|
    |mul_30_reg_12433                      |   32|   0|   32|          0|
    |mul_31_reg_12548                      |   32|   0|   32|          0|
    |mul_32_reg_12553                      |   32|   0|   32|          0|
    |mul_33_reg_12668                      |   32|   0|   32|          0|
    |mul_34_reg_12673                      |   32|   0|   32|          0|
    |mul_35_reg_12788                      |   32|   0|   32|          0|
    |mul_36_reg_12793                      |   32|   0|   32|          0|
    |mul_37_reg_12908                      |   32|   0|   32|          0|
    |mul_38_reg_12913                      |   32|   0|   32|          0|
    |mul_39_reg_13028                      |   32|   0|   32|          0|
    |mul_3_reg_10753                       |   32|   0|   32|          0|
    |mul_40_reg_13033                      |   32|   0|   32|          0|
    |mul_41_reg_13148                      |   32|   0|   32|          0|
    |mul_42_reg_13153                      |   32|   0|   32|          0|
    |mul_43_reg_13268                      |   32|   0|   32|          0|
    |mul_44_reg_13273                      |   32|   0|   32|          0|
    |mul_45_reg_13388                      |   32|   0|   32|          0|
    |mul_46_reg_13393                      |   32|   0|   32|          0|
    |mul_47_reg_13508                      |   32|   0|   32|          0|
    |mul_48_reg_13513                      |   32|   0|   32|          0|
    |mul_49_reg_13628                      |   32|   0|   32|          0|
    |mul_4_reg_10868                       |   32|   0|   32|          0|
    |mul_50_reg_13633                      |   32|   0|   32|          0|
    |mul_51_reg_13748                      |   32|   0|   32|          0|
    |mul_52_reg_13753                      |   32|   0|   32|          0|
    |mul_53_reg_13793                      |   32|   0|   32|          0|
    |mul_54_reg_13798                      |   32|   0|   32|          0|
    |mul_55_reg_13833                      |   32|   0|   32|          0|
    |mul_56_reg_13838                      |   32|   0|   32|          0|
    |mul_57_reg_13873                      |   32|   0|   32|          0|
    |mul_58_reg_13878                      |   32|   0|   32|          0|
    |mul_59_reg_13913                      |   32|   0|   32|          0|
    |mul_5_reg_10873                       |   32|   0|   32|          0|
    |mul_60_reg_13918                      |   32|   0|   32|          0|
    |mul_61_reg_13953                      |   32|   0|   32|          0|
    |mul_62_reg_13958                      |   32|   0|   32|          0|
    |mul_63_reg_10638                      |   32|   0|   32|          0|
    |mul_64_reg_10643                      |   32|   0|   32|          0|
    |mul_65_reg_10758                      |   32|   0|   32|          0|
    |mul_66_reg_10763                      |   32|   0|   32|          0|
    |mul_67_reg_10878                      |   32|   0|   32|          0|
    |mul_68_reg_10883                      |   32|   0|   32|          0|
    |mul_69_reg_10998                      |   32|   0|   32|          0|
    |mul_6_reg_10988                       |   32|   0|   32|          0|
    |mul_70_reg_11003                      |   32|   0|   32|          0|
    |mul_71_reg_11118                      |   32|   0|   32|          0|
    |mul_72_reg_11123                      |   32|   0|   32|          0|
    |mul_73_reg_11238                      |   32|   0|   32|          0|
    |mul_74_reg_11243                      |   32|   0|   32|          0|
    |mul_75_reg_11358                      |   32|   0|   32|          0|
    |mul_76_reg_11363                      |   32|   0|   32|          0|
    |mul_77_reg_11478                      |   32|   0|   32|          0|
    |mul_78_reg_11483                      |   32|   0|   32|          0|
    |mul_79_reg_11598                      |   32|   0|   32|          0|
    |mul_7_reg_10993                       |   32|   0|   32|          0|
    |mul_7_reg_10993_pp0_iter1_reg         |   32|   0|   32|          0|
    |mul_80_reg_11603                      |   32|   0|   32|          0|
    |mul_81_reg_11718                      |   32|   0|   32|          0|
    |mul_82_reg_11723                      |   32|   0|   32|          0|
    |mul_83_reg_11838                      |   32|   0|   32|          0|
    |mul_84_reg_11843                      |   32|   0|   32|          0|
    |mul_85_reg_11958                      |   32|   0|   32|          0|
    |mul_86_reg_11963                      |   32|   0|   32|          0|
    |mul_87_reg_12078                      |   32|   0|   32|          0|
    |mul_88_reg_12083                      |   32|   0|   32|          0|
    |mul_89_reg_12198                      |   32|   0|   32|          0|
    |mul_8_reg_11108                       |   32|   0|   32|          0|
    |mul_8_reg_11108_pp0_iter1_reg         |   32|   0|   32|          0|
    |mul_90_reg_12203                      |   32|   0|   32|          0|
    |mul_91_reg_12318                      |   32|   0|   32|          0|
    |mul_92_reg_12323                      |   32|   0|   32|          0|
    |mul_93_reg_12438                      |   32|   0|   32|          0|
    |mul_94_reg_12443                      |   32|   0|   32|          0|
    |mul_95_reg_12558                      |   32|   0|   32|          0|
    |mul_96_reg_12563                      |   32|   0|   32|          0|
    |mul_97_reg_12678                      |   32|   0|   32|          0|
    |mul_98_reg_12683                      |   32|   0|   32|          0|
    |mul_99_reg_12798                      |   32|   0|   32|          0|
    |mul_9_reg_11113                       |   32|   0|   32|          0|
    |mul_9_reg_11113_pp0_iter1_reg         |   32|   0|   32|          0|
    |mul_reg_10628                         |   32|   0|   32|          0|
    |mul_s_reg_11228                       |   32|   0|   32|          0|
    |mul_s_reg_11228_pp0_iter1_reg         |   32|   0|   32|          0|
    |os_idx_1_reg_4490                     |    6|   0|    6|          0|
    |os_idx_reg_4455                       |    6|   0|    6|          0|
    |reg_4585                              |   32|   0|   32|          0|
    |reg_4590                              |   32|   0|   32|          0|
    |reg_4595                              |   32|   0|   32|          0|
    |reg_4600                              |   32|   0|   32|          0|
    |reg_4605                              |   32|   0|   32|          0|
    |reg_4610                              |   32|   0|   32|          0|
    |reg_4615                              |   32|   0|   32|          0|
    |reg_4620                              |   32|   0|   32|          0|
    |reg_4625                              |   32|   0|   32|          0|
    |reg_4630                              |   32|   0|   32|          0|
    |reg_4635                              |   32|   0|   32|          0|
    |reg_4640                              |   32|   0|   32|          0|
    |reg_4645                              |   32|   0|   32|          0|
    |reg_4650                              |   32|   0|   32|          0|
    |reg_4655                              |   32|   0|   32|          0|
    |reg_4660                              |   32|   0|   32|          0|
    |reg_4665                              |   32|   0|   32|          0|
    |reg_4670                              |   32|   0|   32|          0|
    |reg_4675                              |   32|   0|   32|          0|
    |reg_4680                              |   32|   0|   32|          0|
    |reg_4685                              |   32|   0|   32|          0|
    |reg_4690                              |   32|   0|   32|          0|
    |reg_4695                              |   32|   0|   32|          0|
    |reg_4700                              |   32|   0|   32|          0|
    |reg_4705                              |   32|   0|   32|          0|
    |reg_4710                              |   32|   0|   32|          0|
    |reg_4715                              |   32|   0|   32|          0|
    |reg_4720                              |   32|   0|   32|          0|
    |reg_4725                              |   32|   0|   32|          0|
    |reg_4730                              |   32|   0|   32|          0|
    |reg_4735                              |   32|   0|   32|          0|
    |reg_4740                              |   32|   0|   32|          0|
    |reg_4745                              |   32|   0|   32|          0|
    |reg_4750                              |   32|   0|   32|          0|
    |reg_4755                              |   32|   0|   32|          0|
    |reg_4760                              |   32|   0|   32|          0|
    |reg_4765                              |   32|   0|   32|          0|
    |reg_4770                              |   32|   0|   32|          0|
    |reg_4775                              |   32|   0|   32|          0|
    |reg_4780                              |   32|   0|   32|          0|
    |reg_4785                              |   32|   0|   32|          0|
    |reg_4790                              |   32|   0|   32|          0|
    |reg_4795                              |   32|   0|   32|          0|
    |reg_4800                              |   32|   0|   32|          0|
    |reg_4805                              |   32|   0|   32|          0|
    |reg_4810                              |   32|   0|   32|          0|
    |reg_4815                              |   32|   0|   32|          0|
    |reg_4820                              |   32|   0|   32|          0|
    |reg_4825                              |   32|   0|   32|          0|
    |reg_4830                              |   32|   0|   32|          0|
    |reg_4835                              |   32|   0|   32|          0|
    |reg_4840                              |   32|   0|   32|          0|
    |reg_4845                              |   32|   0|   32|          0|
    |reg_4850                              |   32|   0|   32|          0|
    |reg_4855                              |   32|   0|   32|          0|
    |reg_4860                              |   32|   0|   32|          0|
    |reg_4865                              |   32|   0|   32|          0|
    |reg_4870                              |   32|   0|   32|          0|
    |reg_4875                              |   32|   0|   32|          0|
    |reg_4880                              |   32|   0|   32|          0|
    |reg_4885                              |   32|   0|   32|          0|
    |reg_4890                              |   32|   0|   32|          0|
    |reg_4895                              |   32|   0|   32|          0|
    |reg_4900                              |   32|   0|   32|          0|
    |reg_4905                              |   32|   0|   32|          0|
    |reg_4910                              |   32|   0|   32|          0|
    |reg_4915                              |   32|   0|   32|          0|
    |reg_4920                              |   32|   0|   32|          0|
    |reg_4925                              |   32|   0|   32|          0|
    |reg_4930                              |   32|   0|   32|          0|
    |reg_4936                              |   32|   0|   32|          0|
    |reg_4941                              |   32|   0|   32|          0|
    |reg_4946                              |   32|   0|   32|          0|
    |reg_4951                              |   32|   0|   32|          0|
    |reg_4956                              |   32|   0|   32|          0|
    |reg_4961                              |   32|   0|   32|          0|
    |reg_4967                              |   32|   0|   32|          0|
    |reg_4972                              |   32|   0|   32|          0|
    |reg_4977                              |   32|   0|   32|          0|
    |reg_4982                              |   32|   0|   32|          0|
    |reg_4987                              |   32|   0|   32|          0|
    |reg_4992                              |   32|   0|   32|          0|
    |reg_4998                              |   32|   0|   32|          0|
    |reg_5003                              |   32|   0|   32|          0|
    |reg_5008                              |   32|   0|   32|          0|
    |reg_5013                              |   32|   0|   32|          0|
    |reg_5018                              |   32|   0|   32|          0|
    |reg_5023                              |   32|   0|   32|          0|
    |reg_5029                              |   32|   0|   32|          0|
    |reg_5034                              |   32|   0|   32|          0|
    |reg_5039                              |   32|   0|   32|          0|
    |reg_5044                              |   32|   0|   32|          0|
    |reg_5049                              |   32|   0|   32|          0|
    |reg_5054                              |   32|   0|   32|          0|
    |reg_5060                              |   32|   0|   32|          0|
    |reg_5065                              |   32|   0|   32|          0|
    |reg_5070                              |   32|   0|   32|          0|
    |reg_5075                              |   32|   0|   32|          0|
    |reg_5080                              |   32|   0|   32|          0|
    |reg_5085                              |   32|   0|   32|          0|
    |reg_5091                              |   32|   0|   32|          0|
    |reg_5096                              |   32|   0|   32|          0|
    |reg_5101                              |   32|   0|   32|          0|
    |reg_5106                              |   32|   0|   32|          0|
    |reg_5111                              |   32|   0|   32|          0|
    |reg_5116                              |   32|   0|   32|          0|
    |reg_5122                              |   32|   0|   32|          0|
    |reg_5127                              |   32|   0|   32|          0|
    |reg_5132                              |   32|   0|   32|          0|
    |reg_5138                              |   32|   0|   32|          0|
    |reg_5143                              |   32|   0|   32|          0|
    |select_ln79_1_reg_9755                |    4|   0|    4|          0|
    |select_ln79_1_reg_9755_pp0_iter1_reg  |    4|   0|    4|          0|
    |select_ln79_reg_9749                  |    4|   0|    4|          0|
    |select_ln79_reg_9749_pp0_iter1_reg    |    4|   0|    4|          0|
    |tmp_2_253_reg_13998                   |   32|   0|   32|          0|
    |tmp_reg_10303                         |   32|   0|   32|          0|
    |tmp_s_reg_10112                       |    4|   0|   10|          6|
    |trunc_ln60_2_reg_9563                 |    2|   0|    2|          0|
    |trunc_ln72_2_reg_9627                 |    2|   0|    2|          0|
    |trunc_ln79_100_reg_10017              |    3|   0|    3|          0|
    |trunc_ln79_102_reg_10022              |    3|   0|    3|          0|
    |trunc_ln79_104_reg_10027              |    3|   0|    3|          0|
    |trunc_ln79_106_reg_10032              |    3|   0|    3|          0|
    |trunc_ln79_108_reg_10037              |    3|   0|    3|          0|
    |trunc_ln79_10_reg_9792                |    3|   0|    3|          0|
    |trunc_ln79_110_reg_10042              |    3|   0|    3|          0|
    |trunc_ln79_112_reg_10047              |    3|   0|    3|          0|
    |trunc_ln79_114_reg_10052              |    3|   0|    3|          0|
    |trunc_ln79_116_reg_10057              |    3|   0|    3|          0|
    |trunc_ln79_118_reg_10062              |    3|   0|    3|          0|
    |trunc_ln79_120_reg_10067              |    3|   0|    3|          0|
    |trunc_ln79_122_reg_10072              |    3|   0|    3|          0|
    |trunc_ln79_124_reg_10077              |    3|   0|    3|          0|
    |trunc_ln79_12_reg_9797                |    3|   0|    3|          0|
    |trunc_ln79_14_reg_9802                |    3|   0|    3|          0|
    |trunc_ln79_16_reg_9807                |    3|   0|    3|          0|
    |trunc_ln79_18_reg_9812                |    3|   0|    3|          0|
    |trunc_ln79_20_reg_9817                |    3|   0|    3|          0|
    |trunc_ln79_22_reg_9822                |    3|   0|    3|          0|
    |trunc_ln79_24_reg_9827                |    3|   0|    3|          0|
    |trunc_ln79_26_reg_9832                |    3|   0|    3|          0|
    |trunc_ln79_28_reg_9837                |    3|   0|    3|          0|
    |trunc_ln79_2_reg_9772                 |    3|   0|    3|          0|
    |trunc_ln79_30_reg_9842                |    3|   0|    3|          0|
    |trunc_ln79_32_reg_9847                |    3|   0|    3|          0|
    |trunc_ln79_34_reg_9852                |    3|   0|    3|          0|
    |trunc_ln79_36_reg_9857                |    3|   0|    3|          0|
    |trunc_ln79_38_reg_9862                |    3|   0|    3|          0|
    |trunc_ln79_40_reg_9867                |    3|   0|    3|          0|
    |trunc_ln79_42_reg_9872                |    3|   0|    3|          0|
    |trunc_ln79_44_reg_9877                |    3|   0|    3|          0|
    |trunc_ln79_46_reg_9882                |    3|   0|    3|          0|
    |trunc_ln79_48_reg_9887                |    3|   0|    3|          0|
    |trunc_ln79_4_reg_9777                 |    3|   0|    3|          0|
    |trunc_ln79_50_reg_9892                |    3|   0|    3|          0|
    |trunc_ln79_52_reg_9897                |    3|   0|    3|          0|
    |trunc_ln79_54_reg_9902                |    3|   0|    3|          0|
    |trunc_ln79_56_reg_9907                |    3|   0|    3|          0|
    |trunc_ln79_58_reg_9912                |    3|   0|    3|          0|
    |trunc_ln79_60_reg_9917                |    3|   0|    3|          0|
    |trunc_ln79_62_reg_9922                |    3|   0|    3|          0|
    |trunc_ln79_64_reg_9927                |    3|   0|    3|          0|
    |trunc_ln79_66_reg_9932                |    3|   0|    3|          0|
    |trunc_ln79_68_reg_9937                |    3|   0|    3|          0|
    |trunc_ln79_6_reg_9782                 |    3|   0|    3|          0|
    |trunc_ln79_70_reg_9942                |    3|   0|    3|          0|
    |trunc_ln79_72_reg_9947                |    3|   0|    3|          0|
    |trunc_ln79_74_reg_9952                |    3|   0|    3|          0|
    |trunc_ln79_76_reg_9957                |    3|   0|    3|          0|
    |trunc_ln79_78_reg_9962                |    3|   0|    3|          0|
    |trunc_ln79_80_reg_9967                |    3|   0|    3|          0|
    |trunc_ln79_82_reg_9972                |    3|   0|    3|          0|
    |trunc_ln79_84_reg_9977                |    3|   0|    3|          0|
    |trunc_ln79_86_reg_9982                |    3|   0|    3|          0|
    |trunc_ln79_88_reg_9987                |    3|   0|    3|          0|
    |trunc_ln79_8_reg_9787                 |    3|   0|    3|          0|
    |trunc_ln79_90_reg_9992                |    3|   0|    3|          0|
    |trunc_ln79_92_reg_9997                |    3|   0|    3|          0|
    |trunc_ln79_94_reg_10002               |    3|   0|    3|          0|
    |trunc_ln79_96_reg_10007               |    3|   0|    3|          0|
    |trunc_ln79_98_reg_10012               |    3|   0|    3|          0|
    |weight_buf_0_addr_65_reg_9575         |    9|   0|   10|          1|
    |weight_buf_1_addr_65_reg_9580         |    9|   0|   10|          1|
    |weight_buf_2_addr_65_reg_9585         |    9|   0|   10|          1|
    |weight_buf_3_addr_65_reg_9590         |    9|   0|   10|          1|
    |add_ln90_1_reg_13993                  |   64|  32|    7|          0|
    |icmp_ln79_reg_9679                    |   64|  32|    1|          0|
    |mul_100_reg_12803                     |   64|  32|   32|          0|
    |mul_101_reg_12918                     |   64|  32|   32|          0|
    |mul_102_reg_12923                     |   64|  32|   32|          0|
    |mul_103_reg_13038                     |   64|  32|   32|          0|
    |mul_104_reg_13043                     |   64|  32|   32|          0|
    |mul_105_reg_13158                     |   64|  32|   32|          0|
    |mul_106_reg_13163                     |   64|  32|   32|          0|
    |mul_107_reg_13278                     |   64|  32|   32|          0|
    |mul_108_reg_13283                     |   64|  32|   32|          0|
    |mul_109_reg_13398                     |   64|  32|   32|          0|
    |mul_110_reg_13403                     |   64|  32|   32|          0|
    |mul_111_reg_13518                     |   64|  32|   32|          0|
    |mul_112_reg_13523                     |   64|  32|   32|          0|
    |mul_113_reg_13638                     |   64|  32|   32|          0|
    |mul_114_reg_13643                     |   64|  32|   32|          0|
    |mul_115_reg_13758                     |   64|  32|   32|          0|
    |mul_116_reg_13763                     |   64|  32|   32|          0|
    |mul_117_reg_13803                     |   64|  32|   32|          0|
    |mul_118_reg_13808                     |   64|  32|   32|          0|
    |mul_119_reg_13843                     |   64|  32|   32|          0|
    |mul_120_reg_13848                     |   64|  32|   32|          0|
    |mul_121_reg_13883                     |   64|  32|   32|          0|
    |mul_122_reg_13888                     |   64|  32|   32|          0|
    |mul_123_reg_13923                     |   64|  32|   32|          0|
    |mul_124_reg_13928                     |   64|  32|   32|          0|
    |mul_125_reg_13963                     |   64|  32|   32|          0|
    |mul_126_reg_13968                     |   64|  32|   32|          0|
    |mul_127_reg_10648                     |   64|  32|   32|          0|
    |mul_128_reg_10653                     |   64|  32|   32|          0|
    |mul_129_reg_10768                     |   64|  32|   32|          0|
    |mul_130_reg_10773                     |   64|  32|   32|          0|
    |mul_131_reg_10888                     |   64|  32|   32|          0|
    |mul_132_reg_10893                     |   64|  32|   32|          0|
    |mul_133_reg_11008                     |   64|  32|   32|          0|
    |mul_134_reg_11013                     |   64|  32|   32|          0|
    |mul_135_reg_11128                     |   64|  32|   32|          0|
    |mul_136_reg_11133                     |   64|  32|   32|          0|
    |mul_137_reg_11248                     |   64|  32|   32|          0|
    |mul_138_reg_11253                     |   64|  32|   32|          0|
    |mul_139_reg_11368                     |   64|  32|   32|          0|
    |mul_13_reg_11468                      |   64|  32|   32|          0|
    |mul_140_reg_11373                     |   64|  32|   32|          0|
    |mul_141_reg_11488                     |   64|  32|   32|          0|
    |mul_142_reg_11493                     |   64|  32|   32|          0|
    |mul_143_reg_11608                     |   64|  32|   32|          0|
    |mul_144_reg_11613                     |   64|  32|   32|          0|
    |mul_145_reg_11728                     |   64|  32|   32|          0|
    |mul_146_reg_11733                     |   64|  32|   32|          0|
    |mul_147_reg_11848                     |   64|  32|   32|          0|
    |mul_148_reg_11853                     |   64|  32|   32|          0|
    |mul_149_reg_11968                     |   64|  32|   32|          0|
    |mul_14_reg_11473                      |   64|  32|   32|          0|
    |mul_150_reg_11973                     |   64|  32|   32|          0|
    |mul_151_reg_12088                     |   64|  32|   32|          0|
    |mul_152_reg_12093                     |   64|  32|   32|          0|
    |mul_153_reg_12208                     |   64|  32|   32|          0|
    |mul_154_reg_12213                     |   64|  32|   32|          0|
    |mul_155_reg_12328                     |   64|  32|   32|          0|
    |mul_156_reg_12333                     |   64|  32|   32|          0|
    |mul_157_reg_12448                     |   64|  32|   32|          0|
    |mul_158_reg_12453                     |   64|  32|   32|          0|
    |mul_159_reg_12568                     |   64|  32|   32|          0|
    |mul_15_reg_11588                      |   64|  32|   32|          0|
    |mul_160_reg_12573                     |   64|  32|   32|          0|
    |mul_161_reg_12688                     |   64|  32|   32|          0|
    |mul_162_reg_12693                     |   64|  32|   32|          0|
    |mul_163_reg_12808                     |   64|  32|   32|          0|
    |mul_164_reg_12813                     |   64|  32|   32|          0|
    |mul_165_reg_12928                     |   64|  32|   32|          0|
    |mul_166_reg_12933                     |   64|  32|   32|          0|
    |mul_167_reg_13048                     |   64|  32|   32|          0|
    |mul_168_reg_13053                     |   64|  32|   32|          0|
    |mul_169_reg_13168                     |   64|  32|   32|          0|
    |mul_16_reg_11593                      |   64|  32|   32|          0|
    |mul_170_reg_13173                     |   64|  32|   32|          0|
    |mul_171_reg_13288                     |   64|  32|   32|          0|
    |mul_172_reg_13293                     |   64|  32|   32|          0|
    |mul_173_reg_13408                     |   64|  32|   32|          0|
    |mul_174_reg_13413                     |   64|  32|   32|          0|
    |mul_175_reg_13528                     |   64|  32|   32|          0|
    |mul_176_reg_13533                     |   64|  32|   32|          0|
    |mul_177_reg_13648                     |   64|  32|   32|          0|
    |mul_178_reg_13653                     |   64|  32|   32|          0|
    |mul_179_reg_13768                     |   64|  32|   32|          0|
    |mul_17_reg_11708                      |   64|  32|   32|          0|
    |mul_180_reg_13773                     |   64|  32|   32|          0|
    |mul_181_reg_13813                     |   64|  32|   32|          0|
    |mul_182_reg_13818                     |   64|  32|   32|          0|
    |mul_183_reg_13853                     |   64|  32|   32|          0|
    |mul_184_reg_13858                     |   64|  32|   32|          0|
    |mul_185_reg_13893                     |   64|  32|   32|          0|
    |mul_186_reg_13898                     |   64|  32|   32|          0|
    |mul_187_reg_13933                     |   64|  32|   32|          0|
    |mul_188_reg_13938                     |   64|  32|   32|          0|
    |mul_189_reg_13973                     |   64|  32|   32|          0|
    |mul_18_reg_11713                      |   64|  32|   32|          0|
    |mul_190_reg_13978                     |   64|  32|   32|          0|
    |mul_191_reg_10658                     |   64|  32|   32|          0|
    |mul_192_reg_10663                     |   64|  32|   32|          0|
    |mul_193_reg_10778                     |   64|  32|   32|          0|
    |mul_194_reg_10783                     |   64|  32|   32|          0|
    |mul_195_reg_10898                     |   64|  32|   32|          0|
    |mul_196_reg_10903                     |   64|  32|   32|          0|
    |mul_197_reg_11018                     |   64|  32|   32|          0|
    |mul_198_reg_11023                     |   64|  32|   32|          0|
    |mul_199_reg_11138                     |   64|  32|   32|          0|
    |mul_19_reg_11828                      |   64|  32|   32|          0|
    |mul_200_reg_11143                     |   64|  32|   32|          0|
    |mul_201_reg_11258                     |   64|  32|   32|          0|
    |mul_202_reg_11263                     |   64|  32|   32|          0|
    |mul_203_reg_11378                     |   64|  32|   32|          0|
    |mul_204_reg_11383                     |   64|  32|   32|          0|
    |mul_205_reg_11498                     |   64|  32|   32|          0|
    |mul_206_reg_11503                     |   64|  32|   32|          0|
    |mul_207_reg_11618                     |   64|  32|   32|          0|
    |mul_208_reg_11623                     |   64|  32|   32|          0|
    |mul_209_reg_11738                     |   64|  32|   32|          0|
    |mul_20_reg_11833                      |   64|  32|   32|          0|
    |mul_210_reg_11743                     |   64|  32|   32|          0|
    |mul_211_reg_11858                     |   64|  32|   32|          0|
    |mul_212_reg_11863                     |   64|  32|   32|          0|
    |mul_213_reg_11978                     |   64|  32|   32|          0|
    |mul_214_reg_11983                     |   64|  32|   32|          0|
    |mul_215_reg_12098                     |   64|  32|   32|          0|
    |mul_216_reg_12103                     |   64|  32|   32|          0|
    |mul_217_reg_12218                     |   64|  32|   32|          0|
    |mul_218_reg_12223                     |   64|  32|   32|          0|
    |mul_219_reg_12338                     |   64|  32|   32|          0|
    |mul_21_reg_11948                      |   64|  32|   32|          0|
    |mul_220_reg_12343                     |   64|  32|   32|          0|
    |mul_221_reg_12458                     |   64|  32|   32|          0|
    |mul_222_reg_12463                     |   64|  32|   32|          0|
    |mul_223_reg_12578                     |   64|  32|   32|          0|
    |mul_224_reg_12583                     |   64|  32|   32|          0|
    |mul_225_reg_12698                     |   64|  32|   32|          0|
    |mul_226_reg_12703                     |   64|  32|   32|          0|
    |mul_227_reg_12818                     |   64|  32|   32|          0|
    |mul_228_reg_12823                     |   64|  32|   32|          0|
    |mul_229_reg_12938                     |   64|  32|   32|          0|
    |mul_22_reg_11953                      |   64|  32|   32|          0|
    |mul_230_reg_12943                     |   64|  32|   32|          0|
    |mul_231_reg_13058                     |   64|  32|   32|          0|
    |mul_232_reg_13063                     |   64|  32|   32|          0|
    |mul_233_reg_13178                     |   64|  32|   32|          0|
    |mul_234_reg_13183                     |   64|  32|   32|          0|
    |mul_235_reg_13298                     |   64|  32|   32|          0|
    |mul_236_reg_13303                     |   64|  32|   32|          0|
    |mul_237_reg_13418                     |   64|  32|   32|          0|
    |mul_238_reg_13423                     |   64|  32|   32|          0|
    |mul_239_reg_13538                     |   64|  32|   32|          0|
    |mul_23_reg_12068                      |   64|  32|   32|          0|
    |mul_240_reg_13543                     |   64|  32|   32|          0|
    |mul_241_reg_13658                     |   64|  32|   32|          0|
    |mul_242_reg_13663                     |   64|  32|   32|          0|
    |mul_243_reg_13778                     |   64|  32|   32|          0|
    |mul_244_reg_13783                     |   64|  32|   32|          0|
    |mul_245_reg_13823                     |   64|  32|   32|          0|
    |mul_246_reg_13828                     |   64|  32|   32|          0|
    |mul_247_reg_13863                     |   64|  32|   32|          0|
    |mul_248_reg_13868                     |   64|  32|   32|          0|
    |mul_249_reg_13903                     |   64|  32|   32|          0|
    |mul_24_reg_12073                      |   64|  32|   32|          0|
    |mul_250_reg_13908                     |   64|  32|   32|          0|
    |mul_251_reg_13943                     |   64|  32|   32|          0|
    |mul_252_reg_13948                     |   64|  32|   32|          0|
    |mul_253_reg_13983                     |   64|  32|   32|          0|
    |mul_254_reg_13988                     |   64|  32|   32|          0|
    |mul_25_reg_12188                      |   64|  32|   32|          0|
    |mul_26_reg_12193                      |   64|  32|   32|          0|
    |mul_27_reg_12308                      |   64|  32|   32|          0|
    |mul_28_reg_12313                      |   64|  32|   32|          0|
    |mul_29_reg_12428                      |   64|  32|   32|          0|
    |mul_30_reg_12433                      |   64|  32|   32|          0|
    |mul_31_reg_12548                      |   64|  32|   32|          0|
    |mul_32_reg_12553                      |   64|  32|   32|          0|
    |mul_33_reg_12668                      |   64|  32|   32|          0|
    |mul_34_reg_12673                      |   64|  32|   32|          0|
    |mul_35_reg_12788                      |   64|  32|   32|          0|
    |mul_36_reg_12793                      |   64|  32|   32|          0|
    |mul_37_reg_12908                      |   64|  32|   32|          0|
    |mul_38_reg_12913                      |   64|  32|   32|          0|
    |mul_39_reg_13028                      |   64|  32|   32|          0|
    |mul_40_reg_13033                      |   64|  32|   32|          0|
    |mul_41_reg_13148                      |   64|  32|   32|          0|
    |mul_42_reg_13153                      |   64|  32|   32|          0|
    |mul_43_reg_13268                      |   64|  32|   32|          0|
    |mul_44_reg_13273                      |   64|  32|   32|          0|
    |mul_45_reg_13388                      |   64|  32|   32|          0|
    |mul_46_reg_13393                      |   64|  32|   32|          0|
    |mul_47_reg_13508                      |   64|  32|   32|          0|
    |mul_48_reg_13513                      |   64|  32|   32|          0|
    |mul_49_reg_13628                      |   64|  32|   32|          0|
    |mul_50_reg_13633                      |   64|  32|   32|          0|
    |mul_51_reg_13748                      |   64|  32|   32|          0|
    |mul_52_reg_13753                      |   64|  32|   32|          0|
    |mul_53_reg_13793                      |   64|  32|   32|          0|
    |mul_54_reg_13798                      |   64|  32|   32|          0|
    |mul_55_reg_13833                      |   64|  32|   32|          0|
    |mul_56_reg_13838                      |   64|  32|   32|          0|
    |mul_57_reg_13873                      |   64|  32|   32|          0|
    |mul_58_reg_13878                      |   64|  32|   32|          0|
    |mul_59_reg_13913                      |   64|  32|   32|          0|
    |mul_60_reg_13918                      |   64|  32|   32|          0|
    |mul_61_reg_13953                      |   64|  32|   32|          0|
    |mul_62_reg_13958                      |   64|  32|   32|          0|
    |mul_63_reg_10638                      |   64|  32|   32|          0|
    |mul_64_reg_10643                      |   64|  32|   32|          0|
    |mul_65_reg_10758                      |   64|  32|   32|          0|
    |mul_66_reg_10763                      |   64|  32|   32|          0|
    |mul_67_reg_10878                      |   64|  32|   32|          0|
    |mul_68_reg_10883                      |   64|  32|   32|          0|
    |mul_69_reg_10998                      |   64|  32|   32|          0|
    |mul_70_reg_11003                      |   64|  32|   32|          0|
    |mul_71_reg_11118                      |   64|  32|   32|          0|
    |mul_72_reg_11123                      |   64|  32|   32|          0|
    |mul_73_reg_11238                      |   64|  32|   32|          0|
    |mul_74_reg_11243                      |   64|  32|   32|          0|
    |mul_75_reg_11358                      |   64|  32|   32|          0|
    |mul_76_reg_11363                      |   64|  32|   32|          0|
    |mul_77_reg_11478                      |   64|  32|   32|          0|
    |mul_78_reg_11483                      |   64|  32|   32|          0|
    |mul_79_reg_11598                      |   64|  32|   32|          0|
    |mul_80_reg_11603                      |   64|  32|   32|          0|
    |mul_81_reg_11718                      |   64|  32|   32|          0|
    |mul_82_reg_11723                      |   64|  32|   32|          0|
    |mul_83_reg_11838                      |   64|  32|   32|          0|
    |mul_84_reg_11843                      |   64|  32|   32|          0|
    |mul_85_reg_11958                      |   64|  32|   32|          0|
    |mul_86_reg_11963                      |   64|  32|   32|          0|
    |mul_87_reg_12078                      |   64|  32|   32|          0|
    |mul_88_reg_12083                      |   64|  32|   32|          0|
    |mul_89_reg_12198                      |   64|  32|   32|          0|
    |mul_90_reg_12203                      |   64|  32|   32|          0|
    |mul_91_reg_12318                      |   64|  32|   32|          0|
    |mul_92_reg_12323                      |   64|  32|   32|          0|
    |mul_93_reg_12438                      |   64|  32|   32|          0|
    |mul_94_reg_12443                      |   64|  32|   32|          0|
    |mul_95_reg_12558                      |   64|  32|   32|          0|
    |mul_96_reg_12563                      |   64|  32|   32|          0|
    |mul_97_reg_12678                      |   64|  32|   32|          0|
    |mul_98_reg_12683                      |   64|  32|   32|          0|
    |mul_99_reg_12798                      |   64|  32|   32|          0|
    +--------------------------------------+-----+----+-----+-----------+
    |Total                                 |28290|7808|20441|         15|
    +--------------------------------------+-----+----+-----+-----------+



================================================================
== Interface
================================================================
* Summary: 
+---------------------------+-----+-----+------------+--------------+--------------+
|         RTL Ports         | Dir | Bits|  Protocol  | Source Object|    C Type    |
+---------------------------+-----+-----+------------+--------------+--------------+
|s_axi_CONTROL_BUS_AWVALID  |   in|    1|       s_axi|   CONTROL_BUS|   return void|
|s_axi_CONTROL_BUS_AWREADY  |  out|    1|       s_axi|   CONTROL_BUS|   return void|
|s_axi_CONTROL_BUS_AWADDR   |   in|    4|       s_axi|   CONTROL_BUS|   return void|
|s_axi_CONTROL_BUS_WVALID   |   in|    1|       s_axi|   CONTROL_BUS|   return void|
|s_axi_CONTROL_BUS_WREADY   |  out|    1|       s_axi|   CONTROL_BUS|   return void|
|s_axi_CONTROL_BUS_WDATA    |   in|   32|       s_axi|   CONTROL_BUS|   return void|
|s_axi_CONTROL_BUS_WSTRB    |   in|    4|       s_axi|   CONTROL_BUS|   return void|
|s_axi_CONTROL_BUS_ARVALID  |   in|    1|       s_axi|   CONTROL_BUS|   return void|
|s_axi_CONTROL_BUS_ARREADY  |  out|    1|       s_axi|   CONTROL_BUS|   return void|
|s_axi_CONTROL_BUS_ARADDR   |   in|    4|       s_axi|   CONTROL_BUS|   return void|
|s_axi_CONTROL_BUS_RVALID   |  out|    1|       s_axi|   CONTROL_BUS|   return void|
|s_axi_CONTROL_BUS_RREADY   |   in|    1|       s_axi|   CONTROL_BUS|   return void|
|s_axi_CONTROL_BUS_RDATA    |  out|   32|       s_axi|   CONTROL_BUS|   return void|
|s_axi_CONTROL_BUS_RRESP    |  out|    2|       s_axi|   CONTROL_BUS|   return void|
|s_axi_CONTROL_BUS_BVALID   |  out|    1|       s_axi|   CONTROL_BUS|   return void|
|s_axi_CONTROL_BUS_BREADY   |   in|    1|       s_axi|   CONTROL_BUS|   return void|
|s_axi_CONTROL_BUS_BRESP    |  out|    2|       s_axi|   CONTROL_BUS|   return void|
|ap_clk                     |   in|    1|  ap_ctrl_hs|      mmult_hw|  return value|
|ap_rst_n                   |   in|    1|  ap_ctrl_hs|      mmult_hw|  return value|
|interrupt                  |  out|    1|  ap_ctrl_hs|      mmult_hw|  return value|
|in_stream_TDATA            |   in|   64|        axis|     in_stream|       pointer|
|in_stream_TVALID           |   in|    1|        axis|     in_stream|       pointer|
|in_stream_TREADY           |  out|    1|        axis|     in_stream|       pointer|
|out_stream_TDATA           |  out|  128|        axis|    out_stream|       pointer|
|out_stream_TVALID          |  out|    1|        axis|    out_stream|       pointer|
|out_stream_TREADY          |   in|    1|        axis|    out_stream|       pointer|
+---------------------------+-----+-----+------------+--------------+--------------+

