

================================================================
== Vitis HLS Report for 'mmult_hw'
================================================================
* Date:           Sun Mar  6 09:48:44 2022

* Version:        2020.2 (Build 3064766 on Wed Nov 18 09:12:47 MST 2020)
* Project:        accel
* Solution:       solution0 (Vivado IP Flow Target)
* Product family: zynq
* Target device:  xc7z020-clg484-1


================================================================
== Performance Estimates
================================================================
+ Timing: 
    * Summary: 
    +--------+----------+----------+------------+
    |  Clock |  Target  | Estimated| Uncertainty|
    +--------+----------+----------+------------+
    |ap_clk  |  10.00 ns|  8.352 ns|     1.25 ns|
    +--------+----------+----------+------------+

+ Latency: 
    * Summary: 
    +---------+---------+-----------+-----------+------+------+---------+
    |  Latency (cycles) |   Latency (absolute)  |   Interval  | Pipeline|
    |   min   |   max   |    min    |    max    |  min |  max |   Type  |
    +---------+---------+-----------+-----------+------+------+---------+
    |     6175|     6175|  61.750 us|  61.750 us|  6176|  6176|     none|
    +---------+---------+-----------+-----------+------+------+---------+

    + Detail: 
        * Instance: 
        N/A

        * Loop: 
        +-----------------------+---------+---------+----------+-----------+-----------+------+----------+
        |                       |  Latency (cycles) | Iteration|  Initiation Interval  | Trip |          |
        |       Loop Name       |   min   |   max   |  Latency |  achieved |   target  | Count| Pipelined|
        +-----------------------+---------+---------+----------+-----------+-----------+------+----------+
        |- LOAD_OFF_1           |        5|        5|         1|          1|          1|     5|       yes|
        |- LOAD_W_1_LOAD_W_2    |     1280|     1280|         1|          1|          1|  1280|       yes|
        |- LOAD_I_1_LOAD_I_2    |     1024|     1024|         1|          1|          1|  1024|       yes|
        |- L1_L2                |     3814|     3814|      1287|         32|          1|    80|       yes|
        |- STORE_O_1_STORE_O_2  |       42|       42|         4|          1|          1|    40|       yes|
        +-----------------------+---------+---------+----------+-----------+-----------+------+----------+



================================================================
== Utilization Estimates
================================================================
* Summary: 
+-----------------+---------+-----+--------+-------+-----+
|       Name      | BRAM_18K| DSP |   FF   |  LUT  | URAM|
+-----------------+---------+-----+--------+-------+-----+
|DSP              |        -|    -|       -|      -|    -|
|Expression       |        -|    -|       0|   2385|    -|
|FIFO             |        -|    -|       -|      -|    -|
|Instance         |        0|   40|    2820|   5728|    -|
|Memory           |       20|    -|       0|      0|    -|
|Multiplexer      |        -|    -|       -|   4833|    -|
|Register         |        -|    -|   28202|   7840|    -|
+-----------------+---------+-----+--------+-------+-----+
|Total            |       20|   40|   31022|  20786|    0|
+-----------------+---------+-----+--------+-------+-----+
|Available        |      280|  220|  106400|  53200|    0|
+-----------------+---------+-----+--------+-------+-----+
|Utilization (%)  |        7|   18|      29|     39|    0|
+-----------------+---------+-----+--------+-------+-----+

+ Detail: 
    * Instance: 
    +-----------------------------------+--------------------------------+---------+----+-----+-----+-----+
    |              Instance             |             Module             | BRAM_18K| DSP|  FF | LUT | URAM|
    +-----------------------------------+--------------------------------+---------+----+-----+-----+-----+
    |CONTROL_BUS_s_axi_U                |CONTROL_BUS_s_axi               |        0|   0|   36|   40|    0|
    |fadd_32ns_32ns_32_5_full_dsp_1_U1  |fadd_32ns_32ns_32_5_full_dsp_1  |        0|   2|  205|  390|    0|
    |fadd_32ns_32ns_32_5_full_dsp_1_U2  |fadd_32ns_32ns_32_5_full_dsp_1  |        0|   2|  205|  390|    0|
    |fadd_32ns_32ns_32_5_full_dsp_1_U3  |fadd_32ns_32ns_32_5_full_dsp_1  |        0|   2|  205|  390|    0|
    |fadd_32ns_32ns_32_5_full_dsp_1_U4  |fadd_32ns_32ns_32_5_full_dsp_1  |        0|   2|  205|  390|    0|
    |fadd_32ns_32ns_32_5_full_dsp_1_U5  |fadd_32ns_32ns_32_5_full_dsp_1  |        0|   2|  205|  390|    0|
    |fadd_32ns_32ns_32_5_full_dsp_1_U6  |fadd_32ns_32ns_32_5_full_dsp_1  |        0|   2|  205|  390|    0|
    |fadd_32ns_32ns_32_5_full_dsp_1_U7  |fadd_32ns_32ns_32_5_full_dsp_1  |        0|   2|  205|  390|    0|
    |fadd_32ns_32ns_32_5_full_dsp_1_U8  |fadd_32ns_32ns_32_5_full_dsp_1  |        0|   2|  205|  390|    0|
    |fmul_32ns_32ns_32_4_max_dsp_1_U9   |fmul_32ns_32ns_32_4_max_dsp_1   |        0|   3|  143|  321|    0|
    |fmul_32ns_32ns_32_4_max_dsp_1_U10  |fmul_32ns_32ns_32_4_max_dsp_1   |        0|   3|  143|  321|    0|
    |fmul_32ns_32ns_32_4_max_dsp_1_U11  |fmul_32ns_32ns_32_4_max_dsp_1   |        0|   3|  143|  321|    0|
    |fmul_32ns_32ns_32_4_max_dsp_1_U12  |fmul_32ns_32ns_32_4_max_dsp_1   |        0|   3|  143|  321|    0|
    |fmul_32ns_32ns_32_4_max_dsp_1_U13  |fmul_32ns_32ns_32_4_max_dsp_1   |        0|   3|  143|  321|    0|
    |fmul_32ns_32ns_32_4_max_dsp_1_U14  |fmul_32ns_32ns_32_4_max_dsp_1   |        0|   3|  143|  321|    0|
    |fmul_32ns_32ns_32_4_max_dsp_1_U15  |fmul_32ns_32ns_32_4_max_dsp_1   |        0|   3|  143|  321|    0|
    |fmul_32ns_32ns_32_4_max_dsp_1_U16  |fmul_32ns_32ns_32_4_max_dsp_1   |        0|   3|  143|  321|    0|
    +-----------------------------------+--------------------------------+---------+----+-----+-----+-----+
    |Total                              |                                |        0|  40| 2820| 5728|    0|
    +-----------------------------------+--------------------------------+---------+----+-----+-----+-----+

    * DSP: 
    N/A

    * Memory: 
    +----------------+--------------+---------+---+----+-----+------+-----+------+-------------+
    |     Memory     |    Module    | BRAM_18K| FF| LUT| URAM| Words| Bits| Banks| W*Bits*Banks|
    +----------------+--------------+---------+---+----+-----+------+-----+------+-------------+
    |in_buf_0_U      |in_buf_0      |        2|  0|   0|    0|   512|   32|     1|        16384|
    |in_buf_1_U      |in_buf_0      |        2|  0|   0|    0|   512|   32|     1|        16384|
    |in_buf_2_U      |in_buf_0      |        2|  0|   0|    0|   512|   32|     1|        16384|
    |in_buf_3_U      |in_buf_0      |        2|  0|   0|    0|   512|   32|     1|        16384|
    |offset_buf_U    |offset_buf    |        2|  0|   0|    0|    10|   32|     1|          320|
    |out_buf_U       |out_buf       |        2|  0|   0|    0|    80|   32|     1|         2560|
    |weight_buf_0_U  |weight_buf_0  |        2|  0|   0|    0|   640|   32|     1|        20480|
    |weight_buf_1_U  |weight_buf_0  |        2|  0|   0|    0|   640|   32|     1|        20480|
    |weight_buf_2_U  |weight_buf_0  |        2|  0|   0|    0|   640|   32|     1|        20480|
    |weight_buf_3_U  |weight_buf_0  |        2|  0|   0|    0|   640|   32|     1|        20480|
    +----------------+--------------+---------+---+----+-----+------+-----+------+-------------+
    |Total           |              |       20|  0|   0|    0|  4698|  320|    10|       150336|
    +----------------+--------------+---------+---+----+-----+------+-----+------+-------------+

    * FIFO: 
    N/A

    * Expression: 
    +----------------------------+----------+----+---+----+------------+------------+
    |        Variable Name       | Operation| DSP| FF| LUT| Bitwidth P0| Bitwidth P1|
    +----------------------------+----------+----+---+----+------------+------------+
    |add_ln100_fu_9690_p2        |         +|   0|  0|  13|           4|           2|
    |add_ln102_1_fu_9658_p2      |         +|   0|  0|  14|           7|           7|
    |add_ln102_fu_9648_p2        |         +|   0|  0|  14|           7|           7|
    |add_ln103_fu_9679_p2        |         +|   0|  0|  14|           7|           7|
    |add_ln104_fu_9617_p2        |         +|   0|  0|  14|           6|           1|
    |add_ln49_fu_5204_p2         |         +|   0|  0|  13|           4|           2|
    |add_ln50_fu_5198_p2         |         +|   0|  0|  11|           3|           1|
    |add_ln57_1_fu_5258_p2       |         +|   0|  0|  12|          11|           8|
    |add_ln57_2_fu_5264_p2       |         +|   0|  0|  12|          11|           8|
    |add_ln57_3_fu_5240_p2       |         +|   0|  0|  12|          11|           1|
    |add_ln57_fu_5252_p2         |         +|   0|  0|  13|           4|           1|
    |add_ln59_fu_5394_p2         |         +|   0|  0|  14|           9|           2|
    |add_ln61_fu_5316_p2         |         +|   0|  0|  12|          11|           1|
    |add_ln69_1_fu_5418_p2       |         +|   0|  0|  12|          12|           8|
    |add_ln69_2_fu_5424_p2       |         +|   0|  0|  12|          12|           8|
    |add_ln69_3_fu_5400_p2       |         +|   0|  0|  12|          11|           1|
    |add_ln69_fu_5412_p2         |         +|   0|  0|  13|           4|           1|
    |add_ln71_fu_5554_p2         |         +|   0|  0|  14|           9|           2|
    |add_ln73_fu_5476_p2         |         +|   0|  0|  12|          12|           1|
    |add_ln81_1_fu_5560_p2       |         +|   0|  0|  14|           7|           1|
    |add_ln81_fu_5584_p2         |         +|   0|  0|  13|           4|           1|
    |add_ln84_fu_9507_p2         |         +|   0|  0|  13|           4|           1|
    |add_ln92_1_fu_9539_p2       |         +|   0|  0|   7|           7|           7|
    |add_ln92_fu_9530_p2         |         +|   0|  0|   7|           7|           7|
    |add_ln98_1_fu_9567_p2       |         +|   0|  0|  14|           6|           3|
    |add_ln98_2_fu_9573_p2       |         +|   0|  0|  14|           6|           3|
    |add_ln98_3_fu_9549_p2       |         +|   0|  0|  14|           6|           1|
    |add_ln98_fu_9561_p2         |         +|   0|  0|  13|           4|           1|
    |ap_block_state1298_io       |       and|   0|  0|   2|           1|           1|
    |ap_block_state1299_io       |       and|   0|  0|   2|           1|           1|
    |ap_block_state2             |       and|   0|  0|   2|           1|           1|
    |ap_block_state4             |       and|   0|  0|   2|           1|           1|
    |ap_block_state6             |       and|   0|  0|   2|           1|           1|
    |icmp_ln100_fu_9579_p2       |      icmp|   0|  0|  10|           6|           6|
    |icmp_ln49_fu_5192_p2        |      icmp|   0|  0|   8|           3|           3|
    |icmp_ln57_fu_5246_p2        |      icmp|   0|  0|  11|          11|          11|
    |icmp_ln59_fu_5270_p2        |      icmp|   0|  0|  11|          11|          11|
    |icmp_ln69_fu_5406_p2        |      icmp|   0|  0|  12|          11|          12|
    |icmp_ln71_fu_5430_p2        |      icmp|   0|  0|  12|          12|          12|
    |icmp_ln81_fu_5578_p2        |      icmp|   0|  0|  10|           7|           7|
    |icmp_ln84_fu_5590_p2        |      icmp|   0|  0|   9|           4|           4|
    |icmp_ln98_fu_9555_p2        |      icmp|   0|  0|  10|           6|           6|
    |ap_block_pp4_stage0_01001   |        or|   0|  0|   2|           1|           1|
    |ap_block_pp4_stage0_11001   |        or|   0|  0|   2|           1|           1|
    |or_ln103_fu_9669_p2         |        or|   0|  0|   4|           4|           1|
    |or_ln52_fu_5229_p2          |        or|   0|  0|   4|           4|           1|
    |or_ln63_fu_5372_p2          |        or|   0|  0|   6|           6|           1|
    |or_ln75_fu_5532_p2          |        or|   0|  0|   6|           6|           1|
    |or_ln81_10_fu_6495_p2       |        or|   0|  0|   9|           9|           4|
    |or_ln81_11_fu_6569_p2       |        or|   0|  0|   9|           9|           4|
    |or_ln81_12_fu_6609_p2       |        or|   0|  0|   9|           9|           4|
    |or_ln81_13_fu_6683_p2       |        or|   0|  0|   9|           9|           4|
    |or_ln81_14_fu_6723_p2       |        or|   0|  0|   9|           9|           4|
    |or_ln81_15_fu_6797_p2       |        or|   0|  0|   9|           9|           5|
    |or_ln81_16_fu_6837_p2       |        or|   0|  0|   9|           9|           5|
    |or_ln81_17_fu_6911_p2       |        or|   0|  0|   9|           9|           5|
    |or_ln81_18_fu_6951_p2       |        or|   0|  0|   9|           9|           5|
    |or_ln81_19_fu_7025_p2       |        or|   0|  0|   9|           9|           5|
    |or_ln81_1_fu_5999_p2        |        or|   0|  0|   9|           9|           2|
    |or_ln81_20_fu_7065_p2       |        or|   0|  0|   9|           9|           5|
    |or_ln81_21_fu_7139_p2       |        or|   0|  0|   9|           9|           5|
    |or_ln81_22_fu_7179_p2       |        or|   0|  0|   9|           9|           5|
    |or_ln81_23_fu_7253_p2       |        or|   0|  0|   9|           9|           5|
    |or_ln81_24_fu_7293_p2       |        or|   0|  0|   9|           9|           5|
    |or_ln81_25_fu_7367_p2       |        or|   0|  0|   9|           9|           5|
    |or_ln81_26_fu_7407_p2       |        or|   0|  0|   9|           9|           5|
    |or_ln81_27_fu_7481_p2       |        or|   0|  0|   9|           9|           5|
    |or_ln81_28_fu_7521_p2       |        or|   0|  0|   9|           9|           5|
    |or_ln81_29_fu_7595_p2       |        or|   0|  0|   9|           9|           5|
    |or_ln81_2_fu_6039_p2        |        or|   0|  0|   9|           9|           2|
    |or_ln81_30_fu_7635_p2       |        or|   0|  0|   9|           9|           5|
    |or_ln81_31_fu_7709_p2       |        or|   0|  0|   9|           9|           6|
    |or_ln81_32_fu_7749_p2       |        or|   0|  0|   9|           9|           6|
    |or_ln81_33_fu_7823_p2       |        or|   0|  0|   9|           9|           6|
    |or_ln81_34_fu_7863_p2       |        or|   0|  0|   9|           9|           6|
    |or_ln81_35_fu_7937_p2       |        or|   0|  0|   9|           9|           6|
    |or_ln81_36_fu_7977_p2       |        or|   0|  0|   9|           9|           6|
    |or_ln81_37_fu_8051_p2       |        or|   0|  0|   9|           9|           6|
    |or_ln81_38_fu_8091_p2       |        or|   0|  0|   9|           9|           6|
    |or_ln81_39_fu_8165_p2       |        or|   0|  0|   9|           9|           6|
    |or_ln81_3_fu_6113_p2        |        or|   0|  0|   9|           9|           3|
    |or_ln81_40_fu_8205_p2       |        or|   0|  0|   9|           9|           6|
    |or_ln81_41_fu_8279_p2       |        or|   0|  0|   9|           9|           6|
    |or_ln81_42_fu_8319_p2       |        or|   0|  0|   9|           9|           6|
    |or_ln81_43_fu_8393_p2       |        or|   0|  0|   9|           9|           6|
    |or_ln81_44_fu_8433_p2       |        or|   0|  0|   9|           9|           6|
    |or_ln81_45_fu_8507_p2       |        or|   0|  0|   9|           9|           6|
    |or_ln81_46_fu_8547_p2       |        or|   0|  0|   9|           9|           6|
    |or_ln81_47_fu_8621_p2       |        or|   0|  0|   9|           9|           6|
    |or_ln81_48_fu_8661_p2       |        or|   0|  0|   9|           9|           6|
    |or_ln81_49_fu_8735_p2       |        or|   0|  0|   9|           9|           6|
    |or_ln81_4_fu_6153_p2        |        or|   0|  0|   9|           9|           3|
    |or_ln81_50_fu_8775_p2       |        or|   0|  0|   9|           9|           6|
    |or_ln81_51_fu_8849_p2       |        or|   0|  0|   9|           9|           6|
    |or_ln81_52_fu_8889_p2       |        or|   0|  0|   9|           9|           6|
    |or_ln81_53_fu_8963_p2       |        or|   0|  0|   9|           9|           6|
    |or_ln81_54_fu_9003_p2       |        or|   0|  0|   9|           9|           6|
    |or_ln81_55_fu_9077_p2       |        or|   0|  0|   9|           9|           6|
    |or_ln81_56_fu_9117_p2       |        or|   0|  0|   9|           9|           6|
    |or_ln81_57_fu_9191_p2       |        or|   0|  0|   9|           9|           6|
    |or_ln81_58_fu_9231_p2       |        or|   0|  0|   9|           9|           6|
    |or_ln81_59_fu_9305_p2       |        or|   0|  0|   9|           9|           6|
    |or_ln81_5_fu_6227_p2        |        or|   0|  0|   9|           9|           3|
    |or_ln81_60_fu_9345_p2       |        or|   0|  0|   9|           9|           6|
    |or_ln81_61_fu_9419_p2       |        or|   0|  0|   9|           9|           6|
    |or_ln81_62_fu_9459_p2       |        or|   0|  0|   9|           9|           6|
    |or_ln81_6_fu_6267_p2        |        or|   0|  0|   9|           9|           3|
    |or_ln81_7_fu_6341_p2        |        or|   0|  0|   9|           9|           4|
    |or_ln81_8_fu_6381_p2        |        or|   0|  0|   9|           9|           4|
    |or_ln81_9_fu_6455_p2        |        or|   0|  0|   9|           9|           4|
    |or_ln81_fu_5672_p2          |        or|   0|  0|   9|           9|           1|
    |or_ln90_10_fu_6526_p2       |        or|   0|  0|  10|          10|           4|
    |or_ln90_11_fu_6623_p2       |        or|   0|  0|  10|          10|           4|
    |or_ln90_12_fu_6640_p2       |        or|   0|  0|  10|          10|           4|
    |or_ln90_13_fu_6737_p2       |        or|   0|  0|  10|          10|           4|
    |or_ln90_14_fu_6754_p2       |        or|   0|  0|  10|          10|           4|
    |or_ln90_15_fu_6851_p2       |        or|   0|  0|  10|          10|           5|
    |or_ln90_16_fu_6868_p2       |        or|   0|  0|  10|          10|           5|
    |or_ln90_17_fu_6965_p2       |        or|   0|  0|  10|          10|           5|
    |or_ln90_18_fu_6982_p2       |        or|   0|  0|  10|          10|           5|
    |or_ln90_19_fu_7079_p2       |        or|   0|  0|  10|          10|           5|
    |or_ln90_1_fu_6053_p2        |        or|   0|  0|  10|          10|           2|
    |or_ln90_20_fu_7096_p2       |        or|   0|  0|  10|          10|           5|
    |or_ln90_21_fu_7193_p2       |        or|   0|  0|  10|          10|           5|
    |or_ln90_22_fu_7210_p2       |        or|   0|  0|  10|          10|           5|
    |or_ln90_23_fu_7307_p2       |        or|   0|  0|  10|          10|           5|
    |or_ln90_24_fu_7324_p2       |        or|   0|  0|  10|          10|           5|
    |or_ln90_25_fu_7421_p2       |        or|   0|  0|  10|          10|           5|
    |or_ln90_26_fu_7438_p2       |        or|   0|  0|  10|          10|           5|
    |or_ln90_27_fu_7535_p2       |        or|   0|  0|  10|          10|           5|
    |or_ln90_28_fu_7552_p2       |        or|   0|  0|  10|          10|           5|
    |or_ln90_29_fu_7649_p2       |        or|   0|  0|  10|          10|           5|
    |or_ln90_2_fu_6070_p2        |        or|   0|  0|  10|          10|           2|
    |or_ln90_30_fu_7666_p2       |        or|   0|  0|  10|          10|           5|
    |or_ln90_31_fu_7763_p2       |        or|   0|  0|  10|          10|           6|
    |or_ln90_32_fu_7780_p2       |        or|   0|  0|  10|          10|           6|
    |or_ln90_33_fu_7877_p2       |        or|   0|  0|  10|          10|           6|
    |or_ln90_34_fu_7894_p2       |        or|   0|  0|  10|          10|           6|
    |or_ln90_35_fu_7991_p2       |        or|   0|  0|  10|          10|           6|
    |or_ln90_36_fu_8008_p2       |        or|   0|  0|  10|          10|           6|
    |or_ln90_37_fu_8105_p2       |        or|   0|  0|  10|          10|           6|
    |or_ln90_38_fu_8122_p2       |        or|   0|  0|  10|          10|           6|
    |or_ln90_39_fu_8219_p2       |        or|   0|  0|  10|          10|           6|
    |or_ln90_3_fu_6167_p2        |        or|   0|  0|  10|          10|           3|
    |or_ln90_40_fu_8236_p2       |        or|   0|  0|  10|          10|           6|
    |or_ln90_41_fu_8333_p2       |        or|   0|  0|  10|          10|           6|
    |or_ln90_42_fu_8350_p2       |        or|   0|  0|  10|          10|           6|
    |or_ln90_43_fu_8447_p2       |        or|   0|  0|  10|          10|           6|
    |or_ln90_44_fu_8464_p2       |        or|   0|  0|  10|          10|           6|
    |or_ln90_45_fu_8561_p2       |        or|   0|  0|  10|          10|           6|
    |or_ln90_46_fu_8578_p2       |        or|   0|  0|  10|          10|           6|
    |or_ln90_47_fu_8675_p2       |        or|   0|  0|  10|          10|           6|
    |or_ln90_48_fu_8692_p2       |        or|   0|  0|  10|          10|           6|
    |or_ln90_49_fu_8789_p2       |        or|   0|  0|  10|          10|           6|
    |or_ln90_4_fu_6184_p2        |        or|   0|  0|  10|          10|           3|
    |or_ln90_50_fu_8806_p2       |        or|   0|  0|  10|          10|           6|
    |or_ln90_51_fu_8903_p2       |        or|   0|  0|  10|          10|           6|
    |or_ln90_52_fu_8920_p2       |        or|   0|  0|  10|          10|           6|
    |or_ln90_53_fu_9017_p2       |        or|   0|  0|  10|          10|           6|
    |or_ln90_54_fu_9034_p2       |        or|   0|  0|  10|          10|           6|
    |or_ln90_55_fu_9131_p2       |        or|   0|  0|  10|          10|           6|
    |or_ln90_56_fu_9148_p2       |        or|   0|  0|  10|          10|           6|
    |or_ln90_57_fu_9245_p2       |        or|   0|  0|  10|          10|           6|
    |or_ln90_58_fu_9262_p2       |        or|   0|  0|  10|          10|           6|
    |or_ln90_59_fu_9359_p2       |        or|   0|  0|  10|          10|           6|
    |or_ln90_5_fu_6281_p2        |        or|   0|  0|  10|          10|           3|
    |or_ln90_60_fu_9376_p2       |        or|   0|  0|  10|          10|           6|
    |or_ln90_61_fu_9473_p2       |        or|   0|  0|  10|          10|           6|
    |or_ln90_62_fu_9490_p2       |        or|   0|  0|  10|          10|           6|
    |or_ln90_6_fu_6298_p2        |        or|   0|  0|  10|          10|           3|
    |or_ln90_7_fu_6395_p2        |        or|   0|  0|  10|          10|           4|
    |or_ln90_8_fu_6412_p2        |        or|   0|  0|  10|          10|           4|
    |or_ln90_9_fu_6509_p2        |        or|   0|  0|  10|          10|           4|
    |or_ln90_fu_5955_p2          |        or|   0|  0|  10|          10|           1|
    |select_ln57_1_fu_5284_p3    |    select|   0|  0|  11|           1|          11|
    |select_ln57_2_fu_5292_p3    |    select|   0|  0|   4|           1|           4|
    |select_ln57_3_fu_5300_p3    |    select|   0|  0|  11|           1|          11|
    |select_ln57_4_fu_5308_p3    |    select|   0|  0|  11|           1|          11|
    |select_ln57_fu_5276_p3      |    select|   0|  0|   9|           1|           1|
    |select_ln69_1_fu_5444_p3    |    select|   0|  0|  12|           1|          12|
    |select_ln69_2_fu_5452_p3    |    select|   0|  0|   4|           1|           4|
    |select_ln69_3_fu_5460_p3    |    select|   0|  0|  12|           1|          12|
    |select_ln69_4_fu_5468_p3    |    select|   0|  0|  12|           1|          12|
    |select_ln69_fu_5436_p3      |    select|   0|  0|   9|           1|           1|
    |select_ln81_100_fu_7816_p3  |    select|   0|  0|   9|           1|           9|
    |select_ln81_101_fu_7856_p3  |    select|   0|  0|   9|           1|           9|
    |select_ln81_102_fu_7930_p3  |    select|   0|  0|   9|           1|           9|
    |select_ln81_103_fu_7970_p3  |    select|   0|  0|   9|           1|           9|
    |select_ln81_104_fu_8044_p3  |    select|   0|  0|   9|           1|           9|
    |select_ln81_105_fu_8084_p3  |    select|   0|  0|   9|           1|           9|
    |select_ln81_106_fu_8158_p3  |    select|   0|  0|   9|           1|           9|
    |select_ln81_107_fu_8198_p3  |    select|   0|  0|   9|           1|           9|
    |select_ln81_108_fu_8272_p3  |    select|   0|  0|   9|           1|           9|
    |select_ln81_109_fu_8312_p3  |    select|   0|  0|   9|           1|           9|
    |select_ln81_110_fu_8386_p3  |    select|   0|  0|   9|           1|           9|
    |select_ln81_111_fu_8426_p3  |    select|   0|  0|   9|           1|           9|
    |select_ln81_112_fu_8500_p3  |    select|   0|  0|   9|           1|           9|
    |select_ln81_113_fu_8540_p3  |    select|   0|  0|   9|           1|           9|
    |select_ln81_114_fu_8614_p3  |    select|   0|  0|   9|           1|           9|
    |select_ln81_115_fu_8654_p3  |    select|   0|  0|   9|           1|           9|
    |select_ln81_116_fu_8728_p3  |    select|   0|  0|   9|           1|           9|
    |select_ln81_117_fu_8768_p3  |    select|   0|  0|   9|           1|           9|
    |select_ln81_118_fu_8842_p3  |    select|   0|  0|   9|           1|           9|
    |select_ln81_119_fu_8882_p3  |    select|   0|  0|   9|           1|           9|
    |select_ln81_120_fu_8956_p3  |    select|   0|  0|   9|           1|           9|
    |select_ln81_121_fu_8996_p3  |    select|   0|  0|   9|           1|           9|
    |select_ln81_122_fu_9070_p3  |    select|   0|  0|   9|           1|           9|
    |select_ln81_123_fu_9110_p3  |    select|   0|  0|   9|           1|           9|
    |select_ln81_124_fu_9184_p3  |    select|   0|  0|   9|           1|           9|
    |select_ln81_125_fu_9224_p3  |    select|   0|  0|   9|           1|           9|
    |select_ln81_126_fu_9298_p3  |    select|   0|  0|   9|           1|           9|
    |select_ln81_127_fu_9338_p3  |    select|   0|  0|   9|           1|           9|
    |select_ln81_128_fu_9412_p3  |    select|   0|  0|   9|           1|           9|
    |select_ln81_129_fu_9452_p3  |    select|   0|  0|   9|           1|           9|
    |select_ln81_1_fu_5616_p3    |    select|   0|  0|   4|           1|           4|
    |select_ln81_66_fu_5624_p3   |    select|   0|  0|   9|           1|           9|
    |select_ln81_67_fu_5664_p3   |    select|   0|  0|   9|           1|           9|
    |select_ln81_68_fu_5992_p3   |    select|   0|  0|   9|           1|           9|
    |select_ln81_69_fu_6032_p3   |    select|   0|  0|   9|           1|           9|
    |select_ln81_70_fu_6106_p3   |    select|   0|  0|   9|           1|           9|
    |select_ln81_71_fu_6146_p3   |    select|   0|  0|   9|           1|           9|
    |select_ln81_72_fu_6220_p3   |    select|   0|  0|   9|           1|           9|
    |select_ln81_73_fu_6260_p3   |    select|   0|  0|   9|           1|           9|
    |select_ln81_74_fu_6334_p3   |    select|   0|  0|   9|           1|           9|
    |select_ln81_75_fu_6374_p3   |    select|   0|  0|   9|           1|           9|
    |select_ln81_76_fu_6448_p3   |    select|   0|  0|   9|           1|           9|
    |select_ln81_77_fu_6488_p3   |    select|   0|  0|   9|           1|           9|
    |select_ln81_78_fu_6562_p3   |    select|   0|  0|   9|           1|           9|
    |select_ln81_79_fu_6602_p3   |    select|   0|  0|   9|           1|           9|
    |select_ln81_80_fu_6676_p3   |    select|   0|  0|   9|           1|           9|
    |select_ln81_81_fu_6716_p3   |    select|   0|  0|   9|           1|           9|
    |select_ln81_82_fu_6790_p3   |    select|   0|  0|   9|           1|           9|
    |select_ln81_83_fu_6830_p3   |    select|   0|  0|   9|           1|           9|
    |select_ln81_84_fu_6904_p3   |    select|   0|  0|   9|           1|           9|
    |select_ln81_85_fu_6944_p3   |    select|   0|  0|   9|           1|           9|
    |select_ln81_86_fu_7018_p3   |    select|   0|  0|   9|           1|           9|
    |select_ln81_87_fu_7058_p3   |    select|   0|  0|   9|           1|           9|
    |select_ln81_88_fu_7132_p3   |    select|   0|  0|   9|           1|           9|
    |select_ln81_89_fu_7172_p3   |    select|   0|  0|   9|           1|           9|
    |select_ln81_90_fu_7246_p3   |    select|   0|  0|   9|           1|           9|
    |select_ln81_91_fu_7286_p3   |    select|   0|  0|   9|           1|           9|
    |select_ln81_92_fu_7360_p3   |    select|   0|  0|   9|           1|           9|
    |select_ln81_93_fu_7400_p3   |    select|   0|  0|   9|           1|           9|
    |select_ln81_94_fu_7474_p3   |    select|   0|  0|   9|           1|           9|
    |select_ln81_95_fu_7514_p3   |    select|   0|  0|   9|           1|           9|
    |select_ln81_96_fu_7588_p3   |    select|   0|  0|   9|           1|           9|
    |select_ln81_97_fu_7628_p3   |    select|   0|  0|   9|           1|           9|
    |select_ln81_98_fu_7702_p3   |    select|   0|  0|   9|           1|           9|
    |select_ln81_99_fu_7742_p3   |    select|   0|  0|   9|           1|           9|
    |select_ln81_fu_5596_p3      |    select|   0|  0|   4|           1|           1|
    |select_ln98_1_fu_9623_p3    |    select|   0|  0|   4|           1|           1|
    |select_ln98_2_fu_9593_p3    |    select|   0|  0|   4|           1|           4|
    |select_ln98_3_fu_9601_p3    |    select|   0|  0|   6|           1|           6|
    |select_ln98_4_fu_9609_p3    |    select|   0|  0|   6|           1|           6|
    |select_ln98_fu_9585_p3      |    select|   0|  0|   6|           1|           6|
    |ap_enable_pp3               |       xor|   0|  0|   2|           1|           2|
    |ap_enable_pp4               |       xor|   0|  0|   2|           1|           2|
    +----------------------------+----------+----+---+----+------------+------------+
    |Total                       |          |   0|  0|2385|        1584|        1506|
    +----------------------------+----------+----+---+----+------------+------------+

    * Multiplexer: 
    +---------------------------------------------+-----+-----------+-----+-----------+
    |                     Name                    | LUT | Input Size| Bits| Total Bits|
    +---------------------------------------------+-----+-----------+-----+-----------+
    |ap_NS_fsm                                    |  189|         43|    1|         43|
    |ap_enable_reg_pp3_iter40                     |    9|          2|    1|          2|
    |ap_enable_reg_pp4_iter2                      |    9|          2|    1|          2|
    |ap_enable_reg_pp4_iter3                      |    9|          2|    1|          2|
    |ap_phi_mux_i_3_phi_fu_4470_p4                |    9|          2|    4|          8|
    |ap_phi_mux_i_4_phi_fu_4515_p4                |    9|          2|    4|          8|
    |ap_phi_mux_indvar_flatten271_phi_fu_4459_p4  |    9|          2|    7|         14|
    |ap_phi_mux_j_2_phi_fu_4482_p4                |    9|          2|    4|          8|
    |grp_fu_4555_p0                               |   42|          8|   32|        256|
    |grp_fu_4555_p1                               |  147|         33|   32|       1056|
    |grp_fu_4559_p0                               |   42|          8|   32|        256|
    |grp_fu_4559_p1                               |  147|         33|   32|       1056|
    |grp_fu_4563_p0                               |   42|          8|   32|        256|
    |grp_fu_4563_p1                               |  147|         33|   32|       1056|
    |grp_fu_4567_p0                               |   42|          8|   32|        256|
    |grp_fu_4567_p1                               |  147|         33|   32|       1056|
    |grp_fu_4571_p0                               |   42|          8|   32|        256|
    |grp_fu_4571_p1                               |  147|         33|   32|       1056|
    |grp_fu_4575_p0                               |   42|          8|   32|        256|
    |grp_fu_4575_p1                               |  147|         33|   32|       1056|
    |grp_fu_4579_p0                               |   42|          8|   32|        256|
    |grp_fu_4579_p1                               |  147|         33|   32|       1056|
    |grp_fu_4583_p0                               |   42|          8|   32|        256|
    |grp_fu_4583_p1                               |  147|         33|   32|       1056|
    |grp_fu_4587_p0                               |   25|          5|   32|        160|
    |grp_fu_4587_p1                               |   25|          5|   32|        160|
    |grp_fu_4591_p0                               |   25|          5|   32|        160|
    |grp_fu_4591_p1                               |   25|          5|   32|        160|
    |grp_fu_4595_p0                               |   25|          5|   32|        160|
    |grp_fu_4595_p1                               |   25|          5|   32|        160|
    |grp_fu_4599_p0                               |   25|          5|   32|        160|
    |grp_fu_4599_p1                               |   25|          5|   32|        160|
    |grp_fu_4603_p0                               |   25|          5|   32|        160|
    |grp_fu_4603_p1                               |   25|          5|   32|        160|
    |grp_fu_4607_p0                               |   25|          5|   32|        160|
    |grp_fu_4607_p1                               |   25|          5|   32|        160|
    |grp_fu_4611_p0                               |   25|          5|   32|        160|
    |grp_fu_4611_p1                               |   25|          5|   32|        160|
    |grp_fu_4615_p0                               |   25|          5|   32|        160|
    |grp_fu_4615_p1                               |   25|          5|   32|        160|
    |i_1_reg_4356                                 |    9|          2|    4|          8|
    |i_2_reg_4422                                 |    9|          2|    4|          8|
    |i_3_reg_4466                                 |    9|          2|    4|          8|
    |i_4_reg_4511                                 |    9|          2|    4|          8|
    |i_reg_4301                                   |    9|          2|    4|          8|
    |in_buf_0_address0                            |  151|         34|    9|        306|
    |in_buf_0_address1                            |  151|         34|    9|        306|
    |in_buf_1_address0                            |  151|         34|    9|        306|
    |in_buf_1_address1                            |  151|         34|    9|        306|
    |in_buf_2_address0                            |  151|         34|    9|        306|
    |in_buf_2_address1                            |  151|         34|    9|        306|
    |in_buf_3_address0                            |  151|         34|    9|        306|
    |in_buf_3_address1                            |  151|         34|    9|        306|
    |in_stream_TDATA_blk_n                        |    9|          2|    1|          2|
    |indvar_flatten271_reg_4455                   |    9|          2|    7|         14|
    |indvar_flatten279_reg_4489                   |    9|          2|    6|         12|
    |indvar_flatten7_reg_4389                     |    9|          2|   11|         22|
    |indvar_flatten_reg_4323                      |    9|          2|   11|         22|
    |indvars_iv153_reg_4522                       |    9|          2|    6|         12|
    |indvars_iv197_reg_4411                       |    9|          2|   12|         24|
    |indvars_iv203_reg_4345                       |    9|          2|   11|         22|
    |is_idx_1_reg_4334                            |    9|          2|   11|         22|
    |is_idx_2_reg_4400                            |    9|          2|   12|         24|
    |is_idx_3_reg_4378                            |    9|          2|   11|         22|
    |is_idx_4_reg_4444                            |    9|          2|   12|         24|
    |is_idx_reg_4312                              |    9|          2|    3|          6|
    |j_1_reg_4433                                 |    9|          2|    9|         18|
    |j_2_reg_4478                                 |    9|          2|    4|          8|
    |j_3_reg_4544                                 |    9|          2|    4|          8|
    |j_reg_4367                                   |    9|          2|    9|         18|
    |offset_buf_address0                          |   14|          3|    4|         12|
    |os_idx_1_reg_4533                            |    9|          2|    6|         12|
    |os_idx_reg_4500                              |    9|          2|    6|         12|
    |out_buf_address0                             |   14|          3|    7|         21|
    |out_stream_TDATA_blk_n                       |    9|          2|    1|          2|
    |weight_buf_0_address0                        |  151|         34|   10|        340|
    |weight_buf_0_address1                        |  151|         34|   10|        340|
    |weight_buf_1_address0                        |  151|         34|   10|        340|
    |weight_buf_1_address1                        |  151|         34|   10|        340|
    |weight_buf_2_address0                        |  151|         34|   10|        340|
    |weight_buf_2_address1                        |  151|         34|   10|        340|
    |weight_buf_3_address0                        |  151|         34|   10|        340|
    |weight_buf_3_address1                        |  151|         34|   10|        340|
    +---------------------------------------------+-----+-----------+-----+-----------+
    |Total                                        | 4833|       1065| 1383|      18690|
    +---------------------------------------------+-----+-----------+-----+-----------+

    * Register: 
    +--------------------------------------+-----+----+-----+-----------+
    |                 Name                 |  FF | LUT| Bits| Const Bits|
    +--------------------------------------+-----+----+-----+-----------+
    |add_ln81_1_reg_9808                   |    7|   0|    7|          0|
    |add_ln84_reg_13922                    |    4|   0|    4|          0|
    |add_ln92_1_reg_14127                  |    7|   0|    7|          0|
    |ap_CS_fsm                             |   42|   0|   42|          0|
    |ap_enable_reg_pp3_iter0               |    1|   0|    1|          0|
    |ap_enable_reg_pp3_iter1               |    1|   0|    1|          0|
    |ap_enable_reg_pp3_iter10              |    1|   0|    1|          0|
    |ap_enable_reg_pp3_iter11              |    1|   0|    1|          0|
    |ap_enable_reg_pp3_iter12              |    1|   0|    1|          0|
    |ap_enable_reg_pp3_iter13              |    1|   0|    1|          0|
    |ap_enable_reg_pp3_iter14              |    1|   0|    1|          0|
    |ap_enable_reg_pp3_iter15              |    1|   0|    1|          0|
    |ap_enable_reg_pp3_iter16              |    1|   0|    1|          0|
    |ap_enable_reg_pp3_iter17              |    1|   0|    1|          0|
    |ap_enable_reg_pp3_iter18              |    1|   0|    1|          0|
    |ap_enable_reg_pp3_iter19              |    1|   0|    1|          0|
    |ap_enable_reg_pp3_iter2               |    1|   0|    1|          0|
    |ap_enable_reg_pp3_iter20              |    1|   0|    1|          0|
    |ap_enable_reg_pp3_iter21              |    1|   0|    1|          0|
    |ap_enable_reg_pp3_iter22              |    1|   0|    1|          0|
    |ap_enable_reg_pp3_iter23              |    1|   0|    1|          0|
    |ap_enable_reg_pp3_iter24              |    1|   0|    1|          0|
    |ap_enable_reg_pp3_iter25              |    1|   0|    1|          0|
    |ap_enable_reg_pp3_iter26              |    1|   0|    1|          0|
    |ap_enable_reg_pp3_iter27              |    1|   0|    1|          0|
    |ap_enable_reg_pp3_iter28              |    1|   0|    1|          0|
    |ap_enable_reg_pp3_iter29              |    1|   0|    1|          0|
    |ap_enable_reg_pp3_iter3               |    1|   0|    1|          0|
    |ap_enable_reg_pp3_iter30              |    1|   0|    1|          0|
    |ap_enable_reg_pp3_iter31              |    1|   0|    1|          0|
    |ap_enable_reg_pp3_iter32              |    1|   0|    1|          0|
    |ap_enable_reg_pp3_iter33              |    1|   0|    1|          0|
    |ap_enable_reg_pp3_iter34              |    1|   0|    1|          0|
    |ap_enable_reg_pp3_iter35              |    1|   0|    1|          0|
    |ap_enable_reg_pp3_iter36              |    1|   0|    1|          0|
    |ap_enable_reg_pp3_iter37              |    1|   0|    1|          0|
    |ap_enable_reg_pp3_iter38              |    1|   0|    1|          0|
    |ap_enable_reg_pp3_iter39              |    1|   0|    1|          0|
    |ap_enable_reg_pp3_iter4               |    1|   0|    1|          0|
    |ap_enable_reg_pp3_iter40              |    1|   0|    1|          0|
    |ap_enable_reg_pp3_iter5               |    1|   0|    1|          0|
    |ap_enable_reg_pp3_iter6               |    1|   0|    1|          0|
    |ap_enable_reg_pp3_iter7               |    1|   0|    1|          0|
    |ap_enable_reg_pp3_iter8               |    1|   0|    1|          0|
    |ap_enable_reg_pp3_iter9               |    1|   0|    1|          0|
    |ap_enable_reg_pp4_iter0               |    1|   0|    1|          0|
    |ap_enable_reg_pp4_iter1               |    1|   0|    1|          0|
    |ap_enable_reg_pp4_iter2               |    1|   0|    1|          0|
    |ap_enable_reg_pp4_iter3               |    1|   0|    1|          0|
    |i_1_reg_4356                          |    4|   0|    4|          0|
    |i_2_reg_4422                          |    4|   0|    4|          0|
    |i_3_reg_4466                          |    4|   0|    4|          0|
    |i_4_reg_4511                          |    4|   0|    4|          0|
    |i_reg_4301                            |    4|   0|    4|          0|
    |icmp_ln100_reg_14146                  |    1|   0|    1|          0|
    |icmp_ln81_reg_9813                    |    1|   0|    1|          0|
    |icmp_ln84_reg_9817                    |    1|   0|    1|          0|
    |icmp_ln98_reg_14142                   |    1|   0|    1|          0|
    |indvar_flatten271_reg_4455            |    7|   0|    7|          0|
    |indvar_flatten279_reg_4489            |    6|   0|    6|          0|
    |indvar_flatten7_reg_4389              |   11|   0|   11|          0|
    |indvar_flatten_reg_4323               |   11|   0|   11|          0|
    |indvars_iv153_reg_4522                |    6|   0|    6|          0|
    |indvars_iv197_reg_4411                |   12|   0|   12|          0|
    |indvars_iv203_reg_4345                |   11|   0|   11|          0|
    |is_idx_1_reg_4334                     |   11|   0|   11|          0|
    |is_idx_2_reg_4400                     |   12|   0|   12|          0|
    |is_idx_3_reg_4378                     |   11|   0|   11|          0|
    |is_idx_4_reg_4444                     |   12|   0|   12|          0|
    |is_idx_reg_4312                       |    3|   0|    3|          0|
    |j_1_reg_4433                          |    9|   0|    9|          0|
    |j_2_reg_4478                          |    4|   0|    4|          0|
    |j_3_reg_4544                          |    4|   0|    4|          0|
    |j_reg_4367                            |    9|   0|    9|          0|
    |mul_100_reg_12937                     |   32|   0|   32|          0|
    |mul_101_reg_13052                     |   32|   0|   32|          0|
    |mul_102_reg_13057                     |   32|   0|   32|          0|
    |mul_103_reg_13172                     |   32|   0|   32|          0|
    |mul_104_reg_13177                     |   32|   0|   32|          0|
    |mul_105_reg_13292                     |   32|   0|   32|          0|
    |mul_106_reg_13297                     |   32|   0|   32|          0|
    |mul_107_reg_13412                     |   32|   0|   32|          0|
    |mul_108_reg_13417                     |   32|   0|   32|          0|
    |mul_109_reg_13532                     |   32|   0|   32|          0|
    |mul_10_reg_11367                      |   32|   0|   32|          0|
    |mul_10_reg_11367_pp3_iter1_reg        |   32|   0|   32|          0|
    |mul_110_reg_13537                     |   32|   0|   32|          0|
    |mul_111_reg_13652                     |   32|   0|   32|          0|
    |mul_112_reg_13657                     |   32|   0|   32|          0|
    |mul_113_reg_13772                     |   32|   0|   32|          0|
    |mul_114_reg_13777                     |   32|   0|   32|          0|
    |mul_115_reg_13892                     |   32|   0|   32|          0|
    |mul_116_reg_13897                     |   32|   0|   32|          0|
    |mul_117_reg_13937                     |   32|   0|   32|          0|
    |mul_118_reg_13942                     |   32|   0|   32|          0|
    |mul_119_reg_13977                     |   32|   0|   32|          0|
    |mul_11_reg_11482                      |   32|   0|   32|          0|
    |mul_11_reg_11482_pp3_iter1_reg        |   32|   0|   32|          0|
    |mul_120_reg_13982                     |   32|   0|   32|          0|
    |mul_121_reg_14017                     |   32|   0|   32|          0|
    |mul_122_reg_14022                     |   32|   0|   32|          0|
    |mul_123_reg_14057                     |   32|   0|   32|          0|
    |mul_124_reg_14062                     |   32|   0|   32|          0|
    |mul_125_reg_14097                     |   32|   0|   32|          0|
    |mul_126_reg_14102                     |   32|   0|   32|          0|
    |mul_127_reg_10782                     |   32|   0|   32|          0|
    |mul_128_reg_10787                     |   32|   0|   32|          0|
    |mul_129_reg_10902                     |   32|   0|   32|          0|
    |mul_12_reg_11487                      |   32|   0|   32|          0|
    |mul_12_reg_11487_pp3_iter1_reg        |   32|   0|   32|          0|
    |mul_130_reg_10907                     |   32|   0|   32|          0|
    |mul_131_reg_11022                     |   32|   0|   32|          0|
    |mul_132_reg_11027                     |   32|   0|   32|          0|
    |mul_133_reg_11142                     |   32|   0|   32|          0|
    |mul_134_reg_11147                     |   32|   0|   32|          0|
    |mul_135_reg_11262                     |   32|   0|   32|          0|
    |mul_136_reg_11267                     |   32|   0|   32|          0|
    |mul_137_reg_11382                     |   32|   0|   32|          0|
    |mul_138_reg_11387                     |   32|   0|   32|          0|
    |mul_139_reg_11502                     |   32|   0|   32|          0|
    |mul_13_reg_11602                      |   32|   0|   32|          0|
    |mul_140_reg_11507                     |   32|   0|   32|          0|
    |mul_141_reg_11622                     |   32|   0|   32|          0|
    |mul_142_reg_11627                     |   32|   0|   32|          0|
    |mul_143_reg_11742                     |   32|   0|   32|          0|
    |mul_144_reg_11747                     |   32|   0|   32|          0|
    |mul_145_reg_11862                     |   32|   0|   32|          0|
    |mul_146_reg_11867                     |   32|   0|   32|          0|
    |mul_147_reg_11982                     |   32|   0|   32|          0|
    |mul_148_reg_11987                     |   32|   0|   32|          0|
    |mul_149_reg_12102                     |   32|   0|   32|          0|
    |mul_14_reg_11607                      |   32|   0|   32|          0|
    |mul_150_reg_12107                     |   32|   0|   32|          0|
    |mul_151_reg_12222                     |   32|   0|   32|          0|
    |mul_152_reg_12227                     |   32|   0|   32|          0|
    |mul_153_reg_12342                     |   32|   0|   32|          0|
    |mul_154_reg_12347                     |   32|   0|   32|          0|
    |mul_155_reg_12462                     |   32|   0|   32|          0|
    |mul_156_reg_12467                     |   32|   0|   32|          0|
    |mul_157_reg_12582                     |   32|   0|   32|          0|
    |mul_158_reg_12587                     |   32|   0|   32|          0|
    |mul_159_reg_12702                     |   32|   0|   32|          0|
    |mul_15_reg_11722                      |   32|   0|   32|          0|
    |mul_160_reg_12707                     |   32|   0|   32|          0|
    |mul_161_reg_12822                     |   32|   0|   32|          0|
    |mul_162_reg_12827                     |   32|   0|   32|          0|
    |mul_163_reg_12942                     |   32|   0|   32|          0|
    |mul_164_reg_12947                     |   32|   0|   32|          0|
    |mul_165_reg_13062                     |   32|   0|   32|          0|
    |mul_166_reg_13067                     |   32|   0|   32|          0|
    |mul_167_reg_13182                     |   32|   0|   32|          0|
    |mul_168_reg_13187                     |   32|   0|   32|          0|
    |mul_169_reg_13302                     |   32|   0|   32|          0|
    |mul_16_reg_11727                      |   32|   0|   32|          0|
    |mul_170_reg_13307                     |   32|   0|   32|          0|
    |mul_171_reg_13422                     |   32|   0|   32|          0|
    |mul_172_reg_13427                     |   32|   0|   32|          0|
    |mul_173_reg_13542                     |   32|   0|   32|          0|
    |mul_174_reg_13547                     |   32|   0|   32|          0|
    |mul_175_reg_13662                     |   32|   0|   32|          0|
    |mul_176_reg_13667                     |   32|   0|   32|          0|
    |mul_177_reg_13782                     |   32|   0|   32|          0|
    |mul_178_reg_13787                     |   32|   0|   32|          0|
    |mul_179_reg_13902                     |   32|   0|   32|          0|
    |mul_17_reg_11842                      |   32|   0|   32|          0|
    |mul_180_reg_13907                     |   32|   0|   32|          0|
    |mul_181_reg_13947                     |   32|   0|   32|          0|
    |mul_182_reg_13952                     |   32|   0|   32|          0|
    |mul_183_reg_13987                     |   32|   0|   32|          0|
    |mul_184_reg_13992                     |   32|   0|   32|          0|
    |mul_185_reg_14027                     |   32|   0|   32|          0|
    |mul_186_reg_14032                     |   32|   0|   32|          0|
    |mul_187_reg_14067                     |   32|   0|   32|          0|
    |mul_188_reg_14072                     |   32|   0|   32|          0|
    |mul_189_reg_14107                     |   32|   0|   32|          0|
    |mul_18_reg_11847                      |   32|   0|   32|          0|
    |mul_190_reg_14112                     |   32|   0|   32|          0|
    |mul_191_reg_10792                     |   32|   0|   32|          0|
    |mul_192_reg_10797                     |   32|   0|   32|          0|
    |mul_193_reg_10912                     |   32|   0|   32|          0|
    |mul_194_reg_10917                     |   32|   0|   32|          0|
    |mul_195_reg_11032                     |   32|   0|   32|          0|
    |mul_196_reg_11037                     |   32|   0|   32|          0|
    |mul_197_reg_11152                     |   32|   0|   32|          0|
    |mul_198_reg_11157                     |   32|   0|   32|          0|
    |mul_199_reg_11272                     |   32|   0|   32|          0|
    |mul_19_reg_11962                      |   32|   0|   32|          0|
    |mul_1_reg_10767                       |   32|   0|   32|          0|
    |mul_200_reg_11277                     |   32|   0|   32|          0|
    |mul_201_reg_11392                     |   32|   0|   32|          0|
    |mul_202_reg_11397                     |   32|   0|   32|          0|
    |mul_203_reg_11512                     |   32|   0|   32|          0|
    |mul_204_reg_11517                     |   32|   0|   32|          0|
    |mul_205_reg_11632                     |   32|   0|   32|          0|
    |mul_206_reg_11637                     |   32|   0|   32|          0|
    |mul_207_reg_11752                     |   32|   0|   32|          0|
    |mul_208_reg_11757                     |   32|   0|   32|          0|
    |mul_209_reg_11872                     |   32|   0|   32|          0|
    |mul_20_reg_11967                      |   32|   0|   32|          0|
    |mul_210_reg_11877                     |   32|   0|   32|          0|
    |mul_211_reg_11992                     |   32|   0|   32|          0|
    |mul_212_reg_11997                     |   32|   0|   32|          0|
    |mul_213_reg_12112                     |   32|   0|   32|          0|
    |mul_214_reg_12117                     |   32|   0|   32|          0|
    |mul_215_reg_12232                     |   32|   0|   32|          0|
    |mul_216_reg_12237                     |   32|   0|   32|          0|
    |mul_217_reg_12352                     |   32|   0|   32|          0|
    |mul_218_reg_12357                     |   32|   0|   32|          0|
    |mul_219_reg_12472                     |   32|   0|   32|          0|
    |mul_21_reg_12082                      |   32|   0|   32|          0|
    |mul_220_reg_12477                     |   32|   0|   32|          0|
    |mul_221_reg_12592                     |   32|   0|   32|          0|
    |mul_222_reg_12597                     |   32|   0|   32|          0|
    |mul_223_reg_12712                     |   32|   0|   32|          0|
    |mul_224_reg_12717                     |   32|   0|   32|          0|
    |mul_225_reg_12832                     |   32|   0|   32|          0|
    |mul_226_reg_12837                     |   32|   0|   32|          0|
    |mul_227_reg_12952                     |   32|   0|   32|          0|
    |mul_228_reg_12957                     |   32|   0|   32|          0|
    |mul_229_reg_13072                     |   32|   0|   32|          0|
    |mul_22_reg_12087                      |   32|   0|   32|          0|
    |mul_230_reg_13077                     |   32|   0|   32|          0|
    |mul_231_reg_13192                     |   32|   0|   32|          0|
    |mul_232_reg_13197                     |   32|   0|   32|          0|
    |mul_233_reg_13312                     |   32|   0|   32|          0|
    |mul_234_reg_13317                     |   32|   0|   32|          0|
    |mul_235_reg_13432                     |   32|   0|   32|          0|
    |mul_236_reg_13437                     |   32|   0|   32|          0|
    |mul_237_reg_13552                     |   32|   0|   32|          0|
    |mul_238_reg_13557                     |   32|   0|   32|          0|
    |mul_239_reg_13672                     |   32|   0|   32|          0|
    |mul_23_reg_12202                      |   32|   0|   32|          0|
    |mul_240_reg_13677                     |   32|   0|   32|          0|
    |mul_241_reg_13792                     |   32|   0|   32|          0|
    |mul_242_reg_13797                     |   32|   0|   32|          0|
    |mul_243_reg_13912                     |   32|   0|   32|          0|
    |mul_244_reg_13917                     |   32|   0|   32|          0|
    |mul_245_reg_13957                     |   32|   0|   32|          0|
    |mul_246_reg_13962                     |   32|   0|   32|          0|
    |mul_247_reg_13997                     |   32|   0|   32|          0|
    |mul_248_reg_14002                     |   32|   0|   32|          0|
    |mul_249_reg_14037                     |   32|   0|   32|          0|
    |mul_24_reg_12207                      |   32|   0|   32|          0|
    |mul_250_reg_14042                     |   32|   0|   32|          0|
    |mul_251_reg_14077                     |   32|   0|   32|          0|
    |mul_252_reg_14082                     |   32|   0|   32|          0|
    |mul_253_reg_14117                     |   32|   0|   32|          0|
    |mul_254_reg_14122                     |   32|   0|   32|          0|
    |mul_25_reg_12322                      |   32|   0|   32|          0|
    |mul_26_reg_12327                      |   32|   0|   32|          0|
    |mul_27_reg_12442                      |   32|   0|   32|          0|
    |mul_28_reg_12447                      |   32|   0|   32|          0|
    |mul_29_reg_12562                      |   32|   0|   32|          0|
    |mul_2_reg_10882                       |   32|   0|   32|          0|
    |mul_30_reg_12567                      |   32|   0|   32|          0|
    |mul_31_reg_12682                      |   32|   0|   32|          0|
    |mul_32_reg_12687                      |   32|   0|   32|          0|
    |mul_33_reg_12802                      |   32|   0|   32|          0|
    |mul_34_reg_12807                      |   32|   0|   32|          0|
    |mul_35_reg_12922                      |   32|   0|   32|          0|
    |mul_36_reg_12927                      |   32|   0|   32|          0|
    |mul_37_reg_13042                      |   32|   0|   32|          0|
    |mul_38_reg_13047                      |   32|   0|   32|          0|
    |mul_39_reg_13162                      |   32|   0|   32|          0|
    |mul_3_reg_10887                       |   32|   0|   32|          0|
    |mul_40_reg_13167                      |   32|   0|   32|          0|
    |mul_41_reg_13282                      |   32|   0|   32|          0|
    |mul_42_reg_13287                      |   32|   0|   32|          0|
    |mul_43_reg_13402                      |   32|   0|   32|          0|
    |mul_44_reg_13407                      |   32|   0|   32|          0|
    |mul_45_reg_13522                      |   32|   0|   32|          0|
    |mul_46_reg_13527                      |   32|   0|   32|          0|
    |mul_47_reg_13642                      |   32|   0|   32|          0|
    |mul_48_reg_13647                      |   32|   0|   32|          0|
    |mul_49_reg_13762                      |   32|   0|   32|          0|
    |mul_4_reg_11002                       |   32|   0|   32|          0|
    |mul_50_reg_13767                      |   32|   0|   32|          0|
    |mul_51_reg_13882                      |   32|   0|   32|          0|
    |mul_52_reg_13887                      |   32|   0|   32|          0|
    |mul_53_reg_13927                      |   32|   0|   32|          0|
    |mul_54_reg_13932                      |   32|   0|   32|          0|
    |mul_55_reg_13967                      |   32|   0|   32|          0|
    |mul_56_reg_13972                      |   32|   0|   32|          0|
    |mul_57_reg_14007                      |   32|   0|   32|          0|
    |mul_58_reg_14012                      |   32|   0|   32|          0|
    |mul_59_reg_14047                      |   32|   0|   32|          0|
    |mul_5_reg_11007                       |   32|   0|   32|          0|
    |mul_60_reg_14052                      |   32|   0|   32|          0|
    |mul_61_reg_14087                      |   32|   0|   32|          0|
    |mul_62_reg_14092                      |   32|   0|   32|          0|
    |mul_63_reg_10772                      |   32|   0|   32|          0|
    |mul_64_reg_10777                      |   32|   0|   32|          0|
    |mul_65_reg_10892                      |   32|   0|   32|          0|
    |mul_66_reg_10897                      |   32|   0|   32|          0|
    |mul_67_reg_11012                      |   32|   0|   32|          0|
    |mul_68_reg_11017                      |   32|   0|   32|          0|
    |mul_69_reg_11132                      |   32|   0|   32|          0|
    |mul_6_reg_11122                       |   32|   0|   32|          0|
    |mul_70_reg_11137                      |   32|   0|   32|          0|
    |mul_71_reg_11252                      |   32|   0|   32|          0|
    |mul_72_reg_11257                      |   32|   0|   32|          0|
    |mul_73_reg_11372                      |   32|   0|   32|          0|
    |mul_74_reg_11377                      |   32|   0|   32|          0|
    |mul_75_reg_11492                      |   32|   0|   32|          0|
    |mul_76_reg_11497                      |   32|   0|   32|          0|
    |mul_77_reg_11612                      |   32|   0|   32|          0|
    |mul_78_reg_11617                      |   32|   0|   32|          0|
    |mul_79_reg_11732                      |   32|   0|   32|          0|
    |mul_7_reg_11127                       |   32|   0|   32|          0|
    |mul_7_reg_11127_pp3_iter1_reg         |   32|   0|   32|          0|
    |mul_80_reg_11737                      |   32|   0|   32|          0|
    |mul_81_reg_11852                      |   32|   0|   32|          0|
    |mul_82_reg_11857                      |   32|   0|   32|          0|
    |mul_83_reg_11972                      |   32|   0|   32|          0|
    |mul_84_reg_11977                      |   32|   0|   32|          0|
    |mul_85_reg_12092                      |   32|   0|   32|          0|
    |mul_86_reg_12097                      |   32|   0|   32|          0|
    |mul_87_reg_12212                      |   32|   0|   32|          0|
    |mul_88_reg_12217                      |   32|   0|   32|          0|
    |mul_89_reg_12332                      |   32|   0|   32|          0|
    |mul_8_reg_11242                       |   32|   0|   32|          0|
    |mul_8_reg_11242_pp3_iter1_reg         |   32|   0|   32|          0|
    |mul_90_reg_12337                      |   32|   0|   32|          0|
    |mul_91_reg_12452                      |   32|   0|   32|          0|
    |mul_92_reg_12457                      |   32|   0|   32|          0|
    |mul_93_reg_12572                      |   32|   0|   32|          0|
    |mul_94_reg_12577                      |   32|   0|   32|          0|
    |mul_95_reg_12692                      |   32|   0|   32|          0|
    |mul_96_reg_12697                      |   32|   0|   32|          0|
    |mul_97_reg_12812                      |   32|   0|   32|          0|
    |mul_98_reg_12817                      |   32|   0|   32|          0|
    |mul_99_reg_12932                      |   32|   0|   32|          0|
    |mul_9_reg_11247                       |   32|   0|   32|          0|
    |mul_9_reg_11247_pp3_iter1_reg         |   32|   0|   32|          0|
    |mul_reg_10762                         |   32|   0|   32|          0|
    |mul_s_reg_11362                       |   32|   0|   32|          0|
    |mul_s_reg_11362_pp3_iter1_reg         |   32|   0|   32|          0|
    |os_idx_1_reg_4533                     |    6|   0|    6|          0|
    |os_idx_reg_4500                       |    6|   0|    6|          0|
    |reg_4629                              |   32|   0|   32|          0|
    |reg_4634                              |   32|   0|   32|          0|
    |reg_4639                              |   32|   0|   32|          0|
    |reg_4644                              |   32|   0|   32|          0|
    |reg_4649                              |   32|   0|   32|          0|
    |reg_4654                              |   32|   0|   32|          0|
    |reg_4659                              |   32|   0|   32|          0|
    |reg_4664                              |   32|   0|   32|          0|
    |reg_4669                              |   32|   0|   32|          0|
    |reg_4674                              |   32|   0|   32|          0|
    |reg_4679                              |   32|   0|   32|          0|
    |reg_4684                              |   32|   0|   32|          0|
    |reg_4689                              |   32|   0|   32|          0|
    |reg_4694                              |   32|   0|   32|          0|
    |reg_4699                              |   32|   0|   32|          0|
    |reg_4704                              |   32|   0|   32|          0|
    |reg_4709                              |   32|   0|   32|          0|
    |reg_4714                              |   32|   0|   32|          0|
    |reg_4719                              |   32|   0|   32|          0|
    |reg_4724                              |   32|   0|   32|          0|
    |reg_4729                              |   32|   0|   32|          0|
    |reg_4734                              |   32|   0|   32|          0|
    |reg_4739                              |   32|   0|   32|          0|
    |reg_4744                              |   32|   0|   32|          0|
    |reg_4749                              |   32|   0|   32|          0|
    |reg_4754                              |   32|   0|   32|          0|
    |reg_4759                              |   32|   0|   32|          0|
    |reg_4764                              |   32|   0|   32|          0|
    |reg_4769                              |   32|   0|   32|          0|
    |reg_4774                              |   32|   0|   32|          0|
    |reg_4779                              |   32|   0|   32|          0|
    |reg_4784                              |   32|   0|   32|          0|
    |reg_4789                              |   32|   0|   32|          0|
    |reg_4794                              |   32|   0|   32|          0|
    |reg_4799                              |   32|   0|   32|          0|
    |reg_4804                              |   32|   0|   32|          0|
    |reg_4809                              |   32|   0|   32|          0|
    |reg_4814                              |   32|   0|   32|          0|
    |reg_4819                              |   32|   0|   32|          0|
    |reg_4824                              |   32|   0|   32|          0|
    |reg_4829                              |   32|   0|   32|          0|
    |reg_4834                              |   32|   0|   32|          0|
    |reg_4839                              |   32|   0|   32|          0|
    |reg_4844                              |   32|   0|   32|          0|
    |reg_4849                              |   32|   0|   32|          0|
    |reg_4854                              |   32|   0|   32|          0|
    |reg_4859                              |   32|   0|   32|          0|
    |reg_4864                              |   32|   0|   32|          0|
    |reg_4869                              |   32|   0|   32|          0|
    |reg_4874                              |   32|   0|   32|          0|
    |reg_4879                              |   32|   0|   32|          0|
    |reg_4884                              |   32|   0|   32|          0|
    |reg_4889                              |   32|   0|   32|          0|
    |reg_4894                              |   32|   0|   32|          0|
    |reg_4899                              |   32|   0|   32|          0|
    |reg_4904                              |   32|   0|   32|          0|
    |reg_4909                              |   32|   0|   32|          0|
    |reg_4914                              |   32|   0|   32|          0|
    |reg_4919                              |   32|   0|   32|          0|
    |reg_4924                              |   32|   0|   32|          0|
    |reg_4929                              |   32|   0|   32|          0|
    |reg_4934                              |   32|   0|   32|          0|
    |reg_4939                              |   32|   0|   32|          0|
    |reg_4944                              |   32|   0|   32|          0|
    |reg_4949                              |   32|   0|   32|          0|
    |reg_4954                              |   32|   0|   32|          0|
    |reg_4959                              |   32|   0|   32|          0|
    |reg_4964                              |   32|   0|   32|          0|
    |reg_4969                              |   32|   0|   32|          0|
    |reg_4974                              |   32|   0|   32|          0|
    |reg_4980                              |   32|   0|   32|          0|
    |reg_4985                              |   32|   0|   32|          0|
    |reg_4990                              |   32|   0|   32|          0|
    |reg_4995                              |   32|   0|   32|          0|
    |reg_5000                              |   32|   0|   32|          0|
    |reg_5005                              |   32|   0|   32|          0|
    |reg_5011                              |   32|   0|   32|          0|
    |reg_5016                              |   32|   0|   32|          0|
    |reg_5021                              |   32|   0|   32|          0|
    |reg_5026                              |   32|   0|   32|          0|
    |reg_5031                              |   32|   0|   32|          0|
    |reg_5036                              |   32|   0|   32|          0|
    |reg_5042                              |   32|   0|   32|          0|
    |reg_5047                              |   32|   0|   32|          0|
    |reg_5052                              |   32|   0|   32|          0|
    |reg_5057                              |   32|   0|   32|          0|
    |reg_5062                              |   32|   0|   32|          0|
    |reg_5067                              |   32|   0|   32|          0|
    |reg_5073                              |   32|   0|   32|          0|
    |reg_5078                              |   32|   0|   32|          0|
    |reg_5083                              |   32|   0|   32|          0|
    |reg_5088                              |   32|   0|   32|          0|
    |reg_5093                              |   32|   0|   32|          0|
    |reg_5098                              |   32|   0|   32|          0|
    |reg_5104                              |   32|   0|   32|          0|
    |reg_5109                              |   32|   0|   32|          0|
    |reg_5114                              |   32|   0|   32|          0|
    |reg_5119                              |   32|   0|   32|          0|
    |reg_5124                              |   32|   0|   32|          0|
    |reg_5129                              |   32|   0|   32|          0|
    |reg_5135                              |   32|   0|   32|          0|
    |reg_5140                              |   32|   0|   32|          0|
    |reg_5145                              |   32|   0|   32|          0|
    |reg_5150                              |   32|   0|   32|          0|
    |reg_5155                              |   32|   0|   32|          0|
    |reg_5160                              |   32|   0|   32|          0|
    |reg_5166                              |   32|   0|   32|          0|
    |reg_5171                              |   32|   0|   32|          0|
    |reg_5176                              |   32|   0|   32|          0|
    |reg_5182                              |   32|   0|   32|          0|
    |reg_5187                              |   32|   0|   32|          0|
    |select_ln81_1_reg_9889                |    4|   0|    4|          0|
    |select_ln81_1_reg_9889_pp3_iter1_reg  |    4|   0|    4|          0|
    |select_ln81_reg_9883                  |    4|   0|    4|          0|
    |select_ln81_reg_9883_pp3_iter1_reg    |    4|   0|    4|          0|
    |select_ln98_2_reg_14151               |    4|   0|    4|          0|
    |tmp_2_253_reg_14132                   |   32|   0|   32|          0|
    |tmp_reg_10437                         |   32|   0|   32|          0|
    |tmp_s_reg_10246                       |    4|   0|   10|          6|
    |trunc_ln81_100_reg_10151              |    3|   0|    3|          0|
    |trunc_ln81_102_reg_10156              |    3|   0|    3|          0|
    |trunc_ln81_104_reg_10161              |    3|   0|    3|          0|
    |trunc_ln81_106_reg_10166              |    3|   0|    3|          0|
    |trunc_ln81_108_reg_10171              |    3|   0|    3|          0|
    |trunc_ln81_10_reg_9926                |    3|   0|    3|          0|
    |trunc_ln81_110_reg_10176              |    3|   0|    3|          0|
    |trunc_ln81_112_reg_10181              |    3|   0|    3|          0|
    |trunc_ln81_114_reg_10186              |    3|   0|    3|          0|
    |trunc_ln81_116_reg_10191              |    3|   0|    3|          0|
    |trunc_ln81_118_reg_10196              |    3|   0|    3|          0|
    |trunc_ln81_120_reg_10201              |    3|   0|    3|          0|
    |trunc_ln81_122_reg_10206              |    3|   0|    3|          0|
    |trunc_ln81_124_reg_10211              |    3|   0|    3|          0|
    |trunc_ln81_12_reg_9931                |    3|   0|    3|          0|
    |trunc_ln81_14_reg_9936                |    3|   0|    3|          0|
    |trunc_ln81_16_reg_9941                |    3|   0|    3|          0|
    |trunc_ln81_18_reg_9946                |    3|   0|    3|          0|
    |trunc_ln81_20_reg_9951                |    3|   0|    3|          0|
    |trunc_ln81_22_reg_9956                |    3|   0|    3|          0|
    |trunc_ln81_24_reg_9961                |    3|   0|    3|          0|
    |trunc_ln81_26_reg_9966                |    3|   0|    3|          0|
    |trunc_ln81_28_reg_9971                |    3|   0|    3|          0|
    |trunc_ln81_2_reg_9906                 |    3|   0|    3|          0|
    |trunc_ln81_30_reg_9976                |    3|   0|    3|          0|
    |trunc_ln81_32_reg_9981                |    3|   0|    3|          0|
    |trunc_ln81_34_reg_9986                |    3|   0|    3|          0|
    |trunc_ln81_36_reg_9991                |    3|   0|    3|          0|
    |trunc_ln81_38_reg_9996                |    3|   0|    3|          0|
    |trunc_ln81_40_reg_10001               |    3|   0|    3|          0|
    |trunc_ln81_42_reg_10006               |    3|   0|    3|          0|
    |trunc_ln81_44_reg_10011               |    3|   0|    3|          0|
    |trunc_ln81_46_reg_10016               |    3|   0|    3|          0|
    |trunc_ln81_48_reg_10021               |    3|   0|    3|          0|
    |trunc_ln81_4_reg_9911                 |    3|   0|    3|          0|
    |trunc_ln81_50_reg_10026               |    3|   0|    3|          0|
    |trunc_ln81_52_reg_10031               |    3|   0|    3|          0|
    |trunc_ln81_54_reg_10036               |    3|   0|    3|          0|
    |trunc_ln81_56_reg_10041               |    3|   0|    3|          0|
    |trunc_ln81_58_reg_10046               |    3|   0|    3|          0|
    |trunc_ln81_60_reg_10051               |    3|   0|    3|          0|
    |trunc_ln81_62_reg_10056               |    3|   0|    3|          0|
    |trunc_ln81_64_reg_10061               |    3|   0|    3|          0|
    |trunc_ln81_66_reg_10066               |    3|   0|    3|          0|
    |trunc_ln81_68_reg_10071               |    3|   0|    3|          0|
    |trunc_ln81_6_reg_9916                 |    3|   0|    3|          0|
    |trunc_ln81_70_reg_10076               |    3|   0|    3|          0|
    |trunc_ln81_72_reg_10081               |    3|   0|    3|          0|
    |trunc_ln81_74_reg_10086               |    3|   0|    3|          0|
    |trunc_ln81_76_reg_10091               |    3|   0|    3|          0|
    |trunc_ln81_78_reg_10096               |    3|   0|    3|          0|
    |trunc_ln81_80_reg_10101               |    3|   0|    3|          0|
    |trunc_ln81_82_reg_10106               |    3|   0|    3|          0|
    |trunc_ln81_84_reg_10111               |    3|   0|    3|          0|
    |trunc_ln81_86_reg_10116               |    3|   0|    3|          0|
    |trunc_ln81_88_reg_10121               |    3|   0|    3|          0|
    |trunc_ln81_8_reg_9921                 |    3|   0|    3|          0|
    |trunc_ln81_90_reg_10126               |    3|   0|    3|          0|
    |trunc_ln81_92_reg_10131               |    3|   0|    3|          0|
    |trunc_ln81_94_reg_10136               |    3|   0|    3|          0|
    |trunc_ln81_96_reg_10141               |    3|   0|    3|          0|
    |trunc_ln81_98_reg_10146               |    3|   0|    3|          0|
    |add_ln92_1_reg_14127                  |   64|  32|    7|          0|
    |icmp_ln81_reg_9813                    |   64|  32|    1|          0|
    |icmp_ln98_reg_14142                   |   64|  32|    1|          0|
    |mul_100_reg_12937                     |   64|  32|   32|          0|
    |mul_101_reg_13052                     |   64|  32|   32|          0|
    |mul_102_reg_13057                     |   64|  32|   32|          0|
    |mul_103_reg_13172                     |   64|  32|   32|          0|
    |mul_104_reg_13177                     |   64|  32|   32|          0|
    |mul_105_reg_13292                     |   64|  32|   32|          0|
    |mul_106_reg_13297                     |   64|  32|   32|          0|
    |mul_107_reg_13412                     |   64|  32|   32|          0|
    |mul_108_reg_13417                     |   64|  32|   32|          0|
    |mul_109_reg_13532                     |   64|  32|   32|          0|
    |mul_110_reg_13537                     |   64|  32|   32|          0|
    |mul_111_reg_13652                     |   64|  32|   32|          0|
    |mul_112_reg_13657                     |   64|  32|   32|          0|
    |mul_113_reg_13772                     |   64|  32|   32|          0|
    |mul_114_reg_13777                     |   64|  32|   32|          0|
    |mul_115_reg_13892                     |   64|  32|   32|          0|
    |mul_116_reg_13897                     |   64|  32|   32|          0|
    |mul_117_reg_13937                     |   64|  32|   32|          0|
    |mul_118_reg_13942                     |   64|  32|   32|          0|
    |mul_119_reg_13977                     |   64|  32|   32|          0|
    |mul_120_reg_13982                     |   64|  32|   32|          0|
    |mul_121_reg_14017                     |   64|  32|   32|          0|
    |mul_122_reg_14022                     |   64|  32|   32|          0|
    |mul_123_reg_14057                     |   64|  32|   32|          0|
    |mul_124_reg_14062                     |   64|  32|   32|          0|
    |mul_125_reg_14097                     |   64|  32|   32|          0|
    |mul_126_reg_14102                     |   64|  32|   32|          0|
    |mul_127_reg_10782                     |   64|  32|   32|          0|
    |mul_128_reg_10787                     |   64|  32|   32|          0|
    |mul_129_reg_10902                     |   64|  32|   32|          0|
    |mul_130_reg_10907                     |   64|  32|   32|          0|
    |mul_131_reg_11022                     |   64|  32|   32|          0|
    |mul_132_reg_11027                     |   64|  32|   32|          0|
    |mul_133_reg_11142                     |   64|  32|   32|          0|
    |mul_134_reg_11147                     |   64|  32|   32|          0|
    |mul_135_reg_11262                     |   64|  32|   32|          0|
    |mul_136_reg_11267                     |   64|  32|   32|          0|
    |mul_137_reg_11382                     |   64|  32|   32|          0|
    |mul_138_reg_11387                     |   64|  32|   32|          0|
    |mul_139_reg_11502                     |   64|  32|   32|          0|
    |mul_13_reg_11602                      |   64|  32|   32|          0|
    |mul_140_reg_11507                     |   64|  32|   32|          0|
    |mul_141_reg_11622                     |   64|  32|   32|          0|
    |mul_142_reg_11627                     |   64|  32|   32|          0|
    |mul_143_reg_11742                     |   64|  32|   32|          0|
    |mul_144_reg_11747                     |   64|  32|   32|          0|
    |mul_145_reg_11862                     |   64|  32|   32|          0|
    |mul_146_reg_11867                     |   64|  32|   32|          0|
    |mul_147_reg_11982                     |   64|  32|   32|          0|
    |mul_148_reg_11987                     |   64|  32|   32|          0|
    |mul_149_reg_12102                     |   64|  32|   32|          0|
    |mul_14_reg_11607                      |   64|  32|   32|          0|
    |mul_150_reg_12107                     |   64|  32|   32|          0|
    |mul_151_reg_12222                     |   64|  32|   32|          0|
    |mul_152_reg_12227                     |   64|  32|   32|          0|
    |mul_153_reg_12342                     |   64|  32|   32|          0|
    |mul_154_reg_12347                     |   64|  32|   32|          0|
    |mul_155_reg_12462                     |   64|  32|   32|          0|
    |mul_156_reg_12467                     |   64|  32|   32|          0|
    |mul_157_reg_12582                     |   64|  32|   32|          0|
    |mul_158_reg_12587                     |   64|  32|   32|          0|
    |mul_159_reg_12702                     |   64|  32|   32|          0|
    |mul_15_reg_11722                      |   64|  32|   32|          0|
    |mul_160_reg_12707                     |   64|  32|   32|          0|
    |mul_161_reg_12822                     |   64|  32|   32|          0|
    |mul_162_reg_12827                     |   64|  32|   32|          0|
    |mul_163_reg_12942                     |   64|  32|   32|          0|
    |mul_164_reg_12947                     |   64|  32|   32|          0|
    |mul_165_reg_13062                     |   64|  32|   32|          0|
    |mul_166_reg_13067                     |   64|  32|   32|          0|
    |mul_167_reg_13182                     |   64|  32|   32|          0|
    |mul_168_reg_13187                     |   64|  32|   32|          0|
    |mul_169_reg_13302                     |   64|  32|   32|          0|
    |mul_16_reg_11727                      |   64|  32|   32|          0|
    |mul_170_reg_13307                     |   64|  32|   32|          0|
    |mul_171_reg_13422                     |   64|  32|   32|          0|
    |mul_172_reg_13427                     |   64|  32|   32|          0|
    |mul_173_reg_13542                     |   64|  32|   32|          0|
    |mul_174_reg_13547                     |   64|  32|   32|          0|
    |mul_175_reg_13662                     |   64|  32|   32|          0|
    |mul_176_reg_13667                     |   64|  32|   32|          0|
    |mul_177_reg_13782                     |   64|  32|   32|          0|
    |mul_178_reg_13787                     |   64|  32|   32|          0|
    |mul_179_reg_13902                     |   64|  32|   32|          0|
    |mul_17_reg_11842                      |   64|  32|   32|          0|
    |mul_180_reg_13907                     |   64|  32|   32|          0|
    |mul_181_reg_13947                     |   64|  32|   32|          0|
    |mul_182_reg_13952                     |   64|  32|   32|          0|
    |mul_183_reg_13987                     |   64|  32|   32|          0|
    |mul_184_reg_13992                     |   64|  32|   32|          0|
    |mul_185_reg_14027                     |   64|  32|   32|          0|
    |mul_186_reg_14032                     |   64|  32|   32|          0|
    |mul_187_reg_14067                     |   64|  32|   32|          0|
    |mul_188_reg_14072                     |   64|  32|   32|          0|
    |mul_189_reg_14107                     |   64|  32|   32|          0|
    |mul_18_reg_11847                      |   64|  32|   32|          0|
    |mul_190_reg_14112                     |   64|  32|   32|          0|
    |mul_191_reg_10792                     |   64|  32|   32|          0|
    |mul_192_reg_10797                     |   64|  32|   32|          0|
    |mul_193_reg_10912                     |   64|  32|   32|          0|
    |mul_194_reg_10917                     |   64|  32|   32|          0|
    |mul_195_reg_11032                     |   64|  32|   32|          0|
    |mul_196_reg_11037                     |   64|  32|   32|          0|
    |mul_197_reg_11152                     |   64|  32|   32|          0|
    |mul_198_reg_11157                     |   64|  32|   32|          0|
    |mul_199_reg_11272                     |   64|  32|   32|          0|
    |mul_19_reg_11962                      |   64|  32|   32|          0|
    |mul_200_reg_11277                     |   64|  32|   32|          0|
    |mul_201_reg_11392                     |   64|  32|   32|          0|
    |mul_202_reg_11397                     |   64|  32|   32|          0|
    |mul_203_reg_11512                     |   64|  32|   32|          0|
    |mul_204_reg_11517                     |   64|  32|   32|          0|
    |mul_205_reg_11632                     |   64|  32|   32|          0|
    |mul_206_reg_11637                     |   64|  32|   32|          0|
    |mul_207_reg_11752                     |   64|  32|   32|          0|
    |mul_208_reg_11757                     |   64|  32|   32|          0|
    |mul_209_reg_11872                     |   64|  32|   32|          0|
    |mul_20_reg_11967                      |   64|  32|   32|          0|
    |mul_210_reg_11877                     |   64|  32|   32|          0|
    |mul_211_reg_11992                     |   64|  32|   32|          0|
    |mul_212_reg_11997                     |   64|  32|   32|          0|
    |mul_213_reg_12112                     |   64|  32|   32|          0|
    |mul_214_reg_12117                     |   64|  32|   32|          0|
    |mul_215_reg_12232                     |   64|  32|   32|          0|
    |mul_216_reg_12237                     |   64|  32|   32|          0|
    |mul_217_reg_12352                     |   64|  32|   32|          0|
    |mul_218_reg_12357                     |   64|  32|   32|          0|
    |mul_219_reg_12472                     |   64|  32|   32|          0|
    |mul_21_reg_12082                      |   64|  32|   32|          0|
    |mul_220_reg_12477                     |   64|  32|   32|          0|
    |mul_221_reg_12592                     |   64|  32|   32|          0|
    |mul_222_reg_12597                     |   64|  32|   32|          0|
    |mul_223_reg_12712                     |   64|  32|   32|          0|
    |mul_224_reg_12717                     |   64|  32|   32|          0|
    |mul_225_reg_12832                     |   64|  32|   32|          0|
    |mul_226_reg_12837                     |   64|  32|   32|          0|
    |mul_227_reg_12952                     |   64|  32|   32|          0|
    |mul_228_reg_12957                     |   64|  32|   32|          0|
    |mul_229_reg_13072                     |   64|  32|   32|          0|
    |mul_22_reg_12087                      |   64|  32|   32|          0|
    |mul_230_reg_13077                     |   64|  32|   32|          0|
    |mul_231_reg_13192                     |   64|  32|   32|          0|
    |mul_232_reg_13197                     |   64|  32|   32|          0|
    |mul_233_reg_13312                     |   64|  32|   32|          0|
    |mul_234_reg_13317                     |   64|  32|   32|          0|
    |mul_235_reg_13432                     |   64|  32|   32|          0|
    |mul_236_reg_13437                     |   64|  32|   32|          0|
    |mul_237_reg_13552                     |   64|  32|   32|          0|
    |mul_238_reg_13557                     |   64|  32|   32|          0|
    |mul_239_reg_13672                     |   64|  32|   32|          0|
    |mul_23_reg_12202                      |   64|  32|   32|          0|
    |mul_240_reg_13677                     |   64|  32|   32|          0|
    |mul_241_reg_13792                     |   64|  32|   32|          0|
    |mul_242_reg_13797                     |   64|  32|   32|          0|
    |mul_243_reg_13912                     |   64|  32|   32|          0|
    |mul_244_reg_13917                     |   64|  32|   32|          0|
    |mul_245_reg_13957                     |   64|  32|   32|          0|
    |mul_246_reg_13962                     |   64|  32|   32|          0|
    |mul_247_reg_13997                     |   64|  32|   32|          0|
    |mul_248_reg_14002                     |   64|  32|   32|          0|
    |mul_249_reg_14037                     |   64|  32|   32|          0|
    |mul_24_reg_12207                      |   64|  32|   32|          0|
    |mul_250_reg_14042                     |   64|  32|   32|          0|
    |mul_251_reg_14077                     |   64|  32|   32|          0|
    |mul_252_reg_14082                     |   64|  32|   32|          0|
    |mul_253_reg_14117                     |   64|  32|   32|          0|
    |mul_254_reg_14122                     |   64|  32|   32|          0|
    |mul_25_reg_12322                      |   64|  32|   32|          0|
    |mul_26_reg_12327                      |   64|  32|   32|          0|
    |mul_27_reg_12442                      |   64|  32|   32|          0|
    |mul_28_reg_12447                      |   64|  32|   32|          0|
    |mul_29_reg_12562                      |   64|  32|   32|          0|
    |mul_30_reg_12567                      |   64|  32|   32|          0|
    |mul_31_reg_12682                      |   64|  32|   32|          0|
    |mul_32_reg_12687                      |   64|  32|   32|          0|
    |mul_33_reg_12802                      |   64|  32|   32|          0|
    |mul_34_reg_12807                      |   64|  32|   32|          0|
    |mul_35_reg_12922                      |   64|  32|   32|          0|
    |mul_36_reg_12927                      |   64|  32|   32|          0|
    |mul_37_reg_13042                      |   64|  32|   32|          0|
    |mul_38_reg_13047                      |   64|  32|   32|          0|
    |mul_39_reg_13162                      |   64|  32|   32|          0|
    |mul_40_reg_13167                      |   64|  32|   32|          0|
    |mul_41_reg_13282                      |   64|  32|   32|          0|
    |mul_42_reg_13287                      |   64|  32|   32|          0|
    |mul_43_reg_13402                      |   64|  32|   32|          0|
    |mul_44_reg_13407                      |   64|  32|   32|          0|
    |mul_45_reg_13522                      |   64|  32|   32|          0|
    |mul_46_reg_13527                      |   64|  32|   32|          0|
    |mul_47_reg_13642                      |   64|  32|   32|          0|
    |mul_48_reg_13647                      |   64|  32|   32|          0|
    |mul_49_reg_13762                      |   64|  32|   32|          0|
    |mul_50_reg_13767                      |   64|  32|   32|          0|
    |mul_51_reg_13882                      |   64|  32|   32|          0|
    |mul_52_reg_13887                      |   64|  32|   32|          0|
    |mul_53_reg_13927                      |   64|  32|   32|          0|
    |mul_54_reg_13932                      |   64|  32|   32|          0|
    |mul_55_reg_13967                      |   64|  32|   32|          0|
    |mul_56_reg_13972                      |   64|  32|   32|          0|
    |mul_57_reg_14007                      |   64|  32|   32|          0|
    |mul_58_reg_14012                      |   64|  32|   32|          0|
    |mul_59_reg_14047                      |   64|  32|   32|          0|
    |mul_60_reg_14052                      |   64|  32|   32|          0|
    |mul_61_reg_14087                      |   64|  32|   32|          0|
    |mul_62_reg_14092                      |   64|  32|   32|          0|
    |mul_63_reg_10772                      |   64|  32|   32|          0|
    |mul_64_reg_10777                      |   64|  32|   32|          0|
    |mul_65_reg_10892                      |   64|  32|   32|          0|
    |mul_66_reg_10897                      |   64|  32|   32|          0|
    |mul_67_reg_11012                      |   64|  32|   32|          0|
    |mul_68_reg_11017                      |   64|  32|   32|          0|
    |mul_69_reg_11132                      |   64|  32|   32|          0|
    |mul_70_reg_11137                      |   64|  32|   32|          0|
    |mul_71_reg_11252                      |   64|  32|   32|          0|
    |mul_72_reg_11257                      |   64|  32|   32|          0|
    |mul_73_reg_11372                      |   64|  32|   32|          0|
    |mul_74_reg_11377                      |   64|  32|   32|          0|
    |mul_75_reg_11492                      |   64|  32|   32|          0|
    |mul_76_reg_11497                      |   64|  32|   32|          0|
    |mul_77_reg_11612                      |   64|  32|   32|          0|
    |mul_78_reg_11617                      |   64|  32|   32|          0|
    |mul_79_reg_11732                      |   64|  32|   32|          0|
    |mul_80_reg_11737                      |   64|  32|   32|          0|
    |mul_81_reg_11852                      |   64|  32|   32|          0|
    |mul_82_reg_11857                      |   64|  32|   32|          0|
    |mul_83_reg_11972                      |   64|  32|   32|          0|
    |mul_84_reg_11977                      |   64|  32|   32|          0|
    |mul_85_reg_12092                      |   64|  32|   32|          0|
    |mul_86_reg_12097                      |   64|  32|   32|          0|
    |mul_87_reg_12212                      |   64|  32|   32|          0|
    |mul_88_reg_12217                      |   64|  32|   32|          0|
    |mul_89_reg_12332                      |   64|  32|   32|          0|
    |mul_90_reg_12337                      |   64|  32|   32|          0|
    |mul_91_reg_12452                      |   64|  32|   32|          0|
    |mul_92_reg_12457                      |   64|  32|   32|          0|
    |mul_93_reg_12572                      |   64|  32|   32|          0|
    |mul_94_reg_12577                      |   64|  32|   32|          0|
    |mul_95_reg_12692                      |   64|  32|   32|          0|
    |mul_96_reg_12697                      |   64|  32|   32|          0|
    |mul_97_reg_12812                      |   64|  32|   32|          0|
    |mul_98_reg_12817                      |   64|  32|   32|          0|
    |mul_99_reg_12932                      |   64|  32|   32|          0|
    +--------------------------------------+-----+----+-----+-----------+
    |Total                                 |28202|7840|20281|          6|
    +--------------------------------------+-----+----+-----+-----------+



================================================================
== Interface
================================================================
* Summary: 
+---------------------------+-----+-----+------------+--------------+--------------+
|         RTL Ports         | Dir | Bits|  Protocol  | Source Object|    C Type    |
+---------------------------+-----+-----+------------+--------------+--------------+
|s_axi_CONTROL_BUS_AWVALID  |   in|    1|       s_axi|   CONTROL_BUS|   return void|
|s_axi_CONTROL_BUS_AWREADY  |  out|    1|       s_axi|   CONTROL_BUS|   return void|
|s_axi_CONTROL_BUS_AWADDR   |   in|    4|       s_axi|   CONTROL_BUS|   return void|
|s_axi_CONTROL_BUS_WVALID   |   in|    1|       s_axi|   CONTROL_BUS|   return void|
|s_axi_CONTROL_BUS_WREADY   |  out|    1|       s_axi|   CONTROL_BUS|   return void|
|s_axi_CONTROL_BUS_WDATA    |   in|   32|       s_axi|   CONTROL_BUS|   return void|
|s_axi_CONTROL_BUS_WSTRB    |   in|    4|       s_axi|   CONTROL_BUS|   return void|
|s_axi_CONTROL_BUS_ARVALID  |   in|    1|       s_axi|   CONTROL_BUS|   return void|
|s_axi_CONTROL_BUS_ARREADY  |  out|    1|       s_axi|   CONTROL_BUS|   return void|
|s_axi_CONTROL_BUS_ARADDR   |   in|    4|       s_axi|   CONTROL_BUS|   return void|
|s_axi_CONTROL_BUS_RVALID   |  out|    1|       s_axi|   CONTROL_BUS|   return void|
|s_axi_CONTROL_BUS_RREADY   |   in|    1|       s_axi|   CONTROL_BUS|   return void|
|s_axi_CONTROL_BUS_RDATA    |  out|   32|       s_axi|   CONTROL_BUS|   return void|
|s_axi_CONTROL_BUS_RRESP    |  out|    2|       s_axi|   CONTROL_BUS|   return void|
|s_axi_CONTROL_BUS_BVALID   |  out|    1|       s_axi|   CONTROL_BUS|   return void|
|s_axi_CONTROL_BUS_BREADY   |   in|    1|       s_axi|   CONTROL_BUS|   return void|
|s_axi_CONTROL_BUS_BRESP    |  out|    2|       s_axi|   CONTROL_BUS|   return void|
|ap_clk                     |   in|    1|  ap_ctrl_hs|      mmult_hw|  return value|
|ap_rst_n                   |   in|    1|  ap_ctrl_hs|      mmult_hw|  return value|
|interrupt                  |  out|    1|  ap_ctrl_hs|      mmult_hw|  return value|
|in_stream_TDATA            |   in|   64|        axis|     in_stream|       pointer|
|in_stream_TVALID           |   in|    1|        axis|     in_stream|       pointer|
|in_stream_TREADY           |  out|    1|        axis|     in_stream|       pointer|
|out_stream_TDATA           |  out|  128|        axis|    out_stream|       pointer|
|out_stream_TVALID          |  out|    1|        axis|    out_stream|       pointer|
|out_stream_TREADY          |   in|    1|        axis|    out_stream|       pointer|
+---------------------------+-----+-----+------------+--------------+--------------+

